Archive member included to satisfy reference by file (symbol)

C:/Program Files (x86)/Arm GNU Toolchain arm-none-eabi/13.2 Rel1/bin/../lib/gcc/arm-none-eabi/13.2.1/thumb/v7+fp/hard\libgcc.a(_aeabi_ldivmod.o)
                              ./rzt/fsp/src/bsp/mcu/all/bsp_delay.o (__aeabi_ldivmod)
C:/Program Files (x86)/Arm GNU Toolchain arm-none-eabi/13.2 Rel1/bin/../lib/gcc/arm-none-eabi/13.2.1/thumb/v7+fp/hard\libgcc.a(_aeabi_uldivmod.o)
                              ./rzt/fsp/src/bsp/mcu/all/bsp_delay.o (__aeabi_uldivmod)
C:/Program Files (x86)/Arm GNU Toolchain arm-none-eabi/13.2 Rel1/bin/../lib/gcc/arm-none-eabi/13.2.1/thumb/v7+fp/hard\libgcc.a(_udivmoddi4.o)
                              C:/Program Files (x86)/Arm GNU Toolchain arm-none-eabi/13.2 Rel1/bin/../lib/gcc/arm-none-eabi/13.2.1/thumb/v7+fp/hard\libgcc.a(_aeabi_ldivmod.o) (__udivmoddi4)
C:/Program Files (x86)/Arm GNU Toolchain arm-none-eabi/13.2 Rel1/bin/../lib/gcc/arm-none-eabi/13.2.1/thumb/v7+fp/hard\libgcc.a(_dvmd_tls.o)
                              C:/Program Files (x86)/Arm GNU Toolchain arm-none-eabi/13.2 Rel1/bin/../lib/gcc/arm-none-eabi/13.2.1/thumb/v7+fp/hard\libgcc.a(_aeabi_ldivmod.o) (__aeabi_ldiv0)
C:/Program Files (x86)/Arm GNU Toolchain arm-none-eabi/13.2 Rel1/bin/../lib/gcc/arm-none-eabi/13.2.1/thumb/v7+fp/hard\libg_nano.a(libc_a-assert.o)
                              ./src/hal_entry.o (__assert_func)
C:/Program Files (x86)/Arm GNU Toolchain arm-none-eabi/13.2 Rel1/bin/../lib/gcc/arm-none-eabi/13.2.1/thumb/v7+fp/hard\libg_nano.a(libc_a-malloc.o)
                              ./rzt/fsp/src/bsp/mcu/all/bsp_common.o (malloc)
C:/Program Files (x86)/Arm GNU Toolchain arm-none-eabi/13.2 Rel1/bin/../lib/gcc/arm-none-eabi/13.2.1/thumb/v7+fp/hard\libg_nano.a(libc_a-mallocr.o)
                              C:/Program Files (x86)/Arm GNU Toolchain arm-none-eabi/13.2 Rel1/bin/../lib/gcc/arm-none-eabi/13.2.1/thumb/v7+fp/hard\libg_nano.a(libc_a-malloc.o) (_malloc_r)
C:/Program Files (x86)/Arm GNU Toolchain arm-none-eabi/13.2 Rel1/bin/../lib/gcc/arm-none-eabi/13.2.1/thumb/v7+fp/hard\libg_nano.a(libc_a-mlock.o)
                              C:/Program Files (x86)/Arm GNU Toolchain arm-none-eabi/13.2 Rel1/bin/../lib/gcc/arm-none-eabi/13.2.1/thumb/v7+fp/hard\libg_nano.a(libc_a-mallocr.o) (__malloc_lock)
C:/Program Files (x86)/Arm GNU Toolchain arm-none-eabi/13.2 Rel1/bin/../lib/gcc/arm-none-eabi/13.2.1/thumb/v7+fp/hard\libg_nano.a(libc_a-nano-vfprintf_float.o)
                              (_printf_float)
C:/Program Files (x86)/Arm GNU Toolchain arm-none-eabi/13.2 Rel1/bin/../lib/gcc/arm-none-eabi/13.2.1/thumb/v7+fp/hard\libg_nano.a(libc_a-nano-vfprintf_i.o)
                              C:/Program Files (x86)/Arm GNU Toolchain arm-none-eabi/13.2 Rel1/bin/../lib/gcc/arm-none-eabi/13.2.1/thumb/v7+fp/hard\libg_nano.a(libc_a-nano-vfprintf_float.o) (_printf_common)
C:/Program Files (x86)/Arm GNU Toolchain arm-none-eabi/13.2 Rel1/bin/../lib/gcc/arm-none-eabi/13.2.1/thumb/v7+fp/hard\libg_nano.a(libc_a-nano-vfscanf_float.o)
                              (_scanf_float)
C:/Program Files (x86)/Arm GNU Toolchain arm-none-eabi/13.2 Rel1/bin/../lib/gcc/arm-none-eabi/13.2.1/thumb/v7+fp/hard\libg_nano.a(libc_a-fprintf.o)
                              C:/Program Files (x86)/Arm GNU Toolchain arm-none-eabi/13.2 Rel1/bin/../lib/gcc/arm-none-eabi/13.2.1/thumb/v7+fp/hard\libg_nano.a(libc_a-assert.o) (fiprintf)
C:/Program Files (x86)/Arm GNU Toolchain arm-none-eabi/13.2 Rel1/bin/../lib/gcc/arm-none-eabi/13.2.1/thumb/v7+fp/hard\libg_nano.a(libc_a-sprintf.o)
                              ./src/hal_entry.o (sprintf)
C:/Program Files (x86)/Arm GNU Toolchain arm-none-eabi/13.2 Rel1/bin/../lib/gcc/arm-none-eabi/13.2.1/thumb/v7+fp/hard\libg_nano.a(libc_a-memset.o)
                              ./src/hal_entry.o (memset)
C:/Program Files (x86)/Arm GNU Toolchain arm-none-eabi/13.2 Rel1/bin/../lib/gcc/arm-none-eabi/13.2.1/thumb/v7+fp/hard\libg_nano.a(libc_a-strcat.o)
                              ./src/hal_entry.o (strcat)
C:/Program Files (x86)/Arm GNU Toolchain arm-none-eabi/13.2 Rel1/bin/../lib/gcc/arm-none-eabi/13.2.1/thumb/v7+fp/hard\libg_nano.a(libc_a-clock.o)
                              ./coremark/core_portme.o (clock)
C:/Program Files (x86)/Arm GNU Toolchain arm-none-eabi/13.2 Rel1/bin/../lib/gcc/arm-none-eabi/13.2.1/thumb/v7+fp/hard\libg_nano.a(libc_a-localeconv.o)
                              C:/Program Files (x86)/Arm GNU Toolchain arm-none-eabi/13.2 Rel1/bin/../lib/gcc/arm-none-eabi/13.2.1/thumb/v7+fp/hard\libg_nano.a(libc_a-nano-vfprintf_float.o) (_localeconv_r)
C:/Program Files (x86)/Arm GNU Toolchain arm-none-eabi/13.2 Rel1/bin/../lib/gcc/arm-none-eabi/13.2.1/thumb/v7+fp/hard\libg_nano.a(libc_a-impure.o)
                              C:/Program Files (x86)/Arm GNU Toolchain arm-none-eabi/13.2 Rel1/bin/../lib/gcc/arm-none-eabi/13.2.1/thumb/v7+fp/hard\libg_nano.a(libc_a-assert.o) (_impure_ptr)
[...]
Memory Configuration

Name             Origin             Length             Attributes
ATCM             0x00000000         0x00000000
BTCM             0x00000000         0x00000000
SYSTEM_RAM       0x10000000         0x00200000
SYSTEM_RAM_MIRROR 0x30000000         0x00200000
xSPI0_CS0_SPACE_MIRROR 0x40000000         0x04000000
xSPI0_CS1_SPACE_MIRROR 0x44000000         0x04000000
xSPI1_CS0_SPACE_MIRROR 0x48000000         0x04000000
xSPI1_CS1_SPACE_MIRROR 0x4c000000         0x04000000
CS0_SPACE_MIRROR 0x50000000         0x04000000
CS2_SPACE_MIRROR 0x54000000         0x04000000
CS3_SPACE_MIRROR 0x58000000         0x04000000
CS5_SPACE_MIRROR 0x5c000000         0x04000000
xSPI0_CS0_SPACE  0x60020000         0x03fe0000
xSPI0_CS1_SPACE  0x64000000         0x04000000
xSPI1_CS0_SPACE  0x68000000         0x04000000
xSPI1_CS1_SPACE  0x6c000000         0x04000000
CS0_SPACE        0x70000000         0x04000000
CS2_SPACE        0x74000000         0x04000000
CS3_SPACE        0x78000000         0x04000000
CS5_SPACE        0x7c000000         0x04000000
RAM_TEXT         0x10000000         0x00200000
RAM_DATA         0x10000000         0x00200000
LOADER_TEXT_STACK 0x10000000         0x00200000
LOADER_DATA_STACK 0x10000000         0x00200000
FLASH_CONTENTS   0x10000000         0x00200000
NONCACHE         0x30000000         0x00200000
*default*        0x00000000         0xffffffff

Linker script and memory map

START GROUP
LOAD ./src/hal_entry.o
LOAD ./rzt_gen/common_data.o
LOAD ./rzt_gen/hal_data.o
LOAD ./rzt_gen/main.o
LOAD ./rzt_gen/pin_data.o
LOAD ./rzt_gen/vector_data.o
LOAD ./rzt/fsp/src/r_shared_memory/r_shared_memory.o
LOAD ./rzt/fsp/src/r_ioport/r_ioport.o
LOAD ./rzt/fsp/src/r_icu_inter_cpu_irq/r_icu_inter_cpu_irq.o
LOAD ./rzt/fsp/src/r_cmtw/r_cmtw.o
LOAD ./rzt/fsp/src/bsp/mcu/rzt2m/bsp_irq_sense.o
LOAD ./rzt/fsp/src/bsp/mcu/rzt2m/bsp_loader_param.o
LOAD ./rzt/fsp/src/bsp/mcu/all/cr/bsp_cache_core.o
LOAD ./rzt/fsp/src/bsp/mcu/all/cr/bsp_delay_core.o
LOAD ./rzt/fsp/src/bsp/mcu/all/cr/bsp_irq_core.o
LOAD ./rzt/fsp/src/bsp/mcu/all/bsp_address_expander.o
LOAD ./rzt/fsp/src/bsp/mcu/all/bsp_cache.o
LOAD ./rzt/fsp/src/bsp/mcu/all/bsp_clocks.o
LOAD ./rzt/fsp/src/bsp/mcu/all/bsp_common.o
LOAD ./rzt/fsp/src/bsp/mcu/all/bsp_ddr.o
LOAD ./rzt/fsp/src/bsp/mcu/all/bsp_ddr_fw_param.o
LOAD ./rzt/fsp/src/bsp/mcu/all/bsp_delay.o
LOAD ./rzt/fsp/src/bsp/mcu/all/bsp_io.o
LOAD ./rzt/fsp/src/bsp/mcu/all/bsp_irq.o
LOAD ./rzt/fsp/src/bsp/mcu/all/bsp_register_protection.o
LOAD ./rzt/fsp/src/bsp/mcu/all/bsp_reset.o
LOAD ./rzt/fsp/src/bsp/mcu/all/bsp_sbrk.o
LOAD ./rzt/fsp/src/bsp/mcu/all/bsp_semaphore.o
LOAD ./rzt/fsp/src/bsp/mcu/all/bsp_slave_stop.o
LOAD ./rzt/fsp/src/bsp/mcu/all/bsp_tzc400.o
LOAD ./rzt/fsp/src/bsp/cmsis/Device/RENESAS/Source/cr/startup_core.o
LOAD ./rzt/fsp/src/bsp/cmsis/Device/RENESAS/Source/cr/system_core.o
LOAD ./rzt/fsp/src/bsp/cmsis/Device/RENESAS/Source/startup.o
LOAD ./rzt/fsp/src/bsp/cmsis/Device/RENESAS/Source/system.o
LOAD ./rzt/board/rzt2m_rsk/board_init.o
LOAD ./rzt/board/rzt2m_rsk/board_leds.o
LOAD ./coremark/core_list_join.o
LOAD ./coremark/core_main.o
LOAD ./coremark/core_matrix.o
LOAD ./coremark/core_portme.o
LOAD ./coremark/core_state.o
LOAD ./coremark/core_util.o
END GROUP
START GROUP
END GROUP
START GROUP
LOAD C:/Program Files (x86)/Arm GNU Toolchain arm-none-eabi/13.2 Rel1/bin/../lib/gcc/arm-none-eabi/13.2.1/thumb/v7+fp/hard\libgcc.a
LOAD C:/Program Files (x86)/Arm GNU Toolchain arm-none-eabi/13.2 Rel1/bin/../lib/gcc/arm-none-eabi/13.2.1/thumb/v7+fp/hard\libg_nano.a
LOAD C:/Program Files (x86)/Arm GNU Toolchain arm-none-eabi/13.2 Rel1/bin/../lib/gcc/arm-none-eabi/13.2.1/thumb/v7+fp/hard\libc_nano.a
END GROUP
START GROUP
LOAD C:/Program Files (x86)/Arm GNU Toolchain arm-none-eabi/13.2 Rel1/bin/../lib/gcc/arm-none-eabi/13.2.1/thumb/v7+fp/hard\libgcc.a
LOAD C:/Program Files (x86)/Arm GNU Toolchain arm-none-eabi/13.2 Rel1/bin/../lib/gcc/arm-none-eabi/13.2.1/thumb/v7+fp/hard\libc_nano.a
LOAD C:/Program Files (x86)/Arm GNU Toolchain arm-none-eabi/13.2 Rel1/bin/../lib/gcc/arm-none-eabi/13.2.1/thumb/v7+fp/hard\libnosys.a
END GROUP
START GROUP
LOAD C:/Program Files (x86)/Arm GNU Toolchain arm-none-eabi/13.2 Rel1/bin/../lib/gcc/arm-none-eabi/13.2.1/thumb/v7+fp/hard\libgcc.a
LOAD C:/Program Files (x86)/Arm GNU Toolchain arm-none-eabi/13.2 Rel1/bin/../lib/gcc/arm-none-eabi/13.2.1/thumb/v7+fp/hard\libc_nano.a
LOAD C:/Program Files (x86)/Arm GNU Toolchain arm-none-eabi/13.2 Rel1/bin/../lib/gcc/arm-none-eabi/13.2.1/thumb/v7+fp/hard\libnosys.a
END GROUP
                0x10000000                        SYSTEM_RAM_START = 0x10000000
                0x00200000                        SYSTEM_RAM_LENGTH = 0x200000
                0x30000000                        SYSTEM_RAM_MIRROR_START = 0x30000000
                0x00200000                        SYSTEM_RAM_MIRROR_LENGTH = 0x200000
                0x40000000                        xSPI0_CS0_SPACE_MIRROR_START = 0x40000000
                0x04000000                        xSPI0_CS0_SPACE_MIRROR_LENGTH = 0x4000000
                0x44000000                        xSPI0_CS1_SPACE_MIRROR_START = 0x44000000
                0x04000000                        xSPI0_CS1_SPACE_MIRROR_LENGTH = 0x4000000
                0x48000000                        xSPI1_CS0_SPACE_MIRROR_START = 0x48000000
                0x04000000                        xSPI1_CS0_SPACE_MIRROR_LENGTH = 0x4000000
                0x4c000000                        xSPI1_CS1_SPACE_MIRROR_START = 0x4c000000
                0x04000000                        xSPI1_CS1_SPACE_MIRROR_LENGTH = 0x4000000
                0x50000000                        CS0_SPACE_MIRROR_START = 0x50000000
                0x04000000                        CS0_SPACE_MIRROR_LENGTH = 0x4000000
                0x54000000                        CS2_SPACE_MIRROR_START = 0x54000000
                0x04000000                        CS2_SPACE_MIRROR_LENGTH = 0x4000000
                0x58000000                        CS3_SPACE_MIRROR_START = 0x58000000
                0x04000000                        CS3_SPACE_MIRROR_LENGTH = 0x4000000
                0x5c000000                        CS5_SPACE_MIRROR_START = 0x5c000000
                0x04000000                        CS5_SPACE_MIRROR_LENGTH = 0x4000000
                0x6000bdf4                        xSPI0_CS0_SPACE_START = 0x6000bdf4
                0x03ff420c                        xSPI0_CS0_SPACE_LENGTH = 0x3ff420c
                0x64000000                        xSPI0_CS1_SPACE_START = 0x64000000
                0x04000000                        xSPI0_CS1_SPACE_LENGTH = 0x4000000
                0x68000000                        xSPI1_CS0_SPACE_START = 0x68000000
                0x04000000                        xSPI1_CS0_SPACE_LENGTH = 0x4000000
                0x6c000000                        xSPI1_CS1_SPACE_START = 0x6c000000
                0x04000000                        xSPI1_CS1_SPACE_LENGTH = 0x4000000
                0x70000000                        CS0_SPACE_START = 0x70000000
                0x04000000                        CS0_SPACE_LENGTH = 0x4000000
                0x74000000                        CS2_SPACE_START = 0x74000000
                0x04000000                        CS2_SPACE_LENGTH = 0x4000000
                0x78000000                        CS3_SPACE_START = 0x78000000
                0x04000000                        CS3_SPACE_LENGTH = 0x4000000
                0x7c000000                        CS5_SPACE_START = 0x7c000000
                0x04000000                        CS5_SPACE_LENGTH = 0x4000000
                0x00000001                        CR52_1 = 0x1
                0x00000000                        ATCM_PRV_START = DEFINED (ATCM_START)?ATCM_START:0x0
                0x00000000                        ATCM_PRV_LENGTH = DEFINED (ATCM_LENGTH)?ATCM_LENGTH:0x0
                0x00000000                        BTCM_PRV_START = DEFINED (BTCM_START)?BTCM_START:0x0
                0x00000000                        BTCM_PRV_LENGTH = DEFINED (BTCM_LENGTH)?BTCM_LENGTH:0x0
                0x10000000                        SYSTEM_RAM_PRV_START = DEFINED (SYSTEM_RAM_START)?SYSTEM_RAM_START:0x0
                0x00200000                        SYSTEM_RAM_PRV_LENGTH = DEFINED (SYSTEM_RAM_LENGTH)?SYSTEM_RAM_LENGTH:0x0
                0x30000000                        SYSTEM_RAM_MIRROR_PRV_START = DEFINED (SYSTEM_RAM_MIRROR_START)?SYSTEM_RAM_MIRROR_START:0x0
                0x00200000                        SYSTEM_RAM_MIRROR_PRV_LENGTH = DEFINED (SYSTEM_RAM_MIRROR_LENGTH)?SYSTEM_RAM_MIRROR_LENGTH:0x0
                0x40000000                        xSPI0_CS0_SPACE_MIRROR_PRV_START = DEFINED (xSPI0_CS0_SPACE_MIRROR_START)?xSPI0_CS0_SPACE_MIRROR_START:0x0
                0x04000000                        xSPI0_CS0_SPACE_MIRROR_PRV_LENGTH = DEFINED (xSPI0_CS0_SPACE_MIRROR_LENGTH)?xSPI0_CS0_SPACE_MIRROR_LENGTH:0x0
                0x44000000                        xSPI0_CS1_SPACE_MIRROR_PRV_START = DEFINED (xSPI0_CS1_SPACE_MIRROR_START)?xSPI0_CS1_SPACE_MIRROR_START:0x0
                0x04000000                        xSPI0_CS1_SPACE_MIRROR_PRV_LENGTH = DEFINED (xSPI0_CS1_SPACE_MIRROR_LENGTH)?xSPI0_CS1_SPACE_MIRROR_LENGTH:0x0
                0x48000000                        xSPI1_CS0_SPACE_MIRROR_PRV_START = DEFINED (xSPI1_CS0_SPACE_MIRROR_START)?xSPI1_CS0_SPACE_MIRROR_START:0x0
                0x04000000                        xSPI1_CS0_SPACE_MIRROR_PRV_LENGTH = DEFINED (xSPI1_CS0_SPACE_MIRROR_LENGTH)?xSPI1_CS0_SPACE_MIRROR_LENGTH:0x0
                0x4c000000                        xSPI1_CS1_SPACE_MIRROR_PRV_START = DEFINED (xSPI1_CS1_SPACE_MIRROR_START)?xSPI1_CS1_SPACE_MIRROR_START:0x0
                0x04000000                        xSPI1_CS1_SPACE_MIRROR_PRV_LENGTH = DEFINED (xSPI1_CS1_SPACE_MIRROR_LENGTH)?xSPI1_CS1_SPACE_MIRROR_LENGTH:0x0
                0x50000000                        CS0_SPACE_MIRROR_PRV_START = DEFINED (CS0_SPACE_MIRROR_START)?CS0_SPACE_MIRROR_START:0x0
                0x04000000                        CS0_SPACE_MIRROR_PRV_LENGTH = DEFINED (CS0_SPACE_MIRROR_LENGTH)?CS0_SPACE_MIRROR_LENGTH:0x0
                0x54000000                        CS2_SPACE_MIRROR_PRV_START = DEFINED (CS2_SPACE_MIRROR_START)?CS2_SPACE_MIRROR_START:0x0
                0x04000000                        CS2_SPACE_MIRROR_PRV_LENGTH = DEFINED (CS2_SPACE_MIRROR_LENGTH)?CS2_SPACE_MIRROR_LENGTH:0x0
                0x58000000                        CS3_SPACE_MIRROR_PRV_START = DEFINED (CS3_SPACE_MIRROR_START)?CS3_SPACE_MIRROR_START:0x0
                0x04000000                        CS3_SPACE_MIRROR_PRV_LENGTH = DEFINED (CS3_SPACE_MIRROR_LENGTH)?CS3_SPACE_MIRROR_LENGTH:0x0
                0x5c000000                        CS5_SPACE_MIRROR_PRV_START = DEFINED (CS5_SPACE_MIRROR_START)?CS5_SPACE_MIRROR_START:0x0
                0x04000000                        CS5_SPACE_MIRROR_PRV_LENGTH = DEFINED (CS5_SPACE_MIRROR_LENGTH)?CS5_SPACE_MIRROR_LENGTH:0x0
                0x6000bdf4                        xSPI0_CS0_SPACE_PRV_START = DEFINED (xSPI0_CS0_SPACE_START)?xSPI0_CS0_SPACE_START:0x0
                0x03ff420c                        xSPI0_CS0_SPACE_PRV_LENGTH = DEFINED (xSPI0_CS0_SPACE_LENGTH)?xSPI0_CS0_SPACE_LENGTH:0x0
                0x64000000                        xSPI0_CS1_SPACE_PRV_START = DEFINED (xSPI0_CS1_SPACE_START)?xSPI0_CS1_SPACE_START:0x0
                0x04000000                        xSPI0_CS1_SPACE_PRV_LENGTH = DEFINED (xSPI0_CS1_SPACE_LENGTH)?xSPI0_CS1_SPACE_LENGTH:0x0
                0x68000000                        xSPI1_CS0_SPACE_PRV_START = DEFINED (xSPI1_CS0_SPACE_START)?xSPI1_CS0_SPACE_START:0x0
                0x04000000                        xSPI1_CS0_SPACE_PRV_LENGTH = DEFINED (xSPI1_CS0_SPACE_LENGTH)?xSPI1_CS0_SPACE_LENGTH:0x0
                0x6c000000                        xSPI1_CS1_SPACE_PRV_START = DEFINED (xSPI1_CS1_SPACE_START)?xSPI1_CS1_SPACE_START:0x0
                0x04000000                        xSPI1_CS1_SPACE_PRV_LENGTH = DEFINED (xSPI1_CS1_SPACE_LENGTH)?xSPI1_CS1_SPACE_LENGTH:0x0
                0x70000000                        CS0_SPACE_PRV_START = DEFINED (CS0_SPACE_START)?CS0_SPACE_START:0x0
                0x04000000                        CS0_SPACE_PRV_LENGTH = DEFINED (CS0_SPACE_LENGTH)?CS0_SPACE_LENGTH:0x0
                0x74000000                        CS2_SPACE_PRV_START = DEFINED (CS2_SPACE_START)?CS2_SPACE_START:0x0
                0x04000000                        CS2_SPACE_PRV_LENGTH = DEFINED (CS2_SPACE_LENGTH)?CS2_SPACE_LENGTH:0x0
                0x78000000                        CS3_SPACE_PRV_START = DEFINED (CS3_SPACE_START)?CS3_SPACE_START:0x0
                0x04000000                        CS3_SPACE_PRV_LENGTH = DEFINED (CS3_SPACE_LENGTH)?CS3_SPACE_LENGTH:0x0
                0x7c000000                        CS5_SPACE_PRV_START = DEFINED (CS5_SPACE_START)?CS5_SPACE_START:0x0
                0x04000000                        CS5_SPACE_PRV_LENGTH = DEFINED (CS5_SPACE_LENGTH)?CS5_SPACE_LENGTH:0x0
                0x00000002                        _RZT_ORDINAL = ((0x40000000 == xSPI0_CS0_SPACE_PRV_START) || (0x60000000 == xSPI0_CS0_SPACE_PRV_START))?0x1:0x2
                0x00000001                        HAS_SYSTEM_RAM_MIRROR = DEFINED (SYSTEM_RAM_MIRROR_START)?0x1:0x0
                0x10000000                        SYSTEM_RAM_ALIGN_START = ALIGN (SYSTEM_RAM_PRV_START, 0x20000)
                0x00200000                        SYSTEM_RAM_ALIGN_LENGTH = (SYSTEM_RAM_PRV_LENGTH - (SYSTEM_RAM_PRV_LENGTH % 0x20000))
                0x20000000                        SYSTEM_RAM_MIRROR_OFFSET = (0x0 == HAS_SYSTEM_RAM_MIRROR)?(DEFINED (CR52_0) || DEFINED (CR52_1))?0x0:0x200000:0x20000000
                0x60020000                        xSPI0_CS0_SPACE_ALIGN_START = ALIGN (xSPI0_CS0_SPACE_PRV_START, 0x20000)
                0x03fe0000                        xSPI0_CS0_SPACE_ALIGN_LENGTH = (xSPI0_CS0_SPACE_PRV_LENGTH - (xSPI0_CS0_SPACE_PRV_LENGTH % 0x20000))
                0x10000000                        RAM_START = ((0x1 == _RZT_ORDINAL) && DEFINED (CR52_0))?ATCM_PRV_START:SYSTEM_RAM_ALIGN_START
                0x00200000                        RAM_LENGTH = ((0x1 == _RZT_ORDINAL) && DEFINED (CR52_0))?ATCM_PRV_LENGTH:SYSTEM_RAM_ALIGN_LENGTH
                0x10000000                        LOADER_START = ((0x1 == _RZT_ORDINAL) && DEFINED (CR52_0))?BTCM_PRV_START:SYSTEM_RAM_ALIGN_START
                0x00200000                        LOADER_LENGTH = ((0x1 == _RZT_ORDINAL) && DEFINED (CR52_0))?BTCM_PRV_LENGTH:SYSTEM_RAM_ALIGN_LENGTH
                0x10000000                        ROM_START = (0x1 == _RZT_ORDINAL)?xSPI0_CS0_SPACE_ALIGN_START:SYSTEM_RAM_ALIGN_START
                0x00200000                        ROM_LENGTH = (0x1 == _RZT_ORDINAL)?xSPI0_CS0_SPACE_ALIGN_LENGTH:SYSTEM_RAM_ALIGN_LENGTH
                0x10001000                        LOADER_PARAM_ADDRESS = (0x1 == _RZT_ORDINAL)?xSPI0_CS0_SPACE_ALIGN_START:_loader_text_start
                0x0000004c                        FLASH_CONTENTS_OFFSET = (0x0 == HAS_SYSTEM_RAM_MIRROR)?0x50:0x4c
                0x10001000                        FLASH_CONTENTS_ADDRESS = (0x1 == _RZT_ORDINAL)?(LOADER_PARAM_ADDRESS + FLASH_CONTENTS_OFFSET):_loader_text_start
                0x10010000                        NONCACHE_FLASH_CONTENTS_ADDRESS = (0x1 == _RZT_ORDINAL)?flash_contents_end:(RAM_START + 0x10000)
                0x10000000                        INTVEC_ADDRESS = RAM_START
                0x10000800                        IMAGE_INFO_ADDRESS = (RAM_START + 0x800)
                0x10001000                        LOADER_TEXT_ADDRESS = ((0x1 == _RZT_ORDINAL) && DEFINED (CR52_0))?(LOADER_START + 0x2000):(LOADER_START + 0x1000)
                0x10010000                        TEXT_ADDRESS = (0x1 == _RZT_ORDINAL)?DEFINED (CR52_0)?(RAM_START + 0x100):(RAM_START + 0x10000):((0x0 == HAS_SYSTEM_RAM_MIRROR) && (DEFINED (CR52_0) || DEFINED (CR52_1)))?(RAM_START + 0x10000):noncache_flash_contents_end
                0x10001000                        LOADER_TEXT_IMAGE = (0x1 == _RZT_ORDINAL)?_mloader_text:_loader_text_start
                0x10001e00                        LOADER_DATA_IMAGE = (0x1 == _RZT_ORDINAL)?_mloader_data:_loader_data_start
                0x10000000                        INTVEC_IMAGE = (0x1 == _RZT_ORDINAL)?_mfvector:_fvector_start
                0x10010000                        TEXT_IMAGE = (0x1 == _RZT_ORDINAL)?_mtext:_text_start
                0x10017b20                        DATA_IMAGE = (0x1 == _RZT_ORDINAL)?_mdata:_data_start
                0x10040000                        SECONDARY_IMAGE = (0x1 == _RZT_ORDINAL)?ALIGN (noncache_flash_contents_end, 0x20000):_secondary_start
                0x00068000                        DATA_NONCACHE_OFFSET = DEFINED (SYSTEM_RAM_START)?0x68000:0x0
                0x00064000                        DMAC_LINK_MODE_OFFSET = DEFINED (SYSTEM_RAM_START)?0x64000:0x0
                0x00060000                        SHARED_NONCACHE_BUFFER_OFFSET = DEFINED (SYSTEM_RAM_START)?0x60000:0x0
                0x00040000                        NONCACHE_BUFFER_OFFSET = DEFINED (SYSTEM_RAM_START)?0x40000:0x0
                0x10200000                        SYSTEM_RAM_END_ADDRESS = (SYSTEM_RAM_ALIGN_START + SYSTEM_RAM_ALIGN_LENGTH)
                0x30200000                        SYSTEM_RAM_MIRROR_END_ADDRESS = ((SYSTEM_RAM_ALIGN_START + SYSTEM_RAM_ALIGN_LENGTH) + SYSTEM_RAM_MIRROR_OFFSET)
                0x10010000                        DATA_NONCACHE_INIT_START = (0x1 == _RZT_ORDINAL)?_mdata_noncache:((0x0 == HAS_SYSTEM_RAM_MIRROR) && (DEFINED (CR52_0) || DEFINED (CR52_1)))?__ThreadStackLimit:_mdata_noncache
                0x10010000                        DMAC_LINK_MODE_INIT_START = (0x1 == _RZT_ORDINAL)?_mdmac_link_mode:((0x0 == HAS_SYSTEM_RAM_MIRROR) && (DEFINED (CR52_0) || DEFINED (CR52_1)))?_data_noncache_end:_mdmac_link_mode
                0x10010000                        NONCACHE_BUFFER_INIT_START = (0x1 == _RZT_ORDINAL)?_mncbuffer:((0x0 == HAS_SYSTEM_RAM_MIRROR) && (DEFINED (CR52_0) || DEFINED (CR52_1)))?_dmac_link_mode_end:_mncbuffer
                0x10010000                        SHARED_NONCACHE_BUFFER_INIT_START = (0x1 == _RZT_ORDINAL)?_msncbuffer:((0x0 == HAS_SYSTEM_RAM_MIRROR) && (DEFINED (CR52_0) || DEFINED (CR52_1)))?_ncbuffer_end:_msncbuffer
                0x30010000                        DATA_NONCACHE_START = (0x1 == _RZT_ORDINAL)?(SYSTEM_RAM_MIRROR_END_ADDRESS - DATA_NONCACHE_OFFSET):((0x0 == HAS_SYSTEM_RAM_MIRROR) && (DEFINED (CR52_0) || DEFINED (CR52_1)))?__ThreadStackLimit:(_mdata_noncache + SYSTEM_RAM_MIRROR_OFFSET)
                0x30010000                        DMAC_LINK_MODE_START = (0x1 == _RZT_ORDINAL)?(SYSTEM_RAM_MIRROR_END_ADDRESS - DMAC_LINK_MODE_OFFSET):((0x0 == HAS_SYSTEM_RAM_MIRROR) && (DEFINED (CR52_0) || DEFINED (CR52_1)))?_data_noncache_end:(_mdmac_link_mode + SYSTEM_RAM_MIRROR_OFFSET)
                0x30010000                        NONCACHE_BUFFER_START = (0x1 == _RZT_ORDINAL)?(SYSTEM_RAM_MIRROR_END_ADDRESS - NONCACHE_BUFFER_OFFSET):((0x0 == HAS_SYSTEM_RAM_MIRROR) && (DEFINED (CR52_0) || DEFINED (CR52_1)))?_dmac_link_mode_end:(_mncbuffer + SYSTEM_RAM_MIRROR_OFFSET)
                0x301a0000                        SHARED_NONCACHE_BUFFER_START = (SYSTEM_RAM_MIRROR_END_ADDRESS - SHARED_NONCACHE_BUFFER_OFFSET)
                0x00000000                        data_noncache_size = (_data_noncache_end - _data_noncache_start)
                0x00000000                        dmac_link_mode_size = (_dmac_link_mode_end - _dmac_link_mode_start)
                0x00000000                        sncbuffer_size = (_sncbuffer_end - _sncbuffer_start)
                0x00000000                        ncbuffer_size = (_ncbuffer_end - _ncbuffer_start)

.loader_param
 *(.loader_param)

.flash_contents
                0x10001000        0x0
                0x10001000                        _mloader_text = .
                0x10001000                        . = (0x1 == _RZT_ORDINAL)?(. + (_loader_text_end - _loader_text_start)):.
                0x10001000                        . = ALIGN (0x8)
                0x10001000                        _mloader_data = .
                0x10001000                        . = (0x1 == _RZT_ORDINAL)?(. + (_loader_data_end - _loader_data_start)):.
                0x10001000                        . = ALIGN (0x8)
                0x10001000                        _mfvector = .
                0x10001000                        . = (0x1 == _RZT_ORDINAL)?(. + (_fvector_end - _fvector_start)):.
                0x10001000                        . = ALIGN (0x8)
                0x10001000                        _mtext = .
                0x10001000                        . = (0x1 == _RZT_ORDINAL)?(. + (_text_end - _text_start)):.
                0x10001000                        . = ALIGN (0x8)
                0x10001000                        _mdata = .
                0x10001000                        . = (0x1 == _RZT_ORDINAL)?(. + (_data_end - _data_start)):.
                0x10001000                        flash_contents_end = .

.noncache_flash_contents
                0x10010000        0x0
                0x10010000                        . = (0x0 != data_noncache_size)?ALIGN (0x8):.
                0x10010000                        _mdata_noncache = .
                0x10010000                        . = (. + data_noncache_size)
                0x10010000                        . = (0x0 != dmac_link_mode_size)?ALIGN (0x8):.
                0x10010000                        _mdmac_link_mode = .
                0x10010000                        . = (. + dmac_link_mode_size)
                0x10010000                        . = (0x0 != sncbuffer_size)?ALIGN (0x20):.
                0x10010000                        _msncbuffer = .
                0x10010000                        . = (. + sncbuffer_size)
                0x10010000                        . = (0x0 != ncbuffer_size)?ALIGN (0x20):.
                0x10010000                        _mncbuffer = .
                0x10010000                        . = (. + ncbuffer_size)
                0x10010000                        noncache_flash_contents_end = .

.loader_text    0x10001000      0xe00
                0x10001000                        _loader_text_start = .
 *(.loader_text)
 .loader_text   0x10001000       0x44 ./rzt/fsp/src/bsp/cmsis/Device/RENESAS/Source/cr/startup_core.o
                0x10001000                system_init
 */fsp/src/bsp/cmsis/Device/RENESAS/Source/*.o(.text*)
 .text.Default_Handler
                0x10001044        0x4 ./rzt/fsp/src/bsp/cmsis/Device/RENESAS/Source/cr/startup_core.o
                0x10001044                Abort_Handler
                0x10001044                Default_Handler
                0x10001044                Prefetch_Handler
                0x10001044                Reserved_Handler
                0x10001044                SVC_Handler
                0x10001044                FIQ_Handler
                0x10001044                Undefined_Handler
 .text.stack_init
                0x10001048       0x64 ./rzt/fsp/src/bsp/cmsis/Device/RENESAS/Source/cr/startup_core.o
                0x10001048                stack_init
 .text.fpu_slavetcm_init
                0x100010ac       0x10 ./rzt/fsp/src/bsp/cmsis/Device/RENESAS/Source/cr/startup_core.o
                0x100010ac                fpu_slavetcm_init
 .text.IRQ_Handler
                0x100010bc       0x78 ./rzt/fsp/src/bsp/cmsis/Device/RENESAS/Source/cr/startup_core.o
                0x100010bc                IRQ_Handler
 .text.bsp_fpu_advancedsimd_init
                0x10001134       0x24 ./rzt/fsp/src/bsp/cmsis/Device/RENESAS/Source/cr/system_core.o
                0x10001134                bsp_fpu_advancedsimd_init
 .text.bsp_memory_protect_setting
                0x10001158       0x78 ./rzt/fsp/src/bsp/cmsis/Device/RENESAS/Source/cr/system_core.o
                0x10001158                bsp_memory_protect_setting
 .text.bsp_irq_cfg_common
                0x100011d0       0x20 ./rzt/fsp/src/bsp/cmsis/Device/RENESAS/Source/cr/system_core.o
                0x100011d0                bsp_irq_cfg_common
 .text.SystemInit
                0x100011f0       0x44 ./rzt/fsp/src/bsp/cmsis/Device/RENESAS/Source/startup.o
                0x100011f0                SystemInit
 .text.bsp_loader_data_init
                0x10001234        0x4 ./rzt/fsp/src/bsp/cmsis/Device/RENESAS/Source/system.o
                0x10001234                bsp_loader_data_init
 .text.bsp_bss_init_multibyte
                0x10001238       0x68 ./rzt/fsp/src/bsp/cmsis/Device/RENESAS/Source/system.o
                0x10001238                bsp_bss_init_multibyte
 .text.bsp_loader_bss_init
                0x100012a0       0x1c ./rzt/fsp/src/bsp/cmsis/Device/RENESAS/Source/system.o
                0x100012a0                bsp_loader_bss_init
 .text.bsp_application_bss_init
                0x100012bc       0x1c ./rzt/fsp/src/bsp/cmsis/Device/RENESAS/Source/system.o
                0x100012bc                bsp_application_bss_init
 .text.bsp_cpu_reset_release
                0x100012d8       0x38 ./rzt/fsp/src/bsp/cmsis/Device/RENESAS/Source/system.o
                0x100012d8                bsp_cpu_reset_release
 .text.bsp_copy_to_ram
                0x10001310       0x20 ./rzt/fsp/src/bsp/cmsis/Device/RENESAS/Source/system.o
                0x10001310                bsp_copy_to_ram
 .text.bsp_tfu_init
                0x10001330       0x44 ./rzt/fsp/src/bsp/cmsis/Device/RENESAS/Source/system.o
                0x10001330                bsp_tfu_init
 .text.bsp_static_constructor_init
                0x10001374       0x54 ./rzt/fsp/src/bsp/cmsis/Device/RENESAS/Source/system.o
                0x10001374                bsp_static_constructor_init
 */fsp/src/bsp/mcu/all/*/bsp_irq_core.o(.text*)
 .text.bsp_irq_core_cfg
                0x100013c8       0xac ./rzt/fsp/src/bsp/mcu/all/cr/bsp_irq_core.o
                0x100013c8                bsp_irq_core_cfg
 .text.bsp_common_interrupt_handler
                0x10001474       0x58 ./rzt/fsp/src/bsp/mcu/all/cr/bsp_irq_core.o
                0x10001474                bsp_common_interrupt_handler
 */fsp/src/bsp/mcu/all/bsp_clocks.o(.text*)
 .text.SystemCoreClockUpdate
                0x100014cc       0x34 ./rzt/fsp/src/bsp/mcu/all/bsp_clocks.o
                0x100014cc                SystemCoreClockUpdate
 */fsp/src/bsp/mcu/all/bsp_irq.o(.text*)
 .text.bsp_irq_cfg
                0x10001500        0x4 ./rzt/fsp/src/bsp/mcu/all/bsp_irq.o
                0x10001500                bsp_irq_cfg
 */fsp/src/bsp/mcu/all/bsp_semaphore.o(.text*)
 */fsp/src/bsp/mcu/all/bsp_register_protection.o(.text*)
 .text.R_BSP_RegisterProtectEnable
                0x10001504       0x60 ./rzt/fsp/src/bsp/mcu/all/bsp_register_protection.o
                0x10001504                R_BSP_RegisterProtectEnable
 .text.R_BSP_RegisterProtectDisable
                0x10001564       0x68 ./rzt/fsp/src/bsp/mcu/all/bsp_register_protection.o
                0x10001564                R_BSP_RegisterProtectDisable
 */fsp/src/bsp/mcu/all/bsp_cache.o(.text*)
 .text.R_BSP_CacheEnableInst
                0x100015cc       0x18 ./rzt/fsp/src/bsp/mcu/all/bsp_cache.o
                0x100015cc                R_BSP_CacheEnableInst
 .text.R_BSP_CacheEnableData
                0x100015e4       0x18 ./rzt/fsp/src/bsp/mcu/all/bsp_cache.o
                0x100015e4                R_BSP_CacheEnableData
 .text.R_BSP_CacheEnableMemoryProtect
                0x100015fc       0x18 ./rzt/fsp/src/bsp/mcu/all/bsp_cache.o
                0x100015fc                R_BSP_CacheEnableMemoryProtect
 .text.R_BSP_CacheInvalidateAll
                0x10001614       0xbc ./rzt/fsp/src/bsp/mcu/all/bsp_cache.o
                0x10001614                R_BSP_CacheInvalidateAll
 */fsp/src/bsp/mcu/all/bsp_tzc400.o(.text*)
 */fsp/src/bsp/mcu/all/bsp_address_expander.o(.text*)
 */fsp/src/r_ioport/r_ioport.o(.text*)
 .text.R_IOPORT_PinWrite
                0x100016d0       0x54 ./rzt/fsp/src/r_ioport/r_ioport.o
                0x100016d0                R_IOPORT_PinWrite
 .text.r_ioport_pin_set_safety
                0x10001724      0x120 ./rzt/fsp/src/r_ioport/r_ioport.o
 .text.r_ioport_pins_config
                0x10001844      0x254 ./rzt/fsp/src/r_ioport/r_ioport.o
 .text.R_IOPORT_Open
                0x10001a98      0x30c ./rzt/fsp/src/r_ioport/r_ioport.o
                0x10001a98                R_IOPORT_Open
 *(.warm_start)
 .warm_start    0x10001da4       0x20 ./src/hal_entry.o
                0x10001da4                R_BSP_WarmStart
 *fill*         0x10001dc4        0x4 
 .warm_start.__stub
                0x10001dc8        0x8 linker stubs
 *(.loader_user_data*)
                0x10001e00                        . = ALIGN (0x200)
 *fill*         0x10001dd0       0x30 
                0x10001e00                        _loader_text_end = .

.loader_data    0x10001e00      0x918
                0x10001e00                        _loader_data_start = .
                0x10001e00                        __loader_data_start = .
 */fsp/src/bsp/cmsis/Device/RENESAS/Source/*.o(.data*)
 */fsp/src/bsp/cmsis/Device/RENESAS/Source/*/system_core.o(.rodata*)
 .rodata.g_bsp_el1_mpu
                0x10001e00       0xc0 ./rzt/fsp/src/bsp/cmsis/Device/RENESAS/Source/cr/system_core.o
 */fsp/src/bsp/mcu/all/*/bsp_irq_core.o(.data*)
 */fsp/src/bsp/mcu/all/bsp_clocks.o(.data*)
 */fsp/src/bsp/mcu/all/bsp_irq.o(.data*)
 */fsp/src/bsp/mcu/all/bsp_semaphore.o(.data*)
 */fsp/src/bsp/mcu/all/bsp_register_protection.o(.data*)
 */fsp/src/bsp/mcu/all/bsp_register_protection.o(.rodata*)
 .rodata.g_prcr_masks
                0x10001ec0        0x8 ./rzt/fsp/src/bsp/mcu/all/bsp_register_protection.o
 */fsp/src/bsp/mcu/all/bsp_cache.o(.data*)
 */fsp/src/bsp/mcu/all/bsp_tzc400.o(.data*)
 */fsp/src/bsp/mcu/all/bsp_tzc400.o(.rodata*)
 */fsp/src/bsp/mcu/all/bsp_address_expander.o(.data*)
 */fsp/src/r_ioport/r_ioport.o(.data*)
                0x10001ec8                        . = ALIGN (0x8)
                0x10001ec8                        __loader_data_end = .
                0x10001ec8                        __loader_bss_start = .
 */fsp/src/bsp/cmsis/Device/RENESAS/Source/*.o(.bss*)
 .bss.g_sgi_ppi_vector_table
                0x10001ec8       0x80 ./rzt/fsp/src/bsp/cmsis/Device/RENESAS/Source/cr/system_core.o
                0x10001ec8                g_sgi_ppi_vector_table
 .bss.SystemCoreClock
                0x10001f48        0x4 ./rzt/fsp/src/bsp/cmsis/Device/RENESAS/Source/system.o
                0x10001f48                SystemCoreClock
 */fsp/src/bsp/mcu/all/*/bsp_irq_core.o(.bss*)
 .bss.g_current_interrupt_pointer
                0x10001f4c        0x1 ./rzt/fsp/src/bsp/mcu/all/cr/bsp_irq_core.o
                0x10001f4c                g_current_interrupt_pointer
 *fill*         0x10001f4d        0x3 
 .bss.g_current_interrupt_num
                0x10001f50       0x40 ./rzt/fsp/src/bsp/mcu/all/cr/bsp_irq_core.o
                0x10001f50                g_current_interrupt_num
 .bss.gp_renesas_isr_context
                0x10001f90      0x780 ./rzt/fsp/src/bsp/mcu/all/cr/bsp_irq_core.o
                0x10001f90                gp_renesas_isr_context
 */fsp/src/bsp/mcu/all/bsp_clocks.o(.bss*)
 */fsp/src/bsp/mcu/all/bsp_irq.o(.bss*)
 */fsp/src/bsp/mcu/all/bsp_semaphore.o(.bss*)
 */fsp/src/bsp/mcu/all/bsp_register_protection.o(.bss*)
 .bss.g_protect_counters
                0x10002710        0x8 ./rzt/fsp/src/bsp/mcu/all/bsp_register_protection.o
                0x10002710                g_protect_counters
 */fsp/src/bsp/mcu/all/bsp_cache.o(.bss*)
 */fsp/src/bsp/mcu/all/bsp_tzc400.o(.bss*)
 */fsp/src/bsp/mcu/all/bsp_address_expander.o(.bss*)
 */fsp/src/r_ioport/r_ioport.o(.bss*)
 *(.ttbr)
 */fsp/src/bsp/cmsis/Device/RENESAS/Source/*.o(COMMON)
 */fsp/src/bsp/mcu/all/*/bsp_irq_core.o(COMMON)
 */fsp/src/bsp/mcu/all/bsp_clocks.o(COMMON)
 */fsp/src/bsp/mcu/all/bsp_irq.o(COMMON)
 */fsp/src/bsp/mcu/all/bsp_semaphore.o(COMMON)
 */fsp/src/bsp/mcu/all/bsp_register_protection.o(.COMMON)
 */fsp/src/bsp/mcu/all/bsp_cache.o(COMMON)
 */fsp/src/bsp/mcu/all/bsp_tzc400.o(COMMON)
 */fsp/src/bsp/mcu/all/bsp_address_expander.o(COMMON)
 */fsp/src/r_ioport/r_ioport.o(.COMMON)
                0x10002718                        . = ALIGN (0x8)
                0x10002718                        __loader_bss_end = .
                0x10002718                        _loader_data_end = .

.intvec         0x10000000       0x80
                0x10000000                        _fvector_start = .
 *(.intvec)
 .intvec        0x10000000       0x40 ./rzt/fsp/src/bsp/cmsis/Device/RENESAS/Source/cr/startup_core.o
                0x10000000                __Vectors
                0x10000080                        . = ALIGN (0x80)
 *fill*         0x10000040       0x40 
 *(.intvec_0x080)
                0x10000080                        . = ALIGN (0x80)
 *(.intvec_0x100)
                0x10000080                        . = ALIGN (0x80)
 *(.intvec_0x180)
                0x10000080                        . = ALIGN (0x80)
 *(.intvec_0x200)
                0x10000080                        . = ALIGN (0x80)
 *(.intvec_0x280)
                0x10000080                        . = ALIGN (0x80)
 *(.intvec_0x300)
                0x10000080                        . = ALIGN (0x80)
 *(.intvec_0x380)
                0x10000080                        . = ALIGN (0x80)
 *(.intvec_0x400)
                0x10000080                        . = ALIGN (0x80)
 *(.intvec_0x480)
                0x10000080                        . = ALIGN (0x80)
 *(.intvec_0x500)
                0x10000080                        . = ALIGN (0x80)
 *(.intvec_0x580)
                0x10000080                        . = ALIGN (0x80)
 *(.intvec_0x600)
                0x10000080                        . = ALIGN (0x80)
 *(.intvec_0x680)
                0x10000080                        . = ALIGN (0x80)
 *(.intvec_0x700)
                0x10000080                        . = ALIGN (0x80)
 *(.intvec_0x780)
                0x10000080                        _fvector_end = .

.image_info     0x10000800        0x4
                0x10000800                        _image_info_start = .
 *(.image_info)
 .image_info    0x10000800        0x4 ./rzt/fsp/src/bsp/cmsis/Device/RENESAS/Source/system.o
                0x10000800                g_bsp_image_info_cpu
                0x10000804                        _image_info_end = .

.text           0x10010000     0x7b18
                0x10010000                        _text_start = .
 *(.text*)
 .text.hal_entry
                0x10010000      0x144 ./src/hal_entry.o
                0x10010000                hal_entry
 .text.g_cmtw0CB
                0x10010144       0x14 ./src/hal_entry.o
                0x10010144                g_cmtw0CB
 .text.shared_memory_callback
                0x10010158       0x14 ./src/hal_entry.o
                0x10010158                shared_memory_callback
 .text.startup.main
                0x1001016c        0xc ./rzt_gen/main.o
                0x1001016c                main
 .text.R_SHARED_MEMORY_Open
                0x10010178       0xe8 ./rzt/fsp/src/r_shared_memory/r_shared_memory.o
                0x10010178                R_SHARED_MEMORY_Open
 .text.R_SHARED_MEMORY_Write
                0x10010260       0x88 ./rzt/fsp/src/r_shared_memory/r_shared_memory.o
                0x10010260                R_SHARED_MEMORY_Write
 .text.r_shared_memory_callback
                0x100102e8       0x40 ./rzt/fsp/src/r_shared_memory/r_shared_memory.o
                0x100102e8                r_shared_memory_callback
 .text.R_ICU_INTER_CPU_IRQ_Open
                0x10010328       0xf4 ./rzt/fsp/src/r_icu_inter_cpu_irq/r_icu_inter_cpu_irq.o
                0x10010328                R_ICU_INTER_CPU_IRQ_Open
 .text.R_ICU_INTER_CPU_IRQ_Generate
                0x1001041c       0x34 ./rzt/fsp/src/r_icu_inter_cpu_irq/r_icu_inter_cpu_irq.o
                0x1001041c                R_ICU_INTER_CPU_IRQ_Generate
 .text.R_ICU_INTER_CPU_IRQ_CallbackSet
                0x10010450       0x10 ./rzt/fsp/src/r_icu_inter_cpu_irq/r_icu_inter_cpu_irq.o
                0x10010450                R_ICU_INTER_CPU_IRQ_CallbackSet
 .text.R_ICU_INTER_CPU_IRQ_Close
                0x10010460       0x58 ./rzt/fsp/src/r_icu_inter_cpu_irq/r_icu_inter_cpu_irq.o
                0x10010460                R_ICU_INTER_CPU_IRQ_Close
 .text.r_icu_inter_cpu_irq_isr
                0x100104b8       0x54 ./rzt/fsp/src/r_icu_inter_cpu_irq/r_icu_inter_cpu_irq.o
                0x100104b8                r_icu_inter_cpu_irq_isr
 .text.R_CMTW_Start
                0x1001050c       0x38 ./rzt/fsp/src/r_cmtw/r_cmtw.o
                0x1001050c                R_CMTW_Start
 .text.R_CMTW_Stop
                0x10010544        0xc ./rzt/fsp/src/r_cmtw/r_cmtw.o
                0x10010544                R_CMTW_Stop
 .text.R_CMTW_Reset
                0x10010550        0xc ./rzt/fsp/src/r_cmtw/r_cmtw.o
                0x10010550                R_CMTW_Reset
 .text.R_CMTW_Enable
                0x1001055c       0x38 ./rzt/fsp/src/r_cmtw/r_cmtw.o
                0x1001055c                R_CMTW_Enable
 .text.R_CMTW_Disable
                0x10010594       0x14 ./rzt/fsp/src/r_cmtw/r_cmtw.o
                0x10010594                R_CMTW_Disable
 .text.R_CMTW_DutyCycleSet
                0x100105a8        0x4 ./rzt/fsp/src/r_cmtw/r_cmtw.o
                0x100105a8                R_CMTW_DutyCycleSet
 .text.R_CMTW_InfoGet
                0x100105ac       0x4c ./rzt/fsp/src/r_cmtw/r_cmtw.o
                0x100105ac                R_CMTW_InfoGet
 .text.R_CMTW_StatusGet
                0x100105f8       0x14 ./rzt/fsp/src/r_cmtw/r_cmtw.o
                0x100105f8                R_CMTW_StatusGet
 .text.R_CMTW_CallbackSet
                0x1001060c       0x10 ./rzt/fsp/src/r_cmtw/r_cmtw.o
                0x1001060c                R_CMTW_CallbackSet
 .text.r_cmtw_enable_irq.part.0
                0x1001061c       0xcc ./rzt/fsp/src/r_cmtw/r_cmtw.o
 .text.R_CMTW_Open
                0x100106e8      0x1d0 ./rzt/fsp/src/r_cmtw/r_cmtw.o
                0x100106e8                R_CMTW_Open
 .text.R_CMTW_PeriodSet
                0x100108b8       0x5c ./rzt/fsp/src/r_cmtw/r_cmtw.o
                0x100108b8                R_CMTW_PeriodSet
 .text.R_CMTW_Close
                0x10010914      0x150 ./rzt/fsp/src/r_cmtw/r_cmtw.o
                0x10010914                R_CMTW_Close
 .text.cmtw_cm_int_isr
                0x10010a64       0x70 ./rzt/fsp/src/r_cmtw/r_cmtw.o
                0x10010a64                cmtw_cm_int_isr
 .text.r_bsp_software_delay_loop
                0x10010ad4        0xc ./rzt/fsp/src/bsp/mcu/all/cr/bsp_delay_core.o
                0x10010ad4                r_bsp_software_delay_loop
 .text.R_BSP_SoftwareDelay
                0x10010ae0       0x80 ./rzt/fsp/src/bsp/mcu/all/bsp_delay.o
                0x10010ae0                R_BSP_SoftwareDelay
 .text.R_BSP_CPUResetRelease
                0x10010b60       0x40 ./rzt/fsp/src/bsp/mcu/all/bsp_reset.o
                0x10010b60                R_BSP_CPUResetRelease
 .text._sbrk    0x10010ba0       0x48 ./rzt/fsp/src/bsp/mcu/all/bsp_sbrk.o
                0x10010ba0                _sbrk
 .text.cmp_complex
                0x10010be8      0x11c ./coremark/core_list_join.o
                0x10010be8                cmp_complex
 .text.core_bench_list
                0x10010d04      0x2f8 ./coremark/core_list_join.o
                0x10010d04                core_bench_list
 .text.core_list_init
                0x10010ffc      0x1d8 ./coremark/core_list_join.o
                0x10010ffc                core_list_init
 .text.coremain
                0x100111d4      0x508 ./coremark/core_main.o
                0x100111d4                coremain
 .text.matrix_test
                0x100116dc      0x948 ./coremark/core_matrix.o
                0x100116dc                matrix_test
 .text.core_bench_matrix
                0x10012024       0x20 ./coremark/core_matrix.o
                0x10012024                core_bench_matrix
 .text.core_init_matrix
                0x10012044       0xf0 ./coremark/core_matrix.o
                0x10012044                core_init_matrix
 .text.start_time
                0x10012134       0x14 ./coremark/core_portme.o
                0x10012134                start_time
 .text.stop_time
                0x10012148        0x4 ./coremark/core_portme.o
                0x10012148                stop_time
 .text.get_time
                0x1001214c        0xc ./coremark/core_portme.o
                0x1001214c                get_time
 .text.time_in_secs
                0x10012158       0x20 ./coremark/core_portme.o
                0x10012158                time_in_secs
 .text.portable_init
                0x10012178        0x8 ./coremark/core_portme.o
                0x10012178                portable_init
 .text.portable_fini
                0x10012180        0x8 ./coremark/core_portme.o
                0x10012180                portable_fini
 .text.core_init_state
                0x10012188      0x154 ./coremark/core_state.o
                0x10012188                core_init_state
 .text.core_state_transition
                0x100122dc      0x19c ./coremark/core_state.o
                0x100122dc                core_state_transition
 .text.core_bench_state
                0x10012478      0x128 ./coremark/core_state.o
                0x10012478                core_bench_state
 .text.get_seed_32
                0x100125a0       0x50 ./coremark/core_util.o
                0x100125a0                get_seed_32
 .text.crcu16   0x100125f0      0x11c ./coremark/core_util.o
                0x100125f0                crcu16
 .text.crcu32   0x1001270c      0x258 ./coremark/core_util.o
                0x1001270c                crcu32
 .text.crc16    0x10012964      0x130 ./coremark/core_util.o
                0x10012964                crc16
 .text.check_data_types
                0x10012a94        0x4 ./coremark/core_util.o
                0x10012a94                check_data_types
 .text          0x10012a98       0x30 C:/Program Files (x86)/Arm GNU Toolchain arm-none-eabi/13.2 Rel1/bin/../lib/gcc/arm-none-eabi/13.2.1/thumb/v7+fp/hard\libgcc.a(_aeabi_uldivmod.o)
                0x10012a98                __aeabi_uldivmod
 .text.__udivmoddi4
                0x10012ac8      0x108 C:/Program Files (x86)/Arm GNU Toolchain arm-none-eabi/13.2 Rel1/bin/../lib/gcc/arm-none-eabi/13.2.1/thumb/v7+fp/hard\libgcc.a(_udivmoddi4.o)
                0x10012ac8                __udivmoddi4
 .text          0x10012bd0        0x4 C:/Program Files (x86)/Arm GNU Toolchain arm-none-eabi/13.2 Rel1/bin/../lib/gcc/arm-none-eabi/13.2.1/thumb/v7+fp/hard\libgcc.a(_dvmd_tls.o)
                0x10012bd0                __aeabi_idiv0
                0x10012bd0                __aeabi_ldiv0
 .text.__assert_func
                0x10012bd4       0x3c C:/Program Files (x86)/Arm GNU Toolchain arm-none-eabi/13.2 Rel1/bin/../lib/gcc/arm-none-eabi/13.2.1/thumb/v7+fp/hard\libg_nano.a(libc_a-assert.o)
                0x10012bd4                __assert_func
 .text.malloc   0x10012c10       0x10 C:/Program Files (x86)/Arm GNU Toolchain arm-none-eabi/13.2 Rel1/bin/../lib/gcc/arm-none-eabi/13.2.1/thumb/v7+fp/hard\libg_nano.a(libc_a-malloc.o)
                0x10012c10                malloc
 .text.sbrk_aligned
                0x10012c20       0x44 C:/Program Files (x86)/Arm GNU Toolchain arm-none-eabi/13.2 Rel1/bin/../lib/gcc/arm-none-eabi/13.2.1/thumb/v7+fp/hard\libg_nano.a(libc_a-mallocr.o)
 .text._malloc_r
                0x10012c64       0xfc C:/Program Files (x86)/Arm GNU Toolchain arm-none-eabi/13.2 Rel1/bin/../lib/gcc/arm-none-eabi/13.2.1/thumb/v7+fp/hard\libg_nano.a(libc_a-mallocr.o)
                0x10012c64                _malloc_r
 .text.__malloc_lock
                0x10012d60        0xc C:/Program Files (x86)/Arm GNU Toolchain arm-none-eabi/13.2 Rel1/bin/../lib/gcc/arm-none-eabi/13.2.1/thumb/v7+fp/hard\libg_nano.a(libc_a-mlock.o)
                0x10012d60                __malloc_lock
 .text.__malloc_unlock
                0x10012d6c        0xc C:/Program Files (x86)/Arm GNU Toolchain arm-none-eabi/13.2 Rel1/bin/../lib/gcc/arm-none-eabi/13.2.1/thumb/v7+fp/hard\libg_nano.a(libc_a-mlock.o)
                0x10012d6c                __malloc_unlock
 .text.__cvt    0x10012d78       0xa8 C:/Program Files (x86)/Arm GNU Toolchain arm-none-eabi/13.2 Rel1/bin/../lib/gcc/arm-none-eabi/13.2.1/thumb/v7+fp/hard\libg_nano.a(libc_a-nano-vfprintf_float.o)
                0x10012d78                __cvt
 .text.__exponent
                0x10012e20       0x84 C:/Program Files (x86)/Arm GNU Toolchain arm-none-eabi/13.2 Rel1/bin/../lib/gcc/arm-none-eabi/13.2.1/thumb/v7+fp/hard\libg_nano.a(libc_a-nano-vfprintf_float.o)
                0x10012e20                __exponent
 *fill*         0x10012ea4        0x4 
 .text._printf_float
                0x10012ea8      0x434 C:/Program Files (x86)/Arm GNU Toolchain arm-none-eabi/13.2 Rel1/bin/../lib/gcc/arm-none-eabi/13.2.1/thumb/v7+fp/hard\libg_nano.a(libc_a-nano-vfprintf_float.o)
                0x10012ea8                _printf_float
 .text._printf_common
                0x100132dc       0xe4 C:/Program Files (x86)/Arm GNU Toolchain arm-none-eabi/13.2 Rel1/bin/../lib/gcc/arm-none-eabi/13.2.1/thumb/v7+fp/hard\libg_nano.a(libc_a-nano-vfprintf_i.o)
                0x100132dc                _printf_common
 .text._printf_i
                0x100133c0      0x244 C:/Program Files (x86)/Arm GNU Toolchain arm-none-eabi/13.2 Rel1/bin/../lib/gcc/arm-none-eabi/13.2.1/thumb/v7+fp/hard\libg_nano.a(libc_a-nano-vfprintf_i.o)
                0x100133c0                _printf_i
 .text._scanf_float
                0x10013604      0x414 C:/Program Files (x86)/Arm GNU Toolchain arm-none-eabi/13.2 Rel1/bin/../lib/gcc/arm-none-eabi/13.2.1/thumb/v7+fp/hard\libg_nano.a(libc_a-nano-vfscanf_float.o)
                0x10013604                _scanf_float
 .text.fprintf  0x10013a18       0x24 C:/Program Files (x86)/Arm GNU Toolchain arm-none-eabi/13.2 Rel1/bin/../lib/gcc/arm-none-eabi/13.2.1/thumb/v7+fp/hard\libg_nano.a(libc_a-fprintf.o)
                0x10013a18                fiprintf
                0x10013a18                fprintf
 .text.sprintf  0x10013a3c       0x40 C:/Program Files (x86)/Arm GNU Toolchain arm-none-eabi/13.2 Rel1/bin/../lib/gcc/arm-none-eabi/13.2.1/thumb/v7+fp/hard\libg_nano.a(libc_a-sprintf.o)
                0x10013a3c                siprintf
                0x10013a3c                sprintf
 .text.memset   0x10013a7c       0x10 C:/Program Files (x86)/Arm GNU Toolchain arm-none-eabi/13.2 Rel1/bin/../lib/gcc/arm-none-eabi/13.2.1/thumb/v7+fp/hard\libg_nano.a(libc_a-memset.o)
                0x10013a7c                memset
 .text.strcat   0x10013a8c       0x1e C:/Program Files (x86)/Arm GNU Toolchain arm-none-eabi/13.2 Rel1/bin/../lib/gcc/arm-none-eabi/13.2.1/thumb/v7+fp/hard\libg_nano.a(libc_a-strcat.o)
                0x10013a8c                strcat
 *fill*         0x10013aaa        0x2 
 .text.clock    0x10013aac       0x28 C:/Program Files (x86)/Arm GNU Toolchain arm-none-eabi/13.2 Rel1/bin/../lib/gcc/arm-none-eabi/13.2.1/thumb/v7+fp/hard\libg_nano.a(libc_a-clock.o)
                0x10013aac                clock
 .text._localeconv_r
                0x10013ad4        0x8 C:/Program Files (x86)/Arm GNU Toolchain arm-none-eabi/13.2 Rel1/bin/../lib/gcc/arm-none-eabi/13.2.1/thumb/v7+fp/hard\libg_nano.a(libc_a-localeconv.o)
                0x10013ad4                _localeconv_r
 .text._sbrk_r  0x10013adc       0x20 C:/Program Files (x86)/Arm GNU Toolchain arm-none-eabi/13.2 Rel1/bin/../lib/gcc/arm-none-eabi/13.2.1/thumb/v7+fp/hard\libg_nano.a(libc_a-sbrkr.o)
                0x10013adc                _sbrk_r
 .text._times_r
                0x10013afc        0x6 C:/Program Files (x86)/Arm GNU Toolchain arm-none-eabi/13.2 Rel1/bin/../lib/gcc/arm-none-eabi/13.2.1/thumb/v7+fp/hard\libg_nano.a(libc_a-timesr.o)
                0x10013afc                _times_r
 *fill*         0x10013b02        0x2 
 .text.__errno  0x10013b04        0xc C:/Program Files (x86)/Arm GNU Toolchain arm-none-eabi/13.2 Rel1/bin/../lib/gcc/arm-none-eabi/13.2.1/thumb/v7+fp/hard\libg_nano.a(libc_a-errno.o)
                0x10013b04                __errno
 .text.__retarget_lock_init_recursive
                0x10013b10        0x2 C:/Program Files (x86)/Arm GNU Toolchain arm-none-eabi/13.2 Rel1/bin/../lib/gcc/arm-none-eabi/13.2.1/thumb/v7+fp/hard\libg_nano.a(libc_a-lock.o)
                0x10013b10                __retarget_lock_init_recursive
 .text.__retarget_lock_acquire_recursive
                0x10013b12        0x2 C:/Program Files (x86)/Arm GNU Toolchain arm-none-eabi/13.2 Rel1/bin/../lib/gcc/arm-none-eabi/13.2.1/thumb/v7+fp/hard\libg_nano.a(libc_a-lock.o)
                0x10013b12                __retarget_lock_acquire_recursive
 .text.__retarget_lock_release_recursive
                0x10013b14        0x2 C:/Program Files (x86)/Arm GNU Toolchain arm-none-eabi/13.2 Rel1/bin/../lib/gcc/arm-none-eabi/13.2.1/thumb/v7+fp/hard\libg_nano.a(libc_a-lock.o)
                0x10013b14                __retarget_lock_release_recursive
 .text.memchr   0x10013b16       0x1c C:/Program Files (x86)/Arm GNU Toolchain arm-none-eabi/13.2 Rel1/bin/../lib/gcc/arm-none-eabi/13.2.1/thumb/v7+fp/hard\libg_nano.a(libc_a-memchr-stub.o)
                0x10013b16                memchr
 .text.memcpy   0x10013b32       0x1a C:/Program Files (x86)/Arm GNU Toolchain arm-none-eabi/13.2 Rel1/bin/../lib/gcc/arm-none-eabi/13.2.1/thumb/v7+fp/hard\libg_nano.a(libc_a-memcpy-stub.o)
                0x10013b32                memcpy
 .text          0x10013b4c       0x10 C:/Program Files (x86)/Arm GNU Toolchain arm-none-eabi/13.2 Rel1/bin/../lib/gcc/arm-none-eabi/13.2.1/thumb/v7+fp/hard\libg_nano.a(libc_a-strlen.o)
                0x10013b4c                strlen
 .text.nanf     0x10013b5c        0xc C:/Program Files (x86)/Arm GNU Toolchain arm-none-eabi/13.2 Rel1/bin/../lib/gcc/arm-none-eabi/13.2.1/thumb/v7+fp/hard\libg_nano.a(libm_a-sf_nan.o)
                0x10013b5c                nanf
 .text.abort    0x10013b68        0xe C:/Program Files (x86)/Arm GNU Toolchain arm-none-eabi/13.2 Rel1/bin/../lib/gcc/arm-none-eabi/13.2.1/thumb/v7+fp/hard\libg_nano.a(libc_a-abort.o)
                0x10013b68                abort
 .text.quorem   0x10013b76      0x128 C:/Program Files (x86)/Arm GNU Toolchain arm-none-eabi/13.2 Rel1/bin/../lib/gcc/arm-none-eabi/13.2.1/thumb/v7+fp/hard\libg_nano.a(libc_a-dtoa.o)
 *fill*         0x10013c9e        0x2 
 .text._dtoa_r  0x10013ca0      0xa94 C:/Program Files (x86)/Arm GNU Toolchain arm-none-eabi/13.2 Rel1/bin/../lib/gcc/arm-none-eabi/13.2.1/thumb/v7+fp/hard\libg_nano.a(libc_a-dtoa.o)
                0x10013ca0                _dtoa_r
 .text._free_r  0x10014734       0x94 C:/Program Files (x86)/Arm GNU Toolchain arm-none-eabi/13.2 Rel1/bin/../lib/gcc/arm-none-eabi/13.2.1/thumb/v7+fp/hard\libg_nano.a(libc_a-freer.o)
                0x10014734                _free_r
 .text._Balloc  0x100147c8       0x80 C:/Program Files (x86)/Arm GNU Toolchain arm-none-eabi/13.2 Rel1/bin/../lib/gcc/arm-none-eabi/13.2.1/thumb/v7+fp/hard\libg_nano.a(libc_a-mprec.o)
                0x100147c8                _Balloc
 .text._Bfree   0x10014848       0x44 C:/Program Files (x86)/Arm GNU Toolchain arm-none-eabi/13.2 Rel1/bin/../lib/gcc/arm-none-eabi/13.2.1/thumb/v7+fp/hard\libg_nano.a(libc_a-mprec.o)
                0x10014848                _Bfree
 .text.__multadd
                0x1001488c       0x90 C:/Program Files (x86)/Arm GNU Toolchain arm-none-eabi/13.2 Rel1/bin/../lib/gcc/arm-none-eabi/13.2.1/thumb/v7+fp/hard\libg_nano.a(libc_a-mprec.o)
                0x1001488c                __multadd
 .text.__s2b    0x1001491c       0x9c C:/Program Files (x86)/Arm GNU Toolchain arm-none-eabi/13.2 Rel1/bin/../lib/gcc/arm-none-eabi/13.2.1/thumb/v7+fp/hard\libg_nano.a(libc_a-mprec.o)
                0x1001491c                __s2b
 .text.__hi0bits
                0x100149b8       0x3e C:/Program Files (x86)/Arm GNU Toolchain arm-none-eabi/13.2 Rel1/bin/../lib/gcc/arm-none-eabi/13.2.1/thumb/v7+fp/hard\libg_nano.a(libc_a-mprec.o)
                0x100149b8                __hi0bits
 .text.__lo0bits
                0x100149f6       0x58 C:/Program Files (x86)/Arm GNU Toolchain arm-none-eabi/13.2 Rel1/bin/../lib/gcc/arm-none-eabi/13.2.1/thumb/v7+fp/hard\libg_nano.a(libc_a-mprec.o)
                0x100149f6                __lo0bits
 *fill*         0x10014a4e        0x2 
 .text.__i2b    0x10014a50       0x2c C:/Program Files (x86)/Arm GNU Toolchain arm-none-eabi/13.2 Rel1/bin/../lib/gcc/arm-none-eabi/13.2.1/thumb/v7+fp/hard\libg_nano.a(libc_a-mprec.o)
                0x10014a50                __i2b
 .text.__multiply
                0x10014a7c      0x148 C:/Program Files (x86)/Arm GNU Toolchain arm-none-eabi/13.2 Rel1/bin/../lib/gcc/arm-none-eabi/13.2.1/thumb/v7+fp/hard\libg_nano.a(libc_a-mprec.o)
                0x10014a7c                __multiply
 .text.__pow5mult
                0x10014bc4       0xb4 C:/Program Files (x86)/Arm GNU Toolchain arm-none-eabi/13.2 Rel1/bin/../lib/gcc/arm-none-eabi/13.2.1/thumb/v7+fp/hard\libg_nano.a(libc_a-mprec.o)
                0x10014bc4                __pow5mult
 .text.__lshift
                0x10014c78       0xd8 C:/Program Files (x86)/Arm GNU Toolchain arm-none-eabi/13.2 Rel1/bin/../lib/gcc/arm-none-eabi/13.2.1/thumb/v7+fp/hard\libg_nano.a(libc_a-mprec.o)
                0x10014c78                __lshift
 .text.__mcmp   0x10014d50       0x36 C:/Program Files (x86)/Arm GNU Toolchain arm-none-eabi/13.2 Rel1/bin/../lib/gcc/arm-none-eabi/13.2.1/thumb/v7+fp/hard\libg_nano.a(libc_a-mprec.o)
                0x10014d50                __mcmp
 *fill*         0x10014d86        0x2 
 .text.__mdiff  0x10014d88      0x12c C:/Program Files (x86)/Arm GNU Toolchain arm-none-eabi/13.2 Rel1/bin/../lib/gcc/arm-none-eabi/13.2.1/thumb/v7+fp/hard\libg_nano.a(libc_a-mprec.o)
                0x10014d88                __mdiff
 .text.__ulp    0x10014eb4       0x4c C:/Program Files (x86)/Arm GNU Toolchain arm-none-eabi/13.2 Rel1/bin/../lib/gcc/arm-none-eabi/13.2.1/thumb/v7+fp/hard\libg_nano.a(libc_a-mprec.o)
                0x10014eb4                __ulp
 .text.__b2d    0x10014f00       0x9c C:/Program Files (x86)/Arm GNU Toolchain arm-none-eabi/13.2 Rel1/bin/../lib/gcc/arm-none-eabi/13.2.1/thumb/v7+fp/hard\libg_nano.a(libc_a-mprec.o)
                0x10014f00                __b2d
 .text.__d2b    0x10014f9c       0xb0 C:/Program Files (x86)/Arm GNU Toolchain arm-none-eabi/13.2 Rel1/bin/../lib/gcc/arm-none-eabi/13.2.1/thumb/v7+fp/hard\libg_nano.a(libc_a-mprec.o)
                0x10014f9c                __d2b
 .text.__ratio  0x1001504c       0x60 C:/Program Files (x86)/Arm GNU Toolchain arm-none-eabi/13.2 Rel1/bin/../lib/gcc/arm-none-eabi/13.2.1/thumb/v7+fp/hard\libg_nano.a(libc_a-mprec.o)
                0x1001504c                __ratio
 .text.__copybits
                0x100150ac       0x46 C:/Program Files (x86)/Arm GNU Toolchain arm-none-eabi/13.2 Rel1/bin/../lib/gcc/arm-none-eabi/13.2.1/thumb/v7+fp/hard\libg_nano.a(libc_a-mprec.o)
                0x100150ac                __copybits
 .text.__any_on
                0x100150f2       0x42 C:/Program Files (x86)/Arm GNU Toolchain arm-none-eabi/13.2 Rel1/bin/../lib/gcc/arm-none-eabi/13.2.1/thumb/v7+fp/hard\libg_nano.a(libc_a-mprec.o)
                0x100150f2                __any_on
 .text.sulp     0x10015134       0x34 C:/Program Files (x86)/Arm GNU Toolchain arm-none-eabi/13.2 Rel1/bin/../lib/gcc/arm-none-eabi/13.2.1/thumb/v7+fp/hard\libg_nano.a(libc_a-strtod.o)
 .text._strtod_l
                0x10015168      0xb34 C:/Program Files (x86)/Arm GNU Toolchain arm-none-eabi/13.2 Rel1/bin/../lib/gcc/arm-none-eabi/13.2.1/thumb/v7+fp/hard\libg_nano.a(libc_a-strtod.o)
                0x10015168                _strtod_l
 .text._strtod_r
                0x10015c9c        0xc C:/Program Files (x86)/Arm GNU Toolchain arm-none-eabi/13.2 Rel1/bin/../lib/gcc/arm-none-eabi/13.2.1/thumb/v7+fp/hard\libg_nano.a(libc_a-strtod.o)
                0x10015c9c                _strtod_r
 .text._strtol_l.isra.0
                0x10015ca8       0xfc C:/Program Files (x86)/Arm GNU Toolchain arm-none-eabi/13.2 Rel1/bin/../lib/gcc/arm-none-eabi/13.2.1/thumb/v7+fp/hard\libg_nano.a(libc_a-strtol.o)
 .text._strtol_r
                0x10015da4        0x4 C:/Program Files (x86)/Arm GNU Toolchain arm-none-eabi/13.2 Rel1/bin/../lib/gcc/arm-none-eabi/13.2.1/thumb/v7+fp/hard\libg_nano.a(libc_a-strtol.o)
                0x10015da4                _strtol_r
 .text.__ssputs_r
                0x10015da8       0xb6 C:/Program Files (x86)/Arm GNU Toolchain arm-none-eabi/13.2 Rel1/bin/../lib/gcc/arm-none-eabi/13.2.1/thumb/v7+fp/hard\libg_nano.a(libc_a-nano-svfprintf.o)
                0x10015da8                __ssputs_r
 *fill*         0x10015e5e        0x2 
 .text._svfprintf_r
                0x10015e60      0x1f8 C:/Program Files (x86)/Arm GNU Toolchain arm-none-eabi/13.2 Rel1/bin/../lib/gcc/arm-none-eabi/13.2.1/thumb/v7+fp/hard\libg_nano.a(libc_a-nano-svfprintf.o)
                0x10015e60                _svfiprintf_r
                0x10015e60                _svfprintf_r
 .text.__sfputc_r
                0x10016058       0x2e C:/Program Files (x86)/Arm GNU Toolchain arm-none-eabi/13.2 Rel1/bin/../lib/gcc/arm-none-eabi/13.2.1/thumb/v7+fp/hard\libg_nano.a(libc_a-nano-vfprintf.o)
 .text.__sfputs_r
                0x10016086       0x24 C:/Program Files (x86)/Arm GNU Toolchain arm-none-eabi/13.2 Rel1/bin/../lib/gcc/arm-none-eabi/13.2.1/thumb/v7+fp/hard\libg_nano.a(libc_a-nano-vfprintf.o)
                0x10016086                __sfputs_r
 *fill*         0x100160aa        0x2 
 .text._vfprintf_r
                0x100160ac      0x230 C:/Program Files (x86)/Arm GNU Toolchain arm-none-eabi/13.2 Rel1/bin/../lib/gcc/arm-none-eabi/13.2.1/thumb/v7+fp/hard\libg_nano.a(libc_a-nano-vfprintf.o)
                0x100160ac                _vfprintf_r
                0x100160ac                _vfiprintf_r
 .text.std      0x100162dc       0x6c C:/Program Files (x86)/Arm GNU Toolchain arm-none-eabi/13.2 Rel1/bin/../lib/gcc/arm-none-eabi/13.2.1/thumb/v7+fp/hard\libg_nano.a(libc_a-findfp.o)
 .text.stdio_exit_handler
                0x10016348       0x18 C:/Program Files (x86)/Arm GNU Toolchain arm-none-eabi/13.2 Rel1/bin/../lib/gcc/arm-none-eabi/13.2.1/thumb/v7+fp/hard\libg_nano.a(libc_a-findfp.o)
 .text.cleanup_stdio
                0x10016360       0x40 C:/Program Files (x86)/Arm GNU Toolchain arm-none-eabi/13.2 Rel1/bin/../lib/gcc/arm-none-eabi/13.2.1/thumb/v7+fp/hard\libg_nano.a(libc_a-findfp.o)
 .text.global_stdio_init.part.0
                0x100163a0       0x3c C:/Program Files (x86)/Arm GNU Toolchain arm-none-eabi/13.2 Rel1/bin/../lib/gcc/arm-none-eabi/13.2.1/thumb/v7+fp/hard\libg_nano.a(libc_a-findfp.o)
 .text.__sfp_lock_acquire
                0x100163dc        0xc C:/Program Files (x86)/Arm GNU Toolchain arm-none-eabi/13.2 Rel1/bin/../lib/gcc/arm-none-eabi/13.2.1/thumb/v7+fp/hard\libg_nano.a(libc_a-findfp.o)
                0x100163dc                __sfp_lock_acquire
 .text.__sfp_lock_release
                0x100163e8        0xc C:/Program Files (x86)/Arm GNU Toolchain arm-none-eabi/13.2 Rel1/bin/../lib/gcc/arm-none-eabi/13.2.1/thumb/v7+fp/hard\libg_nano.a(libc_a-findfp.o)
                0x100163e8                __sfp_lock_release
 .text.__sinit  0x100163f4       0x30 C:/Program Files (x86)/Arm GNU Toolchain arm-none-eabi/13.2 Rel1/bin/../lib/gcc/arm-none-eabi/13.2.1/thumb/v7+fp/hard\libg_nano.a(libc_a-findfp.o)
                0x100163f4                __sinit
 .text._fwalk_sglue
                0x10016424       0x3c C:/Program Files (x86)/Arm GNU Toolchain arm-none-eabi/13.2 Rel1/bin/../lib/gcc/arm-none-eabi/13.2.1/thumb/v7+fp/hard\libg_nano.a(libc_a-fwalk.o)
                0x10016424                _fwalk_sglue
 .text.__sread  0x10016460       0x22 C:/Program Files (x86)/Arm GNU Toolchain arm-none-eabi/13.2 Rel1/bin/../lib/gcc/arm-none-eabi/13.2.1/thumb/v7+fp/hard\libg_nano.a(libc_a-stdio.o)
                0x10016460                __sread
 .text.__swrite
                0x10016482       0x38 C:/Program Files (x86)/Arm GNU Toolchain arm-none-eabi/13.2 Rel1/bin/../lib/gcc/arm-none-eabi/13.2.1/thumb/v7+fp/hard\libg_nano.a(libc_a-stdio.o)
                0x10016482                __swrite
 .text.__sseek  0x100164ba       0x24 C:/Program Files (x86)/Arm GNU Toolchain arm-none-eabi/13.2 Rel1/bin/../lib/gcc/arm-none-eabi/13.2.1/thumb/v7+fp/hard\libg_nano.a(libc_a-stdio.o)
                0x100164ba                __sseek
 .text.__sclose
                0x100164de        0x8 C:/Program Files (x86)/Arm GNU Toolchain arm-none-eabi/13.2 Rel1/bin/../lib/gcc/arm-none-eabi/13.2.1/thumb/v7+fp/hard\libg_nano.a(libc_a-stdio.o)
                0x100164de                __sclose
 .text.__swbuf_r
                0x100164e6       0x7c C:/Program Files (x86)/Arm GNU Toolchain arm-none-eabi/13.2 Rel1/bin/../lib/gcc/arm-none-eabi/13.2.1/thumb/v7+fp/hard\libg_nano.a(libc_a-wbuf.o)
                0x100164e6                __swbuf_r
 *fill*         0x10016562        0x2 
 .text.__swsetup_r
                0x10016564       0xac C:/Program Files (x86)/Arm GNU Toolchain arm-none-eabi/13.2 Rel1/bin/../lib/gcc/arm-none-eabi/13.2.1/thumb/v7+fp/hard\libg_nano.a(libc_a-wsetup.o)
                0x10016564                __swsetup_r
 .text.memmove  0x10016610       0x34 C:/Program Files (x86)/Arm GNU Toolchain arm-none-eabi/13.2 Rel1/bin/../lib/gcc/arm-none-eabi/13.2.1/thumb/v7+fp/hard\libg_nano.a(libc_a-memmove.o)
                0x10016610                memmove
 .text.strncmp  0x10016644       0x24 C:/Program Files (x86)/Arm GNU Toolchain arm-none-eabi/13.2 Rel1/bin/../lib/gcc/arm-none-eabi/13.2.1/thumb/v7+fp/hard\libg_nano.a(libc_a-strncmp.o)
                0x10016644                strncmp
 .text._raise_r
                0x10016668       0x50 C:/Program Files (x86)/Arm GNU Toolchain arm-none-eabi/13.2 Rel1/bin/../lib/gcc/arm-none-eabi/13.2.1/thumb/v7+fp/hard\libg_nano.a(libc_a-signal.o)
                0x10016668                _raise_r
 .text.raise    0x100166b8       0x10 C:/Program Files (x86)/Arm GNU Toolchain arm-none-eabi/13.2 Rel1/bin/../lib/gcc/arm-none-eabi/13.2.1/thumb/v7+fp/hard\libg_nano.a(libc_a-signal.o)
                0x100166b8                raise
 .text._close_r
                0x100166c8       0x20 C:/Program Files (x86)/Arm GNU Toolchain arm-none-eabi/13.2 Rel1/bin/../lib/gcc/arm-none-eabi/13.2.1/thumb/v7+fp/hard\libg_nano.a(libc_a-closer.o)
                0x100166c8                _close_r
 .text._lseek_r
                0x100166e8       0x24 C:/Program Files (x86)/Arm GNU Toolchain arm-none-eabi/13.2 Rel1/bin/../lib/gcc/arm-none-eabi/13.2.1/thumb/v7+fp/hard\libg_nano.a(libc_a-lseekr.o)
                0x100166e8                _lseek_r
 .text._read_r  0x1001670c       0x24 C:/Program Files (x86)/Arm GNU Toolchain arm-none-eabi/13.2 Rel1/bin/../lib/gcc/arm-none-eabi/13.2.1/thumb/v7+fp/hard\libg_nano.a(libc_a-readr.o)
                0x1001670c                _read_r
 .text._kill_r  0x10016730       0x24 C:/Program Files (x86)/Arm GNU Toolchain arm-none-eabi/13.2 Rel1/bin/../lib/gcc/arm-none-eabi/13.2.1/thumb/v7+fp/hard\libg_nano.a(libc_a-signalr.o)
                0x10016730                _kill_r
 .text._getpid_r
                0x10016754        0x4 C:/Program Files (x86)/Arm GNU Toolchain arm-none-eabi/13.2 Rel1/bin/../lib/gcc/arm-none-eabi/13.2.1/thumb/v7+fp/hard\libg_nano.a(libc_a-signalr.o)
                0x10016754                _getpid_r
 .text._write_r
                0x10016758       0x24 C:/Program Files (x86)/Arm GNU Toolchain arm-none-eabi/13.2 Rel1/bin/../lib/gcc/arm-none-eabi/13.2.1/thumb/v7+fp/hard\libg_nano.a(libc_a-writer.o)
                0x10016758                _write_r
 *fill*         0x1001677c        0x4 
 .text.nan      0x10016780       0x10 C:/Program Files (x86)/Arm GNU Toolchain arm-none-eabi/13.2 Rel1/bin/../lib/gcc/arm-none-eabi/13.2.1/thumb/v7+fp/hard\libg_nano.a(libm_a-s_nan.o)
                0x10016780                nan
 .text._calloc_r
                0x10016790       0x28 C:/Program Files (x86)/Arm GNU Toolchain arm-none-eabi/13.2 Rel1/bin/../lib/gcc/arm-none-eabi/13.2.1/thumb/v7+fp/hard\libg_nano.a(libc_a-callocr.o)
                0x10016790                _calloc_r
 .text.rshift   0x100167b8       0x9e C:/Program Files (x86)/Arm GNU Toolchain arm-none-eabi/13.2 Rel1/bin/../lib/gcc/arm-none-eabi/13.2.1/thumb/v7+fp/hard\libg_nano.a(libc_a-gdtoa-gethex.o)
 .text.__hexdig_fun
                0x10016856       0x2a C:/Program Files (x86)/Arm GNU Toolchain arm-none-eabi/13.2 Rel1/bin/../lib/gcc/arm-none-eabi/13.2.1/thumb/v7+fp/hard\libg_nano.a(libc_a-gdtoa-gethex.o)
                0x10016856                __hexdig_fun
 .text.__gethex
                0x10016880      0x41c C:/Program Files (x86)/Arm GNU Toolchain arm-none-eabi/13.2 Rel1/bin/../lib/gcc/arm-none-eabi/13.2.1/thumb/v7+fp/hard\libg_nano.a(libc_a-gdtoa-gethex.o)
                0x10016880                __gethex
 .text.L_shift  0x10016c9c       0x24 C:/Program Files (x86)/Arm GNU Toolchain arm-none-eabi/13.2 Rel1/bin/../lib/gcc/arm-none-eabi/13.2.1/thumb/v7+fp/hard\libg_nano.a(libc_a-gdtoa-hexnan.o)
 .text.__match  0x10016cc0       0x28 C:/Program Files (x86)/Arm GNU Toolchain arm-none-eabi/13.2 Rel1/bin/../lib/gcc/arm-none-eabi/13.2.1/thumb/v7+fp/hard\libg_nano.a(libc_a-gdtoa-hexnan.o)
                0x10016cc0                __match
 .text.__hexnan
                0x10016ce8      0x134 C:/Program Files (x86)/Arm GNU Toolchain arm-none-eabi/13.2 Rel1/bin/../lib/gcc/arm-none-eabi/13.2.1/thumb/v7+fp/hard\libg_nano.a(libc_a-gdtoa-hexnan.o)
                0x10016ce8                __hexnan
 .text.__ascii_mbtowc
                0x10016e1c       0x24 C:/Program Files (x86)/Arm GNU Toolchain arm-none-eabi/13.2 Rel1/bin/../lib/gcc/arm-none-eabi/13.2.1/thumb/v7+fp/hard\libg_nano.a(libc_a-mbtowc_r.o)
                0x10016e1c                __ascii_mbtowc
 .text._realloc_r
                0x10016e40       0x5c C:/Program Files (x86)/Arm GNU Toolchain arm-none-eabi/13.2 Rel1/bin/../lib/gcc/arm-none-eabi/13.2.1/thumb/v7+fp/hard\libg_nano.a(libc_a-reallocr.o)
                0x10016e40                _realloc_r
 .text.__ascii_wctomb
                0x10016e9c       0x1a C:/Program Files (x86)/Arm GNU Toolchain arm-none-eabi/13.2 Rel1/bin/../lib/gcc/arm-none-eabi/13.2.1/thumb/v7+fp/hard\libg_nano.a(libc_a-wctomb_r.o)
                0x10016e9c                __ascii_wctomb
 *fill*         0x10016eb6        0x2 
 .text.__sflush_r
                0x10016eb8      0x108 C:/Program Files (x86)/Arm GNU Toolchain arm-none-eabi/13.2 Rel1/bin/../lib/gcc/arm-none-eabi/13.2.1/thumb/v7+fp/hard\libg_nano.a(libc_a-fflush.o)
                0x10016eb8                __sflush_r
 .text._fflush_r
                0x10016fc0       0x50 C:/Program Files (x86)/Arm GNU Toolchain arm-none-eabi/13.2 Rel1/bin/../lib/gcc/arm-none-eabi/13.2.1/thumb/v7+fp/hard\libg_nano.a(libc_a-fflush.o)
                0x10016fc0                _fflush_r
 .text.__swhatbuf_r
                0x10017010       0x4a C:/Program Files (x86)/Arm GNU Toolchain arm-none-eabi/13.2 Rel1/bin/../lib/gcc/arm-none-eabi/13.2.1/thumb/v7+fp/hard\libg_nano.a(libc_a-makebuf.o)
                0x10017010                __swhatbuf_r
 .text.__smakebuf_r
                0x1001705a       0x78 C:/Program Files (x86)/Arm GNU Toolchain arm-none-eabi/13.2 Rel1/bin/../lib/gcc/arm-none-eabi/13.2.1/thumb/v7+fp/hard\libg_nano.a(libc_a-makebuf.o)
                0x1001705a                __smakebuf_r
 *fill*         0x100170d2        0x2 
 .text._fstat_r
                0x100170d4       0x24 C:/Program Files (x86)/Arm GNU Toolchain arm-none-eabi/13.2 Rel1/bin/../lib/gcc/arm-none-eabi/13.2.1/thumb/v7+fp/hard\libg_nano.a(libc_a-fstatr.o)
                0x100170d4                _fstat_r
 .text._isatty_r
                0x100170f8       0x20 C:/Program Files (x86)/Arm GNU Toolchain arm-none-eabi/13.2 Rel1/bin/../lib/gcc/arm-none-eabi/13.2.1/thumb/v7+fp/hard\libg_nano.a(libc_a-isattyr.o)
                0x100170f8                _isatty_r
 .text._malloc_usable_size_r
                0x10017118       0x10 C:/Program Files (x86)/Arm GNU Toolchain arm-none-eabi/13.2 Rel1/bin/../lib/gcc/arm-none-eabi/13.2.1/thumb/v7+fp/hard\libg_nano.a(libc_a-msizer.o)
                0x10017118                _malloc_usable_size_r
 .text          0x10017128      0x278 C:/Program Files (x86)/Arm GNU Toolchain arm-none-eabi/13.2 Rel1/bin/../lib/gcc/arm-none-eabi/13.2.1/thumb/v7+fp/hard\libgcc.a(_udivsi3.o)
                0x10017128                __aeabi_uidiv
                0x10017128                __udivsi3
                0x10017384                __aeabi_uidivmod
 .text          0x100173a0      0x2b0 C:/Program Files (x86)/Arm GNU Toolchain arm-none-eabi/13.2 Rel1/bin/../lib/gcc/arm-none-eabi/13.2.1/thumb/v7+fp/hard\libgcc.a(_divsi3.o)
                0x100173a0                __divsi3
                0x100173a0                __aeabi_idiv
                0x10017634                __aeabi_idivmod
 .text          0x10017650      0x378 C:/Program Files (x86)/Arm GNU Toolchain arm-none-eabi/13.2 Rel1/bin/../lib/gcc/arm-none-eabi/13.2.1/thumb/v7+fp/hard\libgcc.a(_arm_addsubdf3.o)
                0x10017650                __aeabi_drsub
                0x10017658                __aeabi_dsub
                0x10017658                __subdf3
                0x1001765c                __aeabi_dadd
                0x1001765c                __adddf3
                0x100178d4                __floatunsidf
                0x100178d4                __aeabi_ui2d
                0x100178f4                __floatsidf
                0x100178f4                __aeabi_i2d
                0x10017918                __aeabi_f2d
                0x10017918                __extendsfdf2
                0x1001795c                __floatundidf
                0x1001795c                __aeabi_ul2d
                0x1001796c                __floatdidf
                0x1001796c                __aeabi_l2d
 .text.__fixdfdi
                0x100179c8       0x30 C:/Program Files (x86)/Arm GNU Toolchain arm-none-eabi/13.2 Rel1/bin/../lib/gcc/arm-none-eabi/13.2.1/thumb/v7+fp/hard\libgcc.a(_fixdfdi.o)
                0x100179c8                __fixdfdi
                0x100179c8                __aeabi_d2lz
 .text.__fixunsdfdi
                0x100179f8       0x40 C:/Program Files (x86)/Arm GNU Toolchain arm-none-eabi/13.2 Rel1/bin/../lib/gcc/arm-none-eabi/13.2.1/thumb/v7+fp/hard\libgcc.a(_fixunsdfdi.o)
                0x100179f8                __fixunsdfdi
                0x100179f8                __aeabi_d2ulz
 .text._close   0x10017a38       0x14 C:/Program Files (x86)/Arm GNU Toolchain arm-none-eabi/13.2 Rel1/bin/../lib/gcc/arm-none-eabi/13.2.1/thumb/v7+fp/hard\libnosys.a(close.o)
                0x10017a38                _close
 .text._fstat   0x10017a4c       0x14 C:/Program Files (x86)/Arm GNU Toolchain arm-none-eabi/13.2 Rel1/bin/../lib/gcc/arm-none-eabi/13.2.1/thumb/v7+fp/hard\libnosys.a(fstat.o)
                0x10017a4c                _fstat
 .text._getpid  0x10017a60       0x14 C:/Program Files (x86)/Arm GNU Toolchain arm-none-eabi/13.2 Rel1/bin/../lib/gcc/arm-none-eabi/13.2.1/thumb/v7+fp/hard\libnosys.a(getpid.o)
                0x10017a60                _getpid
 .text._isatty  0x10017a74       0x10 C:/Program Files (x86)/Arm GNU Toolchain arm-none-eabi/13.2 Rel1/bin/../lib/gcc/arm-none-eabi/13.2.1/thumb/v7+fp/hard\libnosys.a(isatty.o)
                0x10017a74                _isatty
 .text._kill    0x10017a84       0x14 C:/Program Files (x86)/Arm GNU Toolchain arm-none-eabi/13.2 Rel1/bin/../lib/gcc/arm-none-eabi/13.2.1/thumb/v7+fp/hard\libnosys.a(kill.o)
                0x10017a84                _kill
 .text._lseek   0x10017a98       0x14 C:/Program Files (x86)/Arm GNU Toolchain arm-none-eabi/13.2 Rel1/bin/../lib/gcc/arm-none-eabi/13.2.1/thumb/v7+fp/hard\libnosys.a(lseek.o)
                0x10017a98                _lseek
 .text._read    0x10017aac       0x14 C:/Program Files (x86)/Arm GNU Toolchain arm-none-eabi/13.2 Rel1/bin/../lib/gcc/arm-none-eabi/13.2.1/thumb/v7+fp/hard\libnosys.a(read.o)
                0x10017aac                _read
 .text._times   0x10017ac0       0x14 C:/Program Files (x86)/Arm GNU Toolchain arm-none-eabi/13.2 Rel1/bin/../lib/gcc/arm-none-eabi/13.2.1/thumb/v7+fp/hard\libnosys.a(times.o)
                0x10017ac0                _times
 .text._write   0x10017ad4       0x14 C:/Program Files (x86)/Arm GNU Toolchain arm-none-eabi/13.2 Rel1/bin/../lib/gcc/arm-none-eabi/13.2.1/thumb/v7+fp/hard\libnosys.a(write.o)
                0x10017ad4                _write
 .text._exit    0x10017ae8        0x4 C:/Program Files (x86)/Arm GNU Toolchain arm-none-eabi/13.2 Rel1/bin/../lib/gcc/arm-none-eabi/13.2.1/thumb/v7+fp/hard\libnosys.a(_exit.o)
                0x10017ae8                _exit
 *(.reset_handler)
 .reset_handler
                0x10017aec        0x4 ./rzt/fsp/src/bsp/cmsis/Device/RENESAS/Source/cr/startup_core.o
                0x10017aec                Reset_Handler
 *(.init)
 *(.fini)
 *crtbegin.o(.ctors)
 *crtbegin?.o(.ctors)
 *(EXCLUDE_FILE(*crtend.o *crtend?.o) .ctors)
 *(SORT_BY_NAME(.ctors.*))
 *(.ctors)
                0x10017af0                        _ctor_end = .
 *crtbegin.o(.dtors)
 *crtbegin?.o(.dtors)
 *(EXCLUDE_FILE(*crtend.o *crtend?.o) .dtors)
 *(SORT_BY_NAME(.dtors.*))
 *(.dtors)
                0x10017af0                        _dtor_end = .
 *(.eh_frame*)
 .eh_frame      0x10017af0       0x28 C:/Program Files (x86)/Arm GNU Toolchain arm-none-eabi/13.2 Rel1/bin/../lib/gcc/arm-none-eabi/13.2.1/thumb/v7+fp/hard\libg_nano.a(libc_a-strlen.o)

.glue_7         0x10017b18        0x0
 .glue_7        0x10017b18        0x0 linker stubs

.glue_7t        0x10017b18        0x0
 .glue_7t       0x10017b18        0x0 linker stubs

.vfp11_veneer   0x10017b18        0x0
 .vfp11_veneer  0x10017b18        0x0 linker stubs

.v4_bx          0x10017b18        0x0
 .v4_bx         0x10017b18        0x0 linker stubs

.iplt           0x10017b18        0x0
 .iplt          0x10017b18        0x0 ./src/hal_entry.o

.rvectors       0x10017b18        0x0
                0x10017b18                        _rvectors_start = .
 *(.rvectors)
                0x10017b18                        _rvectors_end = .

.ARM.extab
 *(.ARM.extab* .gnu.linkonce.armextab.*)

.ARM.exidx      0x10017b18        0x8
                0x10017b18                        __exidx_start = .
 *(.ARM.exidx* .gnu.linkonce.armexidx.*)
 .ARM.exidx.text.__udivmoddi4
                0x10017b18        0x8 C:/Program Files (x86)/Arm GNU Toolchain arm-none-eabi/13.2 Rel1/bin/../lib/gcc/arm-none-eabi/13.2.1/thumb/v7+fp/hard\libgcc.a(_udivmoddi4.o)
 .ARM.exidx     0x10017b20        0x0 C:/Program Files (x86)/Arm GNU Toolchain arm-none-eabi/13.2 Rel1/bin/../lib/gcc/arm-none-eabi/13.2.1/thumb/v7+fp/hard\libg_nano.a(libc_a-strlen.o)
                                  0x8 (size before relaxing)
                0x10017b20                        __exidx_end = .
                0x10017b20                        _text_end = .

.rel.dyn        0x10017b20        0x0
 .rel.iplt      0x10017b20        0x0 ./src/hal_entry.o

.data           0x10017b20     0x1030
                0x10017b20                        _data_start = .
 *(vtable)
 *(.data.*)
 .data.default_num_contexts
                0x10017b20        0x4 ./coremark/core_portme.o
                0x10017b20                default_num_contexts
 .data.seed4_volatile
                0x10017b24        0x4 ./coremark/core_portme.o
                0x10017b24                seed4_volatile
 .data.seed3_volatile
                0x10017b28        0x4 ./coremark/core_portme.o
                0x10017b28                seed3_volatile
 .data._impure_ptr
                0x10017b2c        0x4 C:/Program Files (x86)/Arm GNU Toolchain arm-none-eabi/13.2 Rel1/bin/../lib/gcc/arm-none-eabi/13.2.1/thumb/v7+fp/hard\libg_nano.a(libc_a-impure.o)
                0x10017b2c                _impure_ptr
 .data._impure_data
                0x10017b30       0x4c C:/Program Files (x86)/Arm GNU Toolchain arm-none-eabi/13.2 Rel1/bin/../lib/gcc/arm-none-eabi/13.2.1/thumb/v7+fp/hard\libg_nano.a(libc_a-impure.o)
                0x10017b30                _impure_data
 .data.__sglue  0x10017b7c        0xc C:/Program Files (x86)/Arm GNU Toolchain arm-none-eabi/13.2 Rel1/bin/../lib/gcc/arm-none-eabi/13.2.1/thumb/v7+fp/hard\libg_nano.a(libc_a-findfp.o)
                0x10017b7c                __sglue
 .data.__global_locale
                0x10017b88      0x16c C:/Program Files (x86)/Arm GNU Toolchain arm-none-eabi/13.2 Rel1/bin/../lib/gcc/arm-none-eabi/13.2.1/thumb/v7+fp/hard\libg_nano.a(libc_a-locale.o)
                0x10017b88                __global_locale
 *(.data)
 *(.rodata*)
 .rodata.hal_entry.str1.4
                0x10017cf4      0x15d ./src/hal_entry.o
                                 0x42 (size before relaxing)
 *fill*         0x10017e51        0x3 
 .rodata.__func__.0
                0x10017e54        0xa ./src/hal_entry.o
 *fill*         0x10017e5e        0x2 
 .rodata.g_cmtw0
                0x10017e60        0xc ./rzt_gen/hal_data.o
                0x10017e60                g_cmtw0
 .rodata.g_cmtw0_cfg
                0x10017e6c       0x20 ./rzt_gen/hal_data.o
                0x10017e6c                g_cmtw0_cfg
 .rodata.g_cmtw0_extend
                0x10017e8c       0x16 ./rzt_gen/hal_data.o
                0x10017e8c                g_cmtw0_extend
 *fill*         0x10017ea2        0x2 
 .rodata.g_shared_memory0_cfg
                0x10017ea4       0x18 ./rzt_gen/hal_data.o
                0x10017ea4                g_shared_memory0_cfg
 .rodata.g_shared_memory0_ext_cfg
                0x10017ebc        0x8 ./rzt_gen/hal_data.o
                0x10017ebc                g_shared_memory0_ext_cfg
 .rodata.g_icu_inter_cpu_irq1
                0x10017ec4        0xc ./rzt_gen/hal_data.o
                0x10017ec4                g_icu_inter_cpu_irq1
 .rodata.g_icu_inter_cpu_irq1_cfg
                0x10017ed0       0x10 ./rzt_gen/hal_data.o
                0x10017ed0                g_icu_inter_cpu_irq1_cfg
 .rodata.g_icu_inter_cpu_irq0
                0x10017ee0        0xc ./rzt_gen/hal_data.o
                0x10017ee0                g_icu_inter_cpu_irq0
 .rodata.g_icu_inter_cpu_irq0_cfg
                0x10017eec       0x10 ./rzt_gen/hal_data.o
                0x10017eec                g_icu_inter_cpu_irq0_cfg
 .rodata.g_bsp_pin_cfg
                0x10017efc        0xc ./rzt_gen/pin_data.o
                0x10017efc                g_bsp_pin_cfg
 .rodata.g_vector_table
                0x10017f08      0x700 ./rzt_gen/vector_data.o
                0x10017f08                g_vector_table
 .rodata.g_icu_inter_cpu_irq_on_icu
                0x10018608       0x10 ./rzt/fsp/src/r_icu_inter_cpu_irq/r_icu_inter_cpu_irq.o
                0x10018608                g_icu_inter_cpu_irq_on_icu
 .rodata.g_timer_on_cmtw
                0x10018618       0x30 ./rzt/fsp/src/r_cmtw/r_cmtw.o
                0x10018618                g_timer_on_cmtw
 .rodata.BSP_GICD_ICFGR_INIT
                0x10018648       0x70 ./rzt/fsp/src/bsp/mcu/rzt2m/bsp_irq_sense.o
                0x10018648                BSP_GICD_ICFGR_INIT
 .rodata.coremain.str1.4
                0x100186b8       0x67 ./coremark/core_main.o
 .rodata.state_known_crc
                0x100186b8        0xa ./coremark/core_main.o
 *fill*         0x100186c2        0x2 
 .rodata.matrix_known_crc
                0x100186c4        0xa ./coremark/core_main.o
 *fill*         0x100186ce        0x2 
 .rodata.list_known_crc
                0x100186d0        0xa ./coremark/core_main.o
 .rodata.str1.4
                0x100186da       0xad ./coremark/core_state.o
 *fill*         0x100186da        0x6 
 .rodata.errpat
                0x100186e0       0x10 ./coremark/core_state.o
 .rodata.scipat
                0x100186f0       0x10 ./coremark/core_state.o
 .rodata.floatpat
                0x10018700       0x10 ./coremark/core_state.o
 .rodata.intpat
                0x10018710       0x10 ./coremark/core_state.o
 .rodata.__assert_func.str1.1
                0x10018720      0x1d9 C:/Program Files (x86)/Arm GNU Toolchain arm-none-eabi/13.2 Rel1/bin/../lib/gcc/arm-none-eabi/13.2.1/thumb/v7+fp/hard\libg_nano.a(libc_a-assert.o)
                                 0x3d (size before relaxing)
 .rodata._printf_float.str1.1
                0x100188f9       0x12 C:/Program Files (x86)/Arm GNU Toolchain arm-none-eabi/13.2 Rel1/bin/../lib/gcc/arm-none-eabi/13.2.1/thumb/v7+fp/hard\libg_nano.a(libc_a-nano-vfprintf_float.o)
 .rodata._printf_i.str1.1
                0x100188f9       0x22 C:/Program Files (x86)/Arm GNU Toolchain arm-none-eabi/13.2 Rel1/bin/../lib/gcc/arm-none-eabi/13.2.1/thumb/v7+fp/hard\libg_nano.a(libc_a-nano-vfprintf_i.o)
 .rodata._scanf_float.str1.1
                0x100188f9        0x6 C:/Program Files (x86)/Arm GNU Toolchain arm-none-eabi/13.2 Rel1/bin/../lib/gcc/arm-none-eabi/13.2.1/thumb/v7+fp/hard\libg_nano.a(libc_a-nano-vfscanf_float.o)
 .rodata._dtoa_r.str1.1
                0x100188f9       0x90 C:/Program Files (x86)/Arm GNU Toolchain arm-none-eabi/13.2 Rel1/bin/../lib/gcc/arm-none-eabi/13.2.1/thumb/v7+fp/hard\libg_nano.a(libc_a-dtoa.o)
 .rodata._Balloc.str1.1
                0x100188f9       0x71 C:/Program Files (x86)/Arm GNU Toolchain arm-none-eabi/13.2 Rel1/bin/../lib/gcc/arm-none-eabi/13.2.1/thumb/v7+fp/hard\libg_nano.a(libc_a-mprec.o)
 .rodata.__multadd.str1.1
                0x100188f9       0x11 C:/Program Files (x86)/Arm GNU Toolchain arm-none-eabi/13.2 Rel1/bin/../lib/gcc/arm-none-eabi/13.2.1/thumb/v7+fp/hard\libg_nano.a(libc_a-mprec.o)
 *fill*         0x100188f9        0x3 
 .rodata.p05.0  0x100188fc        0xc C:/Program Files (x86)/Arm GNU Toolchain arm-none-eabi/13.2 Rel1/bin/../lib/gcc/arm-none-eabi/13.2.1/thumb/v7+fp/hard\libg_nano.a(libc_a-mprec.o)
 .rodata.__mprec_bigtens
                0x10018908       0x28 C:/Program Files (x86)/Arm GNU Toolchain arm-none-eabi/13.2 Rel1/bin/../lib/gcc/arm-none-eabi/13.2.1/thumb/v7+fp/hard\libg_nano.a(libc_a-mprec.o)
                0x10018908                __mprec_bigtens
 .rodata.__mprec_tens
                0x10018930       0xc8 C:/Program Files (x86)/Arm GNU Toolchain arm-none-eabi/13.2 Rel1/bin/../lib/gcc/arm-none-eabi/13.2.1/thumb/v7+fp/hard\libg_nano.a(libc_a-mprec.o)
                0x10018930                __mprec_tens
 .rodata._strtod_l.str1.1
                0x100189f8        0xf C:/Program Files (x86)/Arm GNU Toolchain arm-none-eabi/13.2 Rel1/bin/../lib/gcc/arm-none-eabi/13.2.1/thumb/v7+fp/hard\libg_nano.a(libc_a-strtod.o)
 .rodata.fpinan.0
                0x100189f8       0x14 C:/Program Files (x86)/Arm GNU Toolchain arm-none-eabi/13.2 Rel1/bin/../lib/gcc/arm-none-eabi/13.2.1/thumb/v7+fp/hard\libg_nano.a(libc_a-strtod.o)
 .rodata.fpi.1  0x10018a0c       0x14 C:/Program Files (x86)/Arm GNU Toolchain arm-none-eabi/13.2 Rel1/bin/../lib/gcc/arm-none-eabi/13.2.1/thumb/v7+fp/hard\libg_nano.a(libc_a-strtod.o)
 .rodata.tinytens
                0x10018a20       0x28 C:/Program Files (x86)/Arm GNU Toolchain arm-none-eabi/13.2 Rel1/bin/../lib/gcc/arm-none-eabi/13.2.1/thumb/v7+fp/hard\libg_nano.a(libc_a-strtod.o)
 .rodata._ctype_
                0x10018a48      0x101 C:/Program Files (x86)/Arm GNU Toolchain arm-none-eabi/13.2 Rel1/bin/../lib/gcc/arm-none-eabi/13.2.1/thumb/v7+fp/hard\libg_nano.a(libc_a-ctype_.o)
                0x10018a48                _ctype_
 .rodata._svfprintf_r.str1.1
                0x10018b49       0x11 C:/Program Files (x86)/Arm GNU Toolchain arm-none-eabi/13.2 Rel1/bin/../lib/gcc/arm-none-eabi/13.2.1/thumb/v7+fp/hard\libg_nano.a(libc_a-nano-svfprintf.o)
 .rodata._vfprintf_r.str1.1
                0x10018b49       0x11 C:/Program Files (x86)/Arm GNU Toolchain arm-none-eabi/13.2 Rel1/bin/../lib/gcc/arm-none-eabi/13.2.1/thumb/v7+fp/hard\libg_nano.a(libc_a-nano-vfprintf.o)
 .rodata._setlocale_r.str1.1
                0x10018b49        0x9 C:/Program Files (x86)/Arm GNU Toolchain arm-none-eabi/13.2 Rel1/bin/../lib/gcc/arm-none-eabi/13.2.1/thumb/v7+fp/hard\libg_nano.a(libc_a-locale.o)
 .rodata.str1.1
                0x10018b49        0x2 C:/Program Files (x86)/Arm GNU Toolchain arm-none-eabi/13.2 Rel1/bin/../lib/gcc/arm-none-eabi/13.2.1/thumb/v7+fp/hard\libg_nano.a(libc_a-locale.o)
 .rodata.__gethex.str1.1
                0x10018b49       0x74 C:/Program Files (x86)/Arm GNU Toolchain arm-none-eabi/13.2 Rel1/bin/../lib/gcc/arm-none-eabi/13.2.1/thumb/v7+fp/hard\libg_nano.a(libc_a-gdtoa-gethex.o)
                0x10018b49                        _erodata = .
                0x10018bc0                        . = ALIGN (0x8)
 *fill*         0x10018b49        0x7 
                0x10018b50                        PROVIDE (__preinit_array_start = .)
 *(.preinit_array)
                0x10018b50                        PROVIDE (__preinit_array_end = .)
                0x10018b50                        . = ALIGN (0x8)
                0x10018b50                        PROVIDE (__init_array_start = .)
 *(SORT_BY_NAME(.init_array.*))
 *(.init_array)
                0x10018b50                        PROVIDE (__init_array_end = .)
                0x10018b50                        . = ALIGN (0x8)
                [!provide]                        PROVIDE (__fini_array_start = .)
 *(SORT_BY_NAME(.fini_array.*))
 *(.fini_array)
                [!provide]                        PROVIDE (__fini_array_end = .)
 *(.jcr*)
                0x10018b50                        . = ALIGN (0x8)

.igot.plt       0x10018b50        0x0
 .igot.plt      0x10018b50        0x0 ./src/hal_entry.o

.got            0x10018b50        0x0
 *(.got)
 *(.got.plt)
                0x10018b50                        _data_end = .

.bss            0x10018b50      0x2d8
                0x10018b50                        . = ALIGN (0x8)
                0x10018b50                        __bss_start__ = .
                0x10018b50                        _bss = .
 *(.bss*)
 .bss.coremarkTick
                0x10018b50        0x4 ./src/hal_entry.o
                0x10018b50                coremarkTick
 .bss.data_receive_flag
                0x10018b54        0x4 ./src/hal_entry.o
 .bss.transmit_buffer
                0x10018b58      0x100 ./src/hal_entry.o
                0x10018b58                transmit_buffer
 .bss.g_ioport_ctrl
                0x10018c58        0xc ./rzt_gen/common_data.o
                0x10018c58                g_ioport_ctrl
 .bss.g_cmtw0_ctrl
                0x10018c64       0x20 ./rzt_gen/hal_data.o
                0x10018c64                g_cmtw0_ctrl
 .bss.g_shared_memory0_ctrl
                0x10018c84       0x18 ./rzt_gen/hal_data.o
                0x10018c84                g_shared_memory0_ctrl
 .bss.g_icu_inter_cpu_irq1_ctrl
                0x10018c9c       0x14 ./rzt_gen/hal_data.o
                0x10018c9c                g_icu_inter_cpu_irq1_ctrl
 .bss.g_icu_inter_cpu_irq0_ctrl
                0x10018cb0       0x14 ./rzt_gen/hal_data.o
                0x10018cb0                g_icu_inter_cpu_irq0_ctrl
 .bss.g_protect_port_counter
                0x10018cc4        0x4 ./rzt/fsp/src/bsp/mcu/all/bsp_io.o
                0x10018cc4                g_protect_port_counter
 .bss.current_heap_end.0
                0x10018cc8        0x4 ./rzt/fsp/src/bsp/mcu/all/bsp_sbrk.o
 .bss.seed5_volatile
                0x10018ccc        0x4 ./coremark/core_portme.o
                0x10018ccc                seed5_volatile
 .bss.seed2_volatile
                0x10018cd0        0x4 ./coremark/core_portme.o
                0x10018cd0                seed2_volatile
 .bss.seed1_volatile
                0x10018cd4        0x4 ./coremark/core_portme.o
                0x10018cd4                seed1_volatile
 .bss.__malloc_sbrk_start
                0x10018cd8        0x4 C:/Program Files (x86)/Arm GNU Toolchain arm-none-eabi/13.2 Rel1/bin/../lib/gcc/arm-none-eabi/13.2.1/thumb/v7+fp/hard\libg_nano.a(libc_a-mallocr.o)
                0x10018cd8                __malloc_sbrk_start
 .bss.__malloc_free_list
                0x10018cdc        0x4 C:/Program Files (x86)/Arm GNU Toolchain arm-none-eabi/13.2 Rel1/bin/../lib/gcc/arm-none-eabi/13.2.1/thumb/v7+fp/hard\libg_nano.a(libc_a-mallocr.o)
                0x10018cdc                __malloc_free_list
 .bss.__lock___malloc_recursive_mutex
                0x10018ce0        0x1 C:/Program Files (x86)/Arm GNU Toolchain arm-none-eabi/13.2 Rel1/bin/../lib/gcc/arm-none-eabi/13.2.1/thumb/v7+fp/hard\libg_nano.a(libc_a-lock.o)
                0x10018ce0                __lock___malloc_recursive_mutex
 .bss.__lock___sfp_recursive_mutex
                0x10018ce1        0x1 C:/Program Files (x86)/Arm GNU Toolchain arm-none-eabi/13.2 Rel1/bin/../lib/gcc/arm-none-eabi/13.2.1/thumb/v7+fp/hard\libg_nano.a(libc_a-lock.o)
                0x10018ce1                __lock___sfp_recursive_mutex
 *fill*         0x10018ce2        0x2 
 .bss.__sf      0x10018ce4      0x138 C:/Program Files (x86)/Arm GNU Toolchain arm-none-eabi/13.2 Rel1/bin/../lib/gcc/arm-none-eabi/13.2.1/thumb/v7+fp/hard\libg_nano.a(libc_a-findfp.o)
                0x10018ce4                __sf
 .bss.__stdio_exit_handler
                0x10018e1c        0x4 C:/Program Files (x86)/Arm GNU Toolchain arm-none-eabi/13.2 Rel1/bin/../lib/gcc/arm-none-eabi/13.2.1/thumb/v7+fp/hard\libg_nano.a(libc_a-findfp.o)
                0x10018e1c                __stdio_exit_handler
 .bss.errno     0x10018e20        0x4 C:/Program Files (x86)/Arm GNU Toolchain arm-none-eabi/13.2 Rel1/bin/../lib/gcc/arm-none-eabi/13.2.1/thumb/v7+fp/hard\libg_nano.a(libc_a-reent.o)
                0x10018e20                errno
 *(COMMON)
                0x10018e28                        . = ALIGN (0x8)
 *fill*         0x10018e24        0x4 
                0x10018e28                        __bss_end__ = .
                0x10018e28                        _ebss = .
                0x10018e28                        _end = .

.heap           0x10018e28     0x8000
                0x10018e28                        . = ALIGN (0x8)
                0x10018e28                        __HeapBase = .
 *(.heap)
 .heap          0x10018e28     0x8000 ./rzt/fsp/src/bsp/cmsis/Device/RENESAS/Source/cr/startup_core.o
                0x10020e28                        __HeapLimit = .

.aarch64_stack  0x10020e28        0x0
                0x10020e28                        . = ALIGN (0x8)
                0x10020e28                        __AArch64StackBase = .
 *(.aarch64_stack*)
                0x10020e28                        __AArch64StackLimit = .

.thread_stack   0x10020e28        0x0
                0x10020e28                        . = ALIGN (0x8)
                0x10020e28                        __ThreadStackBase = .
 *(.stack*)
                0x10020e28                        __ThreadStackLimit = .

.sys_stack      0x10002718     0x1000
                0x10002718                        . = ALIGN (0x8)
                0x10002718                        __SysStackBase = .
 *(.sys_stack)
 .sys_stack     0x10002718     0x1000 ./rzt/fsp/src/bsp/cmsis/Device/RENESAS/Source/cr/startup_core.o
                0x10003718                        __SysStackLimit = .

.svc_stack      0x10003718     0x1000
                0x10003718                        . = ALIGN (0x8)
                0x10003718                        __SvcStackBase = .
 *(.svc_stack)
 .svc_stack     0x10003718     0x1000 ./rzt/fsp/src/bsp/cmsis/Device/RENESAS/Source/cr/startup_core.o
                0x10004718                        __SvcStackLimit = .

.irq_stack      0x10004718     0x1000
                0x10004718                        . = ALIGN (0x8)
                0x10004718                        __IrqStackBase = .
 *(.irq_stack)
 .irq_stack     0x10004718     0x1000 ./rzt/fsp/src/bsp/cmsis/Device/RENESAS/Source/cr/startup_core.o
                0x10005718                        __IrqStackLimit = .

.fiq_stack      0x10005718     0x1000
                0x10005718                        . = ALIGN (0x8)
                0x10005718                        __FiqStackBase = .
 *(.fiq_stack)
 .fiq_stack     0x10005718     0x1000 ./rzt/fsp/src/bsp/cmsis/Device/RENESAS/Source/cr/startup_core.o
                0x10006718                        __FiqStackLimit = .

.und_stack      0x10006718     0x1000
                0x10006718                        . = ALIGN (0x8)
                0x10006718                        __UndStackBase = .
 *(.und_stack)
 .und_stack     0x10006718     0x1000 ./rzt/fsp/src/bsp/cmsis/Device/RENESAS/Source/cr/startup_core.o
                0x10007718                        __UndStackLimit = .

.abt_stack      0x10007718     0x1000
                0x10007718                        . = ALIGN (0x8)
                0x10007718                        __AbtStackBase = .
 *(.abt_stack)
 .abt_stack     0x10007718     0x1000 ./rzt/fsp/src/bsp/cmsis/Device/RENESAS/Source/cr/startup_core.o
                0x10008718                        __AbtStackLimit = .

.data_noncache  0x30010000        0x0 load address 0x10010000