Archive member included to satisfy reference by file (symbol)

C:/Program Files (x86)/Arm GNU Toolchain arm-none-eabi/13.2 Rel1/bin/../lib/gcc/arm-none-eabi/13.2.1/thumb/v7+fp/hard\libgcc.a(_aeabi_ldivmod.o)
                              ./rzt/fsp/src/r_sci_uart/r_sci_uart.o (__aeabi_ldivmod)
C:/Program Files (x86)/Arm GNU Toolchain arm-none-eabi/13.2 Rel1/bin/../lib/gcc/arm-none-eabi/13.2.1/thumb/v7+fp/hard\libgcc.a(_aeabi_uldivmod.o)
                              ./rzt/fsp/src/bsp/mcu/all/bsp_delay.o (__aeabi_uldivmod)
C:/Program Files (x86)/Arm GNU Toolchain arm-none-eabi/13.2 Rel1/bin/../lib/gcc/arm-none-eabi/13.2.1/thumb/v7+fp/hard\libgcc.a(_udivmoddi4.o)
                              C:/Program Files (x86)/Arm GNU Toolchain arm-none-eabi/13.2 Rel1/bin/../lib/gcc/arm-none-eabi/13.2.1/thumb/v7+fp/hard\libgcc.a(_aeabi_ldivmod.o) (__udivmoddi4)
C:/Program Files (x86)/Arm GNU Toolchain arm-none-eabi/13.2 Rel1/bin/../lib/gcc/arm-none-eabi/13.2.1/thumb/v7+fp/hard\libgcc.a(_dvmd_tls.o)
                              C:/Program Files (x86)/Arm GNU Toolchain arm-none-eabi/13.2 Rel1/bin/../lib/gcc/arm-none-eabi/13.2.1/thumb/v7+fp/hard\libgcc.a(_aeabi_ldivmod.o) (__aeabi_ldiv0)
C:/Program Files (x86)/Arm GNU Toolchain arm-none-eabi/13.2 Rel1/bin/../lib/gcc/arm-none-eabi/13.2.1/thumb/v7+fp/hard\libg_nano.a(libc_a-assert.o)
                              ./src/hal_entry.o (__assert_func)
C:/Program Files (x86)/Arm GNU Toolchain arm-none-eabi/13.2 Rel1/bin/../lib/gcc/arm-none-eabi/13.2.1/thumb/v7+fp/hard\libg_nano.a(libc_a-malloc.o)
                              ./rzt/fsp/src/bsp/mcu/all/bsp_common.o (malloc)
C:/Program Files (x86)/Arm GNU Toolchain arm-none-eabi/13.2 Rel1/bin/../lib/gcc/arm-none-eabi/13.2.1/thumb/v7+fp/hard\libg_nano.a(libc_a-mallocr.o)
                              C:/Program Files (x86)/Arm GNU Toolchain arm-none-eabi/13.2 Rel1/bin/../lib/gcc/arm-none-eabi/13.2.1/thumb/v7+fp/hard\libg_nano.a(libc_a-malloc.o) (_malloc_r)
C:/Program Files (x86)/Arm GNU Toolchain arm-none-eabi/13.2 Rel1/bin/../lib/gcc/arm-none-eabi/13.2.1/thumb/v7+fp/hard\libg_nano.a(libc_a-mlock.o)
                              C:/Program Files (x86)/Arm GNU Toolchain arm-none-eabi/13.2 Rel1/bin/../lib/gcc/arm-none-eabi/13.2.1/thumb/v7+fp/hard\libg_nano.a(libc_a-mallocr.o) (__malloc_lock)
C:/Program Files (x86)/Arm GNU Toolchain arm-none-eabi/13.2 Rel1/bin/../lib/gcc/arm-none-eabi/13.2.1/thumb/v7+fp/hard\libg_nano.a(libc_a-nano-vfprintf_float.o)
                              (_printf_float)
C:/Program Files (x86)/Arm GNU Toolchain arm-none-eabi/13.2 Rel1/bin/../lib/gcc/arm-none-eabi/13.2.1/thumb/v7+fp/hard\libg_nano.a(libc_a-nano-vfprintf_i.o)
                              C:/Program Files (x86)/Arm GNU Toolchain arm-none-eabi/13.2 Rel1/bin/../lib/gcc/arm-none-eabi/13.2.1/thumb/v7+fp/hard\libg_nano.a(libc_a-nano-vfprintf_float.o) (_printf_common)
C:/Program Files (x86)/Arm GNU Toolchain arm-none-eabi/13.2 Rel1/bin/../lib/gcc/arm-none-eabi/13.2.1/thumb/v7+fp/hard\libg_nano.a(libc_a-nano-vfscanf_float.o)
                              (_scanf_float)
C:/Program Files (x86)/Arm GNU Toolchain arm-none-eabi/13.2 Rel1/bin/../lib/gcc/arm-none-eabi/13.2.1/thumb/v7+fp/hard\libg_nano.a(libc_a-fprintf.o)
                              C:/Program Files (x86)/Arm GNU Toolchain arm-none-eabi/13.2 Rel1/bin/../lib/gcc/arm-none-eabi/13.2.1/thumb/v7+fp/hard\libg_nano.a(libc_a-assert.o) (fiprintf)
C:/Program Files (x86)/Arm GNU Toolchain arm-none-eabi/13.2 Rel1/bin/../lib/gcc/arm-none-eabi/13.2.1/thumb/v7+fp/hard\libg_nano.a(libc_a-printf.o)
                              ./src/hal_entry.o (printf)
C:/Program Files (x86)/Arm GNU Toolchain arm-none-eabi/13.2 Rel1/bin/../lib/gcc/arm-none-eabi/13.2.1/thumb/v7+fp/hard\libg_nano.a(libc_a-putchar.o)
                              ./coremark/core_main.o (putchar)
C:/Program Files (x86)/Arm GNU Toolchain arm-none-eabi/13.2 Rel1/bin/../lib/gcc/arm-none-eabi/13.2.1/thumb/v7+fp/hard\libg_nano.a(libc_a-puts.o)
                              ./src/hal_entry.o (puts)
C:/Program Files (x86)/Arm GNU Toolchain arm-none-eabi/13.2 Rel1/bin/../lib/gcc/arm-none-eabi/13.2.1/thumb/v7+fp/hard\libg_nano.a(libc_a-sprintf.o)
                              C:/Program Files (x86)/Arm GNU Toolchain arm-none-eabi/13.2 Rel1/bin/../lib/gcc/arm-none-eabi/13.2.1/thumb/v7+fp/hard\libg_nano.a(libc_a-nano-vfscanf_float.o) (sprintf)
C:/Program Files (x86)/Arm GNU Toolchain arm-none-eabi/13.2 Rel1/bin/../lib/gcc/arm-none-eabi/13.2.1/thumb/v7+fp/hard\libg_nano.a(libc_a-wbuf.o)
                              C:/Program Files (x86)/Arm GNU Toolchain arm-none-eabi/13.2 Rel1/bin/../lib/gcc/arm-none-eabi/13.2.1/thumb/v7+fp/hard\libg_nano.a(libc_a-puts.o) (__swbuf_r)
C:/Program Files (x86)/Arm GNU Toolchain arm-none-eabi/13.2 Rel1/bin/../lib/gcc/arm-none-eabi/13.2.1/thumb/v7+fp/hard\libg_nano.a(libc_a-wsetup.o)
[...]
Memory Configuration

Name             Origin             Length             Attributes
ATCM             0x00000000         0x00080000
BTCM             0x00100000         0x00010000
SYSTEM_RAM       0x10000000         0x00200000
SYSTEM_RAM_MIRROR 0x30000000         0x00200000
xSPI0_CS0_SPACE_MIRROR 0x40000000         0x04000000
xSPI0_CS1_SPACE_MIRROR 0x44000000         0x04000000
xSPI1_CS0_SPACE_MIRROR 0x48000000         0x04000000
xSPI1_CS1_SPACE_MIRROR 0x4c000000         0x04000000
CS0_SPACE_MIRROR 0x50000000         0x04000000
CS2_SPACE_MIRROR 0x54000000         0x04000000
CS3_SPACE_MIRROR 0x58000000         0x04000000
CS5_SPACE_MIRROR 0x5c000000         0x04000000
xSPI0_CS0_SPACE  0x60000000         0x04000000
xSPI0_CS1_SPACE  0x64000000         0x04000000
xSPI1_CS0_SPACE  0x68000000         0x04000000
xSPI1_CS1_SPACE  0x6c000000         0x04000000
CS0_SPACE        0x70000000         0x04000000
CS2_SPACE        0x74000000         0x04000000
CS3_SPACE        0x78000000         0x04000000
CS5_SPACE        0x7c000000         0x04000000
RAM_TEXT         0x00000000         0x00080000
RAM_DATA         0x00000000         0x00080000
LOADER_TEXT_STACK 0x00100000         0x00010000
LOADER_DATA_STACK 0x00100000         0x00010000
FLASH_CONTENTS   0x60000000         0x04000000
NONCACHE         0x30000000         0x00200000
*default*        0x00000000         0xffffffff

Linker script and memory map

START GROUP
LOAD ./src/hal_entry.o
LOAD ./src/syscall.o
LOAD ./rzt_gen/common_data.o
LOAD ./rzt_gen/hal_data.o
LOAD ./rzt_gen/main.o
LOAD ./rzt_gen/pin_data.o
LOAD ./rzt_gen/vector_data.o
LOAD ./rzt/fsp/src/r_shared_memory/r_shared_memory.o
LOAD ./rzt/fsp/src/r_sci_uart/r_sci_uart.o
LOAD ./rzt/fsp/src/r_ioport/r_ioport.o
LOAD ./rzt/fsp/src/r_icu_inter_cpu_irq/r_icu_inter_cpu_irq.o
LOAD ./rzt/fsp/src/r_gpt/r_gpt.o
LOAD ./rzt/fsp/src/bsp/mcu/rzt2m/bsp_irq_sense.o
LOAD ./rzt/fsp/src/bsp/mcu/rzt2m/bsp_loader_param.o
LOAD ./rzt/fsp/src/bsp/mcu/all/cr/bsp_cache_core.o
LOAD ./rzt/fsp/src/bsp/mcu/all/cr/bsp_delay_core.o
LOAD ./rzt/fsp/src/bsp/mcu/all/cr/bsp_irq_core.o
LOAD ./rzt/fsp/src/bsp/mcu/all/bsp_address_expander.o
LOAD ./rzt/fsp/src/bsp/mcu/all/bsp_cache.o
LOAD ./rzt/fsp/src/bsp/mcu/all/bsp_clocks.o
LOAD ./rzt/fsp/src/bsp/mcu/all/bsp_common.o
LOAD ./rzt/fsp/src/bsp/mcu/all/bsp_ddr.o
LOAD ./rzt/fsp/src/bsp/mcu/all/bsp_ddr_fw_param.o
LOAD ./rzt/fsp/src/bsp/mcu/all/bsp_delay.o
LOAD ./rzt/fsp/src/bsp/mcu/all/bsp_io.o
LOAD ./rzt/fsp/src/bsp/mcu/all/bsp_irq.o
LOAD ./rzt/fsp/src/bsp/mcu/all/bsp_register_protection.o
LOAD ./rzt/fsp/src/bsp/mcu/all/bsp_reset.o
LOAD ./rzt/fsp/src/bsp/mcu/all/bsp_sbrk.o
LOAD ./rzt/fsp/src/bsp/mcu/all/bsp_semaphore.o
LOAD ./rzt/fsp/src/bsp/mcu/all/bsp_slave_stop.o
LOAD ./rzt/fsp/src/bsp/mcu/all/bsp_tzc400.o
LOAD ./rzt/fsp/src/bsp/cmsis/Device/RENESAS/Source/cr/startup_core.o
LOAD ./rzt/fsp/src/bsp/cmsis/Device/RENESAS/Source/cr/system_core.o
LOAD ./rzt/fsp/src/bsp/cmsis/Device/RENESAS/Source/startup.o
LOAD ./rzt/fsp/src/bsp/cmsis/Device/RENESAS/Source/system.o
LOAD ./rzt/board/rzt2m_rsk/board_init.o
LOAD ./rzt/board/rzt2m_rsk/board_leds.o
LOAD ./coremark/core_list_join.o
LOAD ./coremark/core_main.o
LOAD ./coremark/core_matrix.o
LOAD ./coremark/core_portme.o
LOAD ./coremark/core_state.o
LOAD ./coremark/core_util.o
LOAD E:/RS_workspace/rzt2m_coremark_fsp220_cpu1/Debug/secondary.o
END GROUP
START GROUP
END GROUP
START GROUP
LOAD C:/Program Files (x86)/Arm GNU Toolchain arm-none-eabi/13.2 Rel1/bin/../lib/gcc/arm-none-eabi/13.2.1/thumb/v7+fp/hard\libgcc.a
LOAD C:/Program Files (x86)/Arm GNU Toolchain arm-none-eabi/13.2 Rel1/bin/../lib/gcc/arm-none-eabi/13.2.1/thumb/v7+fp/hard\libg_nano.a
LOAD C:/Program Files (x86)/Arm GNU Toolchain arm-none-eabi/13.2 Rel1/bin/../lib/gcc/arm-none-eabi/13.2.1/thumb/v7+fp/hard\libc_nano.a
END GROUP
START GROUP
LOAD C:/Program Files (x86)/Arm GNU Toolchain arm-none-eabi/13.2 Rel1/bin/../lib/gcc/arm-none-eabi/13.2.1/thumb/v7+fp/hard\libgcc.a
LOAD C:/Program Files (x86)/Arm GNU Toolchain arm-none-eabi/13.2 Rel1/bin/../lib/gcc/arm-none-eabi/13.2.1/thumb/v7+fp/hard\libc_nano.a
LOAD C:/Program Files (x86)/Arm GNU Toolchain arm-none-eabi/13.2 Rel1/bin/../lib/gcc/arm-none-eabi/13.2.1/thumb/v7+fp/hard\libnosys.a
END GROUP
START GROUP
LOAD C:/Program Files (x86)/Arm GNU Toolchain arm-none-eabi/13.2 Rel1/bin/../lib/gcc/arm-none-eabi/13.2.1/thumb/v7+fp/hard\libgcc.a
LOAD C:/Program Files (x86)/Arm GNU Toolchain arm-none-eabi/13.2 Rel1/bin/../lib/gcc/arm-none-eabi/13.2.1/thumb/v7+fp/hard\libc_nano.a
LOAD C:/Program Files (x86)/Arm GNU Toolchain arm-none-eabi/13.2 Rel1/bin/../lib/gcc/arm-none-eabi/13.2.1/thumb/v7+fp/hard\libnosys.a
END GROUP
                0x00000000                        ATCM_START = 0x0
                0x00080000                        ATCM_LENGTH = 0x80000
                0x00100000                        BTCM_START = 0x100000
                0x00010000                        BTCM_LENGTH = 0x10000
                0x10000000                        SYSTEM_RAM_START = 0x10000000
                0x00200000                        SYSTEM_RAM_LENGTH = 0x200000
                0x30000000                        SYSTEM_RAM_MIRROR_START = 0x30000000
                0x00200000                        SYSTEM_RAM_MIRROR_LENGTH = 0x200000
                0x40000000                        xSPI0_CS0_SPACE_MIRROR_START = 0x40000000
                0x04000000                        xSPI0_CS0_SPACE_MIRROR_LENGTH = 0x4000000
                0x44000000                        xSPI0_CS1_SPACE_MIRROR_START = 0x44000000
                0x04000000                        xSPI0_CS1_SPACE_MIRROR_LENGTH = 0x4000000
                0x48000000                        xSPI1_CS0_SPACE_MIRROR_START = 0x48000000
                0x04000000                        xSPI1_CS0_SPACE_MIRROR_LENGTH = 0x4000000
                0x4c000000                        xSPI1_CS1_SPACE_MIRROR_START = 0x4c000000
                0x04000000                        xSPI1_CS1_SPACE_MIRROR_LENGTH = 0x4000000
                0x50000000                        CS0_SPACE_MIRROR_START = 0x50000000
                0x04000000                        CS0_SPACE_MIRROR_LENGTH = 0x4000000
                0x54000000                        CS2_SPACE_MIRROR_START = 0x54000000
                0x04000000                        CS2_SPACE_MIRROR_LENGTH = 0x4000000
                0x58000000                        CS3_SPACE_MIRROR_START = 0x58000000
                0x04000000                        CS3_SPACE_MIRROR_LENGTH = 0x4000000
                0x5c000000                        CS5_SPACE_MIRROR_START = 0x5c000000
                0x04000000                        CS5_SPACE_MIRROR_LENGTH = 0x4000000
                0x60000000                        xSPI0_CS0_SPACE_START = 0x60000000
                0x04000000                        xSPI0_CS0_SPACE_LENGTH = 0x4000000
                0x64000000                        xSPI0_CS1_SPACE_START = 0x64000000
                0x04000000                        xSPI0_CS1_SPACE_LENGTH = 0x4000000
                0x68000000                        xSPI1_CS0_SPACE_START = 0x68000000
                0x04000000                        xSPI1_CS0_SPACE_LENGTH = 0x4000000
                0x6c000000                        xSPI1_CS1_SPACE_START = 0x6c000000
                0x04000000                        xSPI1_CS1_SPACE_LENGTH = 0x4000000
                0x70000000                        CS0_SPACE_START = 0x70000000
                0x04000000                        CS0_SPACE_LENGTH = 0x4000000
                0x74000000                        CS2_SPACE_START = 0x74000000
                0x04000000                        CS2_SPACE_LENGTH = 0x4000000
                0x78000000                        CS3_SPACE_START = 0x78000000
                0x04000000                        CS3_SPACE_LENGTH = 0x4000000
                0x7c000000                        CS5_SPACE_START = 0x7c000000
                0x04000000                        CS5_SPACE_LENGTH = 0x4000000
                0x00000001                        CR52_0 = 0x1
                0x00000000                        ATCM_PRV_START = DEFINED (ATCM_START)?ATCM_START:0x0
                0x00080000                        ATCM_PRV_LENGTH = DEFINED (ATCM_LENGTH)?ATCM_LENGTH:0x0
                0x00100000                        BTCM_PRV_START = DEFINED (BTCM_START)?BTCM_START:0x0
                0x00010000                        BTCM_PRV_LENGTH = DEFINED (BTCM_LENGTH)?BTCM_LENGTH:0x0
                0x10000000                        SYSTEM_RAM_PRV_START = DEFINED (SYSTEM_RAM_START)?SYSTEM_RAM_START:0x0
                0x00200000                        SYSTEM_RAM_PRV_LENGTH = DEFINED (SYSTEM_RAM_LENGTH)?SYSTEM_RAM_LENGTH:0x0
                0x30000000                        SYSTEM_RAM_MIRROR_PRV_START = DEFINED (SYSTEM_RAM_MIRROR_START)?SYSTEM_RAM_MIRROR_START:0x0
                0x00200000                        SYSTEM_RAM_MIRROR_PRV_LENGTH = DEFINED (SYSTEM_RAM_MIRROR_LENGTH)?SYSTEM_RAM_MIRROR_LENGTH:0x0
                0x40000000                        xSPI0_CS0_SPACE_MIRROR_PRV_START = DEFINED (xSPI0_CS0_SPACE_MIRROR_START)?xSPI0_CS0_SPACE_MIRROR_START:0x0
                0x04000000                        xSPI0_CS0_SPACE_MIRROR_PRV_LENGTH = DEFINED (xSPI0_CS0_SPACE_MIRROR_LENGTH)?xSPI0_CS0_SPACE_MIRROR_LENGTH:0x0
                0x44000000                        xSPI0_CS1_SPACE_MIRROR_PRV_START = DEFINED (xSPI0_CS1_SPACE_MIRROR_START)?xSPI0_CS1_SPACE_MIRROR_START:0x0
                0x04000000                        xSPI0_CS1_SPACE_MIRROR_PRV_LENGTH = DEFINED (xSPI0_CS1_SPACE_MIRROR_LENGTH)?xSPI0_CS1_SPACE_MIRROR_LENGTH:0x0
                0x48000000                        xSPI1_CS0_SPACE_MIRROR_PRV_START = DEFINED (xSPI1_CS0_SPACE_MIRROR_START)?xSPI1_CS0_SPACE_MIRROR_START:0x0
                0x04000000                        xSPI1_CS0_SPACE_MIRROR_PRV_LENGTH = DEFINED (xSPI1_CS0_SPACE_MIRROR_LENGTH)?xSPI1_CS0_SPACE_MIRROR_LENGTH:0x0
                0x4c000000                        xSPI1_CS1_SPACE_MIRROR_PRV_START = DEFINED (xSPI1_CS1_SPACE_MIRROR_START)?xSPI1_CS1_SPACE_MIRROR_START:0x0
                0x04000000                        xSPI1_CS1_SPACE_MIRROR_PRV_LENGTH = DEFINED (xSPI1_CS1_SPACE_MIRROR_LENGTH)?xSPI1_CS1_SPACE_MIRROR_LENGTH:0x0
                0x50000000                        CS0_SPACE_MIRROR_PRV_START = DEFINED (CS0_SPACE_MIRROR_START)?CS0_SPACE_MIRROR_START:0x0
                0x04000000                        CS0_SPACE_MIRROR_PRV_LENGTH = DEFINED (CS0_SPACE_MIRROR_LENGTH)?CS0_SPACE_MIRROR_LENGTH:0x0
                0x54000000                        CS2_SPACE_MIRROR_PRV_START = DEFINED (CS2_SPACE_MIRROR_START)?CS2_SPACE_MIRROR_START:0x0
                0x04000000                        CS2_SPACE_MIRROR_PRV_LENGTH = DEFINED (CS2_SPACE_MIRROR_LENGTH)?CS2_SPACE_MIRROR_LENGTH:0x0
                0x58000000                        CS3_SPACE_MIRROR_PRV_START = DEFINED (CS3_SPACE_MIRROR_START)?CS3_SPACE_MIRROR_START:0x0
                0x04000000                        CS3_SPACE_MIRROR_PRV_LENGTH = DEFINED (CS3_SPACE_MIRROR_LENGTH)?CS3_SPACE_MIRROR_LENGTH:0x0
                0x5c000000                        CS5_SPACE_MIRROR_PRV_START = DEFINED (CS5_SPACE_MIRROR_START)?CS5_SPACE_MIRROR_START:0x0
                0x04000000                        CS5_SPACE_MIRROR_PRV_LENGTH = DEFINED (CS5_SPACE_MIRROR_LENGTH)?CS5_SPACE_MIRROR_LENGTH:0x0
                0x60000000                        xSPI0_CS0_SPACE_PRV_START = DEFINED (xSPI0_CS0_SPACE_START)?xSPI0_CS0_SPACE_START:0x0
                0x04000000                        xSPI0_CS0_SPACE_PRV_LENGTH = DEFINED (xSPI0_CS0_SPACE_LENGTH)?xSPI0_CS0_SPACE_LENGTH:0x0
                0x64000000                        xSPI0_CS1_SPACE_PRV_START = DEFINED (xSPI0_CS1_SPACE_START)?xSPI0_CS1_SPACE_START:0x0
                0x04000000                        xSPI0_CS1_SPACE_PRV_LENGTH = DEFINED (xSPI0_CS1_SPACE_LENGTH)?xSPI0_CS1_SPACE_LENGTH:0x0
                0x68000000                        xSPI1_CS0_SPACE_PRV_START = DEFINED (xSPI1_CS0_SPACE_START)?xSPI1_CS0_SPACE_START:0x0
                0x04000000                        xSPI1_CS0_SPACE_PRV_LENGTH = DEFINED (xSPI1_CS0_SPACE_LENGTH)?xSPI1_CS0_SPACE_LENGTH:0x0
                0x6c000000                        xSPI1_CS1_SPACE_PRV_START = DEFINED (xSPI1_CS1_SPACE_START)?xSPI1_CS1_SPACE_START:0x0
                0x04000000                        xSPI1_CS1_SPACE_PRV_LENGTH = DEFINED (xSPI1_CS1_SPACE_LENGTH)?xSPI1_CS1_SPACE_LENGTH:0x0
                0x70000000                        CS0_SPACE_PRV_START = DEFINED (CS0_SPACE_START)?CS0_SPACE_START:0x0
                0x04000000                        CS0_SPACE_PRV_LENGTH = DEFINED (CS0_SPACE_LENGTH)?CS0_SPACE_LENGTH:0x0
                0x74000000                        CS2_SPACE_PRV_START = DEFINED (CS2_SPACE_START)?CS2_SPACE_START:0x0
                0x04000000                        CS2_SPACE_PRV_LENGTH = DEFINED (CS2_SPACE_LENGTH)?CS2_SPACE_LENGTH:0x0
                0x78000000                        CS3_SPACE_PRV_START = DEFINED (CS3_SPACE_START)?CS3_SPACE_START:0x0
                0x04000000                        CS3_SPACE_PRV_LENGTH = DEFINED (CS3_SPACE_LENGTH)?CS3_SPACE_LENGTH:0x0
                0x7c000000                        CS5_SPACE_PRV_START = DEFINED (CS5_SPACE_START)?CS5_SPACE_START:0x0
                0x04000000                        CS5_SPACE_PRV_LENGTH = DEFINED (CS5_SPACE_LENGTH)?CS5_SPACE_LENGTH:0x0
                0x00000001                        _RZT_ORDINAL = ((0x40000000 == xSPI0_CS0_SPACE_PRV_START) || (0x60000000 == xSPI0_CS0_SPACE_PRV_START))?0x1:0x2
                0x00000001                        HAS_SYSTEM_RAM_MIRROR = DEFINED (SYSTEM_RAM_MIRROR_START)?0x1:0x0
                0x10000000                        SYSTEM_RAM_ALIGN_START = ALIGN (SYSTEM_RAM_PRV_START, 0x20000)
                0x00200000                        SYSTEM_RAM_ALIGN_LENGTH = (SYSTEM_RAM_PRV_LENGTH - (SYSTEM_RAM_PRV_LENGTH % 0x20000))
                0x20000000                        SYSTEM_RAM_MIRROR_OFFSET = (0x0 == HAS_SYSTEM_RAM_MIRROR)?(DEFINED (CR52_0) || DEFINED (CR52_1))?0x0:0x200000:0x20000000
                0x60000000                        xSPI0_CS0_SPACE_ALIGN_START = ALIGN (xSPI0_CS0_SPACE_PRV_START, 0x20000)
                0x04000000                        xSPI0_CS0_SPACE_ALIGN_LENGTH = (xSPI0_CS0_SPACE_PRV_LENGTH - (xSPI0_CS0_SPACE_PRV_LENGTH % 0x20000))
                0x00000000                        RAM_START = ((0x1 == _RZT_ORDINAL) && DEFINED (CR52_0))?ATCM_PRV_START:SYSTEM_RAM_ALIGN_START
                0x00080000                        RAM_LENGTH = ((0x1 == _RZT_ORDINAL) && DEFINED (CR52_0))?ATCM_PRV_LENGTH:SYSTEM_RAM_ALIGN_LENGTH
                0x00100000                        LOADER_START = ((0x1 == _RZT_ORDINAL) && DEFINED (CR52_0))?BTCM_PRV_START:SYSTEM_RAM_ALIGN_START
                0x00010000                        LOADER_LENGTH = ((0x1 == _RZT_ORDINAL) && DEFINED (CR52_0))?BTCM_PRV_LENGTH:SYSTEM_RAM_ALIGN_LENGTH
                0x60000000                        ROM_START = (0x1 == _RZT_ORDINAL)?xSPI0_CS0_SPACE_ALIGN_START:SYSTEM_RAM_ALIGN_START
                0x04000000                        ROM_LENGTH = (0x1 == _RZT_ORDINAL)?xSPI0_CS0_SPACE_ALIGN_LENGTH:SYSTEM_RAM_ALIGN_LENGTH
                0x60000000                        LOADER_PARAM_ADDRESS = (0x1 == _RZT_ORDINAL)?xSPI0_CS0_SPACE_ALIGN_START:_loader_text_start
                0x0000004c                        FLASH_CONTENTS_OFFSET = (0x0 == HAS_SYSTEM_RAM_MIRROR)?0x50:0x4c
                0x6000004c                        FLASH_CONTENTS_ADDRESS = (0x1 == _RZT_ORDINAL)?(LOADER_PARAM_ADDRESS + FLASH_CONTENTS_OFFSET):_loader_text_start
                0x6000bdf4                        NONCACHE_FLASH_CONTENTS_ADDRESS = (0x1 == _RZT_ORDINAL)?flash_contents_end:(RAM_START + 0x10000)
                0x00000000                        INTVEC_ADDRESS = RAM_START
                0x00000800                        IMAGE_INFO_ADDRESS = (RAM_START + 0x800)
                0x00102000                        LOADER_TEXT_ADDRESS = ((0x1 == _RZT_ORDINAL) && DEFINED (CR52_0))?(LOADER_START + 0x2000):(LOADER_START + 0x1000)
                0x00000100                        TEXT_ADDRESS = (0x1 == _RZT_ORDINAL)?DEFINED (CR52_0)?(RAM_START + 0x100):(RAM_START + 0x10000):((0x0 == HAS_SYSTEM_RAM_MIRROR) && (DEFINED (CR52_0) || DEFINED (CR52_1)))?(RAM_START + 0x10000):noncache_flash_contents_end
                0x6000004c                        LOADER_TEXT_IMAGE = (0x1 == _RZT_ORDINAL)?_mloader_text:_loader_text_start
                0x60001450                        LOADER_DATA_IMAGE = (0x1 == _RZT_ORDINAL)?_mloader_data:_loader_data_start
                0x60001d68                        INTVEC_IMAGE = (0x1 == _RZT_ORDINAL)?_mfvector:_fvector_start
                0x60001de8                        TEXT_IMAGE = (0x1 == _RZT_ORDINAL)?_mtext:_text_start
                0x6000a370                        DATA_IMAGE = (0x1 == _RZT_ORDINAL)?_mdata:_data_start
                0x60020000                        SECONDARY_IMAGE = (0x1 == _RZT_ORDINAL)?ALIGN (noncache_flash_contents_end, 0x20000):_secondary_start
                0x00068000                        DATA_NONCACHE_OFFSET = DEFINED (SYSTEM_RAM_START)?0x68000:0x0
                0x00064000                        DMAC_LINK_MODE_OFFSET = DEFINED (SYSTEM_RAM_START)?0x64000:0x0
                0x00060000                        SHARED_NONCACHE_BUFFER_OFFSET = DEFINED (SYSTEM_RAM_START)?0x60000:0x0
                0x00040000                        NONCACHE_BUFFER_OFFSET = DEFINED (SYSTEM_RAM_START)?0x40000:0x0
                0x10200000                        SYSTEM_RAM_END_ADDRESS = (SYSTEM_RAM_ALIGN_START + SYSTEM_RAM_ALIGN_LENGTH)
                0x30200000                        SYSTEM_RAM_MIRROR_END_ADDRESS = ((SYSTEM_RAM_ALIGN_START + SYSTEM_RAM_ALIGN_LENGTH) + SYSTEM_RAM_MIRROR_OFFSET)
                0x6000bdf4                        DATA_NONCACHE_INIT_START = (0x1 == _RZT_ORDINAL)?_mdata_noncache:((0x0 == HAS_SYSTEM_RAM_MIRROR) && (DEFINED (CR52_0) || DEFINED (CR52_1)))?__ThreadStackLimit:_mdata_noncache
                0x6000bdf4                        DMAC_LINK_MODE_INIT_START = (0x1 == _RZT_ORDINAL)?_mdmac_link_mode:((0x0 == HAS_SYSTEM_RAM_MIRROR) && (DEFINED (CR52_0) || DEFINED (CR52_1)))?_data_noncache_end:_mdmac_link_mode
                0x6000bdf4                        NONCACHE_BUFFER_INIT_START = (0x1 == _RZT_ORDINAL)?_mncbuffer:((0x0 == HAS_SYSTEM_RAM_MIRROR) && (DEFINED (CR52_0) || DEFINED (CR52_1)))?_dmac_link_mode_end:_mncbuffer
                0x6000bdf4                        SHARED_NONCACHE_BUFFER_INIT_START = (0x1 == _RZT_ORDINAL)?_msncbuffer:((0x0 == HAS_SYSTEM_RAM_MIRROR) && (DEFINED (CR52_0) || DEFINED (CR52_1)))?_ncbuffer_end:_msncbuffer
                0x30198000                        DATA_NONCACHE_START = (0x1 == _RZT_ORDINAL)?(SYSTEM_RAM_MIRROR_END_ADDRESS - DATA_NONCACHE_OFFSET):((0x0 == HAS_SYSTEM_RAM_MIRROR) && (DEFINED (CR52_0) || DEFINED (CR52_1)))?__ThreadStackLimit:(_mdata_noncache + SYSTEM_RAM_MIRROR_OFFSET)
                0x3019c000                        DMAC_LINK_MODE_START = (0x1 == _RZT_ORDINAL)?(SYSTEM_RAM_MIRROR_END_ADDRESS - DMAC_LINK_MODE_OFFSET):((0x0 == HAS_SYSTEM_RAM_MIRROR) && (DEFINED (CR52_0) || DEFINED (CR52_1)))?_data_noncache_end:(_mdmac_link_mode + SYSTEM_RAM_MIRROR_OFFSET)
                0x301c0000                        NONCACHE_BUFFER_START = (0x1 == _RZT_ORDINAL)?(SYSTEM_RAM_MIRROR_END_ADDRESS - NONCACHE_BUFFER_OFFSET):((0x0 == HAS_SYSTEM_RAM_MIRROR) && (DEFINED (CR52_0) || DEFINED (CR52_1)))?_dmac_link_mode_end:(_mncbuffer + SYSTEM_RAM_MIRROR_OFFSET)
                0x301a0000                        SHARED_NONCACHE_BUFFER_START = (SYSTEM_RAM_MIRROR_END_ADDRESS - SHARED_NONCACHE_BUFFER_OFFSET)
                0x00000000                        data_noncache_size = (_data_noncache_end - _data_noncache_start)
                0x00000000                        dmac_link_mode_size = (_dmac_link_mode_end - _dmac_link_mode_start)
                0x00000000                        sncbuffer_size = (_sncbuffer_end - _sncbuffer_start)
                0x00000000                        ncbuffer_size = (_ncbuffer_end - _ncbuffer_start)

.loader_param   0x60000000       0x4c
 *(.loader_param)
 .loader_param  0x60000000       0x4c ./rzt/fsp/src/bsp/mcu/rzt2m/bsp_loader_param.o
                0x60000000                g_bsp_loader_param

.flash_contents
                0x6000004c     0xbda8
                0x6000004c                        _mloader_text = .
                0x6000144c                        . = (0x1 == _RZT_ORDINAL)?(. + (_loader_text_end - _loader_text_start)):.
 *fill*         0x6000004c     0x1400 
                0x60001450                        . = ALIGN (0x8)
 *fill*         0x6000144c        0x4 
                0x60001450                        _mloader_data = .
                0x60001d68                        . = (0x1 == _RZT_ORDINAL)?(. + (_loader_data_end - _loader_data_start)):.
 *fill*         0x60001450      0x918 
                0x60001d68                        . = ALIGN (0x8)
                0x60001d68                        _mfvector = .
                0x60001de8                        . = (0x1 == _RZT_ORDINAL)?(. + (_fvector_end - _fvector_start)):.
 *fill*         0x60001d68       0x80 
                0x60001de8                        . = ALIGN (0x8)
                0x60001de8                        _mtext = .
                0x6000a36c                        . = (0x1 == _RZT_ORDINAL)?(. + (_text_end - _text_start)):.
 *fill*         0x60001de8     0x8584 
                0x6000a370                        . = ALIGN (0x8)
 *fill*         0x6000a36c        0x4 
                0x6000a370                        _mdata = .
                0x6000bdf4                        . = (0x1 == _RZT_ORDINAL)?(. + (_data_end - _data_start)):.
 *fill*         0x6000a370     0x1a84 
                0x6000bdf4                        flash_contents_end = .

.noncache_flash_contents
                0x6000bdf4        0x0
                0x6000bdf4                        . = (0x0 != data_noncache_size)?ALIGN (0x8):.
                0x6000bdf4                        _mdata_noncache = .
                0x6000bdf4                        . = (. + data_noncache_size)
                0x6000bdf4                        . = (0x0 != dmac_link_mode_size)?ALIGN (0x8):.
                0x6000bdf4                        _mdmac_link_mode = .
                0x6000bdf4                        . = (. + dmac_link_mode_size)
                0x6000bdf4                        . = (0x0 != sncbuffer_size)?ALIGN (0x20):.
                0x6000bdf4                        _msncbuffer = .
                0x6000bdf4                        . = (. + sncbuffer_size)
                0x6000bdf4                        . = (0x0 != ncbuffer_size)?ALIGN (0x20):.
                0x6000bdf4                        _mncbuffer = .
                0x6000bdf4                        . = (. + ncbuffer_size)
                0x6000bdf4                        noncache_flash_contents_end = .

.loader_text    0x00102000     0x1400 load address 0x6000004c
                0x00102000                        _loader_text_start = .
 *(.loader_text)
 .loader_text   0x00102000       0x5c ./rzt/fsp/src/bsp/cmsis/Device/RENESAS/Source/cr/startup_core.o
                0x00102000                system_init
 */fsp/src/bsp/cmsis/Device/RENESAS/Source/*.o(.text*)
 .text.Default_Handler
                0x0010205c        0x4 ./rzt/fsp/src/bsp/cmsis/Device/RENESAS/Source/cr/startup_core.o
                0x0010205c                Abort_Handler
                0x0010205c                Default_Handler
                0x0010205c                Prefetch_Handler
                0x0010205c                Reserved_Handler
                0x0010205c                SVC_Handler
                0x0010205c                FIQ_Handler
                0x0010205c                Undefined_Handler
 .text.stack_init
                0x00102060       0x64 ./rzt/fsp/src/bsp/cmsis/Device/RENESAS/Source/cr/startup_core.o
                0x00102060                stack_init
 .text.fpu_slavetcm_init
                0x001020c4       0x14 ./rzt/fsp/src/bsp/cmsis/Device/RENESAS/Source/cr/startup_core.o
                0x001020c4                fpu_slavetcm_init
 .text.IRQ_Handler
                0x001020d8       0x78 ./rzt/fsp/src/bsp/cmsis/Device/RENESAS/Source/cr/startup_core.o
                0x001020d8                IRQ_Handler
 .text.bsp_fpu_advancedsimd_init
                0x00102150       0x24 ./rzt/fsp/src/bsp/cmsis/Device/RENESAS/Source/cr/system_core.o
                0x00102150                bsp_fpu_advancedsimd_init
 .text.bsp_slavetcm_enable
                0x00102174       0x18 ./rzt/fsp/src/bsp/cmsis/Device/RENESAS/Source/cr/system_core.o
                0x00102174                bsp_slavetcm_enable
 .text.bsp_memory_protect_setting
                0x0010218c       0x78 ./rzt/fsp/src/bsp/cmsis/Device/RENESAS/Source/cr/system_core.o
                0x0010218c                bsp_memory_protect_setting
 .text.bsp_irq_cfg_common
                0x00102204       0x20 ./rzt/fsp/src/bsp/cmsis/Device/RENESAS/Source/cr/system_core.o
                0x00102204                bsp_irq_cfg_common
 .text.SystemInit
                0x00102224       0x54 ./rzt/fsp/src/bsp/cmsis/Device/RENESAS/Source/startup.o
                0x00102224                SystemInit
 .text.bsp_master_mpu_init
                0x00102278      0x10c ./rzt/fsp/src/bsp/cmsis/Device/RENESAS/Source/system.o
                0x00102278                bsp_master_mpu_init
 .text.bsp_global_system_counter_init
                0x00102384       0x28 ./rzt/fsp/src/bsp/cmsis/Device/RENESAS/Source/system.o
                0x00102384                bsp_global_system_counter_init
 .text.bsp_copy_multibyte
                0x001023ac       0x60 ./rzt/fsp/src/bsp/cmsis/Device/RENESAS/Source/system.o
                0x001023ac                bsp_copy_multibyte
 .text.bsp_loader_data_init
                0x0010240c       0x24 ./rzt/fsp/src/bsp/cmsis/Device/RENESAS/Source/system.o
                0x0010240c                bsp_loader_data_init
 .text.bsp_bss_init_multibyte
                0x00102430       0x68 ./rzt/fsp/src/bsp/cmsis/Device/RENESAS/Source/system.o
                0x00102430                bsp_bss_init_multibyte
 .text.bsp_loader_bss_init
                0x00102498       0x1c ./rzt/fsp/src/bsp/cmsis/Device/RENESAS/Source/system.o
                0x00102498                bsp_loader_bss_init
 .text.bsp_application_bss_init
                0x001024b4       0x1c ./rzt/fsp/src/bsp/cmsis/Device/RENESAS/Source/system.o
                0x001024b4                bsp_application_bss_init
 .text.bsp_cpu_reset_release
                0x001024d0       0x38 ./rzt/fsp/src/bsp/cmsis/Device/RENESAS/Source/system.o
                0x001024d0                bsp_cpu_reset_release
 .text.bsp_copy_to_ram
                0x00102508      0x110 ./rzt/fsp/src/bsp/cmsis/Device/RENESAS/Source/system.o
                0x00102508                bsp_copy_to_ram
 .text.bsp_tfu_init
                0x00102618       0x44 ./rzt/fsp/src/bsp/cmsis/Device/RENESAS/Source/system.o
                0x00102618                bsp_tfu_init
 .text.bsp_static_constructor_init
                0x0010265c       0x54 ./rzt/fsp/src/bsp/cmsis/Device/RENESAS/Source/system.o
                0x0010265c                bsp_static_constructor_init
 */fsp/src/bsp/mcu/all/*/bsp_irq_core.o(.text*)
 .text.bsp_irq_core_cfg
                0x001026b0       0xac ./rzt/fsp/src/bsp/mcu/all/cr/bsp_irq_core.o
                0x001026b0                bsp_irq_core_cfg
 .text.bsp_common_interrupt_handler
                0x0010275c       0x58 ./rzt/fsp/src/bsp/mcu/all/cr/bsp_irq_core.o
                0x0010275c                bsp_common_interrupt_handler
 */fsp/src/bsp/mcu/all/bsp_clocks.o(.text*)
 .text.SystemCoreClockUpdate
                0x001027b4       0x34 ./rzt/fsp/src/bsp/mcu/all/bsp_clocks.o
                0x001027b4                SystemCoreClockUpdate
 .text.bsp_clock_init
                0x001027e8      0x278 ./rzt/fsp/src/bsp/mcu/all/bsp_clocks.o
                0x001027e8                bsp_clock_init
 */fsp/src/bsp/mcu/all/bsp_irq.o(.text*)
 .text.bsp_irq_cfg
                0x00102a60        0x4 ./rzt/fsp/src/bsp/mcu/all/bsp_irq.o
                0x00102a60                bsp_irq_cfg
 */fsp/src/bsp/mcu/all/bsp_semaphore.o(.text*)
 .text.bsp_semaphore_init
                0x00102a64       0x30 ./rzt/fsp/src/bsp/mcu/all/bsp_semaphore.o
                0x00102a64                bsp_semaphore_init
 */fsp/src/bsp/mcu/all/bsp_register_protection.o(.text*)
 .text.R_BSP_RegisterProtectEnable
                0x00102a94       0x60 ./rzt/fsp/src/bsp/mcu/all/bsp_register_protection.o
                0x00102a94                R_BSP_RegisterProtectEnable
 .text.R_BSP_RegisterProtectDisable
                0x00102af4       0x68 ./rzt/fsp/src/bsp/mcu/all/bsp_register_protection.o
                0x00102af4                R_BSP_RegisterProtectDisable
 */fsp/src/bsp/mcu/all/bsp_cache.o(.text*)
 .text.R_BSP_CacheEnableInst
                0x00102b5c       0x18 ./rzt/fsp/src/bsp/mcu/all/bsp_cache.o
                0x00102b5c                R_BSP_CacheEnableInst
 .text.R_BSP_CacheEnableData
                0x00102b74       0x18 ./rzt/fsp/src/bsp/mcu/all/bsp_cache.o
                0x00102b74                R_BSP_CacheEnableData
 .text.R_BSP_CacheEnableMemoryProtect
                0x00102b8c       0x18 ./rzt/fsp/src/bsp/mcu/all/bsp_cache.o
                0x00102b8c                R_BSP_CacheEnableMemoryProtect
 .text.R_BSP_CacheInvalidateAll
                0x00102ba4       0xbc ./rzt/fsp/src/bsp/mcu/all/bsp_cache.o
                0x00102ba4                R_BSP_CacheInvalidateAll
 */fsp/src/bsp/mcu/all/bsp_tzc400.o(.text*)
 */fsp/src/bsp/mcu/all/bsp_address_expander.o(.text*)
 */fsp/src/r_ioport/r_ioport.o(.text*)
 .text.R_IOPORT_PinWrite
                0x00102c60       0x54 ./rzt/fsp/src/r_ioport/r_ioport.o
                0x00102c60                R_IOPORT_PinWrite
 .text.r_ioport_pin_set_safety
                0x00102cb4      0x120 ./rzt/fsp/src/r_ioport/r_ioport.o
 .text.r_ioport_pins_config
                0x00102dd4      0x254 ./rzt/fsp/src/r_ioport/r_ioport.o
 .text.R_IOPORT_Open
                0x00103028      0x30c ./rzt/fsp/src/r_ioport/r_ioport.o
                0x00103028                R_IOPORT_Open
 *(.warm_start)
 .warm_start    0x00103334       0x20 ./src/hal_entry.o
                0x00103334                R_BSP_WarmStart
 *fill*         0x00103354        0x4 
 .warm_start.__stub
                0x00103358        0x8 linker stubs
 *(.loader_user_data*)
                0x00103400                        . = ALIGN (0x200)
 *fill*         0x00103360       0xa0 
                0x00103400                        _loader_text_end = .

.loader_data    0x00103400      0x918 load address 0x60001450
                0x00103400                        _loader_data_start = .
                0x00103400                        __loader_data_start = .
 */fsp/src/bsp/cmsis/Device/RENESAS/Source/*.o(.data*)
 */fsp/src/bsp/cmsis/Device/RENESAS/Source/*/system_core.o(.rodata*)
 .rodata.g_bsp_el1_mpu
                0x00103400       0xc0 ./rzt/fsp/src/bsp/cmsis/Device/RENESAS/Source/cr/system_core.o
 */fsp/src/bsp/mcu/all/*/bsp_irq_core.o(.data*)
 */fsp/src/bsp/mcu/all/bsp_clocks.o(.data*)
 */fsp/src/bsp/mcu/all/bsp_irq.o(.data*)
 */fsp/src/bsp/mcu/all/bsp_semaphore.o(.data*)
 */fsp/src/bsp/mcu/all/bsp_register_protection.o(.data*)
 */fsp/src/bsp/mcu/all/bsp_register_protection.o(.rodata*)
 .rodata.g_prcr_masks
                0x001034c0        0x8 ./rzt/fsp/src/bsp/mcu/all/bsp_register_protection.o
 */fsp/src/bsp/mcu/all/bsp_cache.o(.data*)
 */fsp/src/bsp/mcu/all/bsp_tzc400.o(.data*)
 */fsp/src/bsp/mcu/all/bsp_tzc400.o(.rodata*)
 */fsp/src/bsp/mcu/all/bsp_address_expander.o(.data*)
 */fsp/src/r_ioport/r_ioport.o(.data*)
                0x001034c8                        . = ALIGN (0x8)
                0x001034c8                        __loader_data_end = .
                0x001034c8                        __loader_bss_start = .
 */fsp/src/bsp/cmsis/Device/RENESAS/Source/*.o(.bss*)
 .bss.g_sgi_ppi_vector_table
                0x001034c8       0x80 ./rzt/fsp/src/bsp/cmsis/Device/RENESAS/Source/cr/system_core.o
                0x001034c8                g_sgi_ppi_vector_table
 .bss.SystemCoreClock
                0x00103548        0x4 ./rzt/fsp/src/bsp/cmsis/Device/RENESAS/Source/system.o
                0x00103548                SystemCoreClock
 */fsp/src/bsp/mcu/all/*/bsp_irq_core.o(.bss*)
 .bss.g_current_interrupt_pointer
                0x0010354c        0x1 ./rzt/fsp/src/bsp/mcu/all/cr/bsp_irq_core.o
                0x0010354c                g_current_interrupt_pointer
 *fill*         0x0010354d        0x3 
 .bss.g_current_interrupt_num
                0x00103550       0x40 ./rzt/fsp/src/bsp/mcu/all/cr/bsp_irq_core.o
                0x00103550                g_current_interrupt_num
 .bss.gp_renesas_isr_context
                0x00103590      0x780 ./rzt/fsp/src/bsp/mcu/all/cr/bsp_irq_core.o
                0x00103590                gp_renesas_isr_context
 */fsp/src/bsp/mcu/all/bsp_clocks.o(.bss*)
 */fsp/src/bsp/mcu/all/bsp_irq.o(.bss*)
 */fsp/src/bsp/mcu/all/bsp_semaphore.o(.bss*)
 */fsp/src/bsp/mcu/all/bsp_register_protection.o(.bss*)
 .bss.g_protect_counters
                0x00103d10        0x8 ./rzt/fsp/src/bsp/mcu/all/bsp_register_protection.o
                0x00103d10                g_protect_counters
 */fsp/src/bsp/mcu/all/bsp_cache.o(.bss*)
 */fsp/src/bsp/mcu/all/bsp_tzc400.o(.bss*)
 */fsp/src/bsp/mcu/all/bsp_address_expander.o(.bss*)
 */fsp/src/r_ioport/r_ioport.o(.bss*)
 *(.ttbr)
 */fsp/src/bsp/cmsis/Device/RENESAS/Source/*.o(COMMON)
 */fsp/src/bsp/mcu/all/*/bsp_irq_core.o(COMMON)
 */fsp/src/bsp/mcu/all/bsp_clocks.o(COMMON)
 */fsp/src/bsp/mcu/all/bsp_irq.o(COMMON)
 */fsp/src/bsp/mcu/all/bsp_semaphore.o(COMMON)
 */fsp/src/bsp/mcu/all/bsp_register_protection.o(.COMMON)
 */fsp/src/bsp/mcu/all/bsp_cache.o(COMMON)
 */fsp/src/bsp/mcu/all/bsp_tzc400.o(COMMON)
 */fsp/src/bsp/mcu/all/bsp_address_expander.o(COMMON)
 */fsp/src/r_ioport/r_ioport.o(.COMMON)
                0x00103d18                        . = ALIGN (0x8)
                0x00103d18                        __loader_bss_end = .
                0x00103d18                        _loader_data_end = .

.intvec         0x00000000       0x80 load address 0x60001d68
                0x00000000                        _fvector_start = .
 *(.intvec)
 .intvec        0x00000000       0x40 ./rzt/fsp/src/bsp/cmsis/Device/RENESAS/Source/cr/startup_core.o
                0x00000000                __Vectors
                0x00000080                        . = ALIGN (0x80)
 *fill*         0x00000040       0x40 
 *(.intvec_0x080)
                0x00000080                        . = ALIGN (0x80)
 *(.intvec_0x100)
                0x00000080                        . = ALIGN (0x80)
 *(.intvec_0x180)
                0x00000080                        . = ALIGN (0x80)
 *(.intvec_0x200)
                0x00000080                        . = ALIGN (0x80)
 *(.intvec_0x280)
                0x00000080                        . = ALIGN (0x80)
 *(.intvec_0x300)
                0x00000080                        . = ALIGN (0x80)
 *(.intvec_0x380)
                0x00000080                        . = ALIGN (0x80)
 *(.intvec_0x400)
                0x00000080                        . = ALIGN (0x80)
 *(.intvec_0x480)
                0x00000080                        . = ALIGN (0x80)
 *(.intvec_0x500)
                0x00000080                        . = ALIGN (0x80)
 *(.intvec_0x580)
                0x00000080                        . = ALIGN (0x80)
 *(.intvec_0x600)
                0x00000080                        . = ALIGN (0x80)
 *(.intvec_0x680)
                0x00000080                        . = ALIGN (0x80)
 *(.intvec_0x700)
                0x00000080                        . = ALIGN (0x80)
 *(.intvec_0x780)
                0x00000080                        _fvector_end = .

.image_info     0x00000800        0x0
                0x00000800                        _image_info_start = .
 *(.image_info)
                0x00000800                        _image_info_end = .

.text           0x00000100     0x857c load address 0x60001de8
                0x00000100                        _text_start = .
 *(.text*)
 .text._write   0x00000100       0x34 ./src/hal_entry.o
                0x00000100                _write
 *fill*         0x00000134        0x4 
 .text.hal_entry
                0x00000138      0x200 ./src/hal_entry.o
                0x00000138                hal_entry
 .text.g_timer0CB
                0x00000338       0x14 ./src/hal_entry.o
                0x00000338                g_timer0CB
 .text.shared_memory_callback
                0x0000034c       0x14 ./src/hal_entry.o
                0x0000034c                shared_memory_callback
 .text._getpid  0x00000360        0x4 ./src/syscall.o
                0x00000360                _getpid
 .text._kill    0x00000364       0x14 ./src/syscall.o
                0x00000364                _kill
 .text._exit    0x00000378        0xc ./src/syscall.o
                0x00000378                _exit
 .text._read    0x00000384       0x1c ./src/syscall.o
                0x00000384                _read
 .text._close   0x000003a0        0x8 ./src/syscall.o
                0x000003a0                _close
 .text._fstat   0x000003a8        0xc ./src/syscall.o
                0x000003a8                _fstat
 .text._isatty  0x000003b4        0x4 ./src/syscall.o
                0x000003b4                _isatty
 .text._lseek   0x000003b8        0x4 ./src/syscall.o
                0x000003b8                _lseek
 .text._times   0x000003bc        0x8 ./src/syscall.o
                0x000003bc                _times
 .text.startup.main
                0x000003c4        0xc ./rzt_gen/main.o
                0x000003c4                main
 .text.R_SHARED_MEMORY_Open
                0x000003d0       0xe8 ./rzt/fsp/src/r_shared_memory/r_shared_memory.o
                0x000003d0                R_SHARED_MEMORY_Open
 .text.R_SHARED_MEMORY_StatusGet
                0x000004b8        0xc ./rzt/fsp/src/r_shared_memory/r_shared_memory.o
                0x000004b8                R_SHARED_MEMORY_StatusGet
 .text.R_SHARED_MEMORY_Read
                0x000004c4       0x78 ./rzt/fsp/src/r_shared_memory/r_shared_memory.o
                0x000004c4                R_SHARED_MEMORY_Read
 .text.r_shared_memory_callback
                0x0000053c       0x40 ./rzt/fsp/src/r_shared_memory/r_shared_memory.o
                0x0000053c                r_shared_memory_callback
 .text.r_sci_irq_cfg
                0x0000057c       0xc4 ./rzt/fsp/src/r_sci_uart/r_sci_uart.o
 .text.R_SCI_UART_Open
                0x00000640      0x390 ./rzt/fsp/src/r_sci_uart/r_sci_uart.o
                0x00000640                R_SCI_UART_Open
 .text.sci_uart_txi_isr
                0x000009d0       0xbc ./rzt/fsp/src/r_sci_uart/r_sci_uart.o
                0x000009d0                sci_uart_txi_isr
 .text.sci_uart_rxi_isr
                0x00000a8c       0xbc ./rzt/fsp/src/r_sci_uart/r_sci_uart.o
                0x00000a8c                sci_uart_rxi_isr
 .text.sci_uart_tei_isr
                0x00000b48       0x74 ./rzt/fsp/src/r_sci_uart/r_sci_uart.o
                0x00000b48                sci_uart_tei_isr
 .text.sci_uart_eri_isr
                0x00000bbc       0xa8 ./rzt/fsp/src/r_sci_uart/r_sci_uart.o
                0x00000bbc                sci_uart_eri_isr
 .text.R_ICU_INTER_CPU_IRQ_Open
                0x00000c64       0xf4 ./rzt/fsp/src/r_icu_inter_cpu_irq/r_icu_inter_cpu_irq.o
                0x00000c64                R_ICU_INTER_CPU_IRQ_Open
 .text.R_ICU_INTER_CPU_IRQ_Generate
                0x00000d58       0x34 ./rzt/fsp/src/r_icu_inter_cpu_irq/r_icu_inter_cpu_irq.o
                0x00000d58                R_ICU_INTER_CPU_IRQ_Generate
 .text.R_ICU_INTER_CPU_IRQ_CallbackSet
                0x00000d8c       0x10 ./rzt/fsp/src/r_icu_inter_cpu_irq/r_icu_inter_cpu_irq.o
                0x00000d8c                R_ICU_INTER_CPU_IRQ_CallbackSet
 .text.R_ICU_INTER_CPU_IRQ_Close
                0x00000d9c       0x58 ./rzt/fsp/src/r_icu_inter_cpu_irq/r_icu_inter_cpu_irq.o
                0x00000d9c                R_ICU_INTER_CPU_IRQ_Close
 .text.r_icu_inter_cpu_irq_isr
                0x00000df4       0x54 ./rzt/fsp/src/r_icu_inter_cpu_irq/r_icu_inter_cpu_irq.o
                0x00000df4                r_icu_inter_cpu_irq_isr
 .text.R_GPT_Stop
                0x00000e48        0xc ./rzt/fsp/src/r_gpt/r_gpt.o
                0x00000e48                R_GPT_Stop
 .text.R_GPT_Start
                0x00000e54        0xc ./rzt/fsp/src/r_gpt/r_gpt.o
                0x00000e54                R_GPT_Start
 .text.R_GPT_Reset
                0x00000e60        0xc ./rzt/fsp/src/r_gpt/r_gpt.o
                0x00000e60                R_GPT_Reset
 .text.R_GPT_Enable
                0x00000e6c       0x30 ./rzt/fsp/src/r_gpt/r_gpt.o
                0x00000e6c                R_GPT_Enable
 .text.R_GPT_Disable
                0x00000e9c       0x18 ./rzt/fsp/src/r_gpt/r_gpt.o
                0x00000e9c                R_GPT_Disable
 .text.R_GPT_PeriodSet
                0x00000eb4       0x1c ./rzt/fsp/src/r_gpt/r_gpt.o
                0x00000eb4                R_GPT_PeriodSet
 .text.R_GPT_DutyCycleSet
                0x00000ed0        0x4 ./rzt/fsp/src/r_gpt/r_gpt.o
                0x00000ed0                R_GPT_DutyCycleSet
 .text.R_GPT_InfoGet
                0x00000ed4       0x78 ./rzt/fsp/src/r_gpt/r_gpt.o
                0x00000ed4                R_GPT_InfoGet
 .text.R_GPT_StatusGet
                0x00000f4c       0x14 ./rzt/fsp/src/r_gpt/r_gpt.o
                0x00000f4c                R_GPT_StatusGet
 .text.R_GPT_CallbackSet
                0x00000f60       0x10 ./rzt/fsp/src/r_gpt/r_gpt.o
                0x00000f60                R_GPT_CallbackSet
 .text.r_gpt_enable_irq
                0x00000f70       0x74 ./rzt/fsp/src/r_gpt/r_gpt.o
 .text.R_GPT_Open
                0x00000fe4      0x1f8 ./rzt/fsp/src/r_gpt/r_gpt.o
                0x00000fe4                R_GPT_Open
 .text.R_GPT_Close
                0x000011dc      0x12c ./rzt/fsp/src/r_gpt/r_gpt.o
                0x000011dc                R_GPT_Close
 .text.gpt_counter_overflow_isr
                0x00001308       0x9c ./rzt/fsp/src/r_gpt/r_gpt.o
                0x00001308                gpt_counter_overflow_isr
 .text.r_bsp_software_delay_loop
                0x000013a4        0xc ./rzt/fsp/src/bsp/mcu/all/cr/bsp_delay_core.o
                0x000013a4                r_bsp_software_delay_loop
 .text.R_BSP_SoftwareDelay
                0x000013b0       0x80 ./rzt/fsp/src/bsp/mcu/all/bsp_delay.o
                0x000013b0                R_BSP_SoftwareDelay
 .text.R_BSP_CPUResetRelease
                0x00001430       0x40 ./rzt/fsp/src/bsp/mcu/all/bsp_reset.o
                0x00001430                R_BSP_CPUResetRelease
 .text._sbrk    0x00001470       0x48 ./rzt/fsp/src/bsp/mcu/all/bsp_sbrk.o
                0x00001470                _sbrk
 .text.cmp_complex
                0x000014b8      0x11c ./coremark/core_list_join.o
                0x000014b8                cmp_complex
 .text.core_bench_list
                0x000015d4      0x2f8 ./coremark/core_list_join.o
                0x000015d4                core_bench_list
 .text.core_list_init
                0x000018cc      0x1d8 ./coremark/core_list_join.o
                0x000018cc                core_list_init
 .text.coremain
                0x00001aa4      0x6f8 ./coremark/core_main.o
                0x00001aa4                coremain
 .text.matrix_test
                0x0000219c      0x948 ./coremark/core_matrix.o
                0x0000219c                matrix_test
 .text.core_bench_matrix
                0x00002ae4       0x20 ./coremark/core_matrix.o
                0x00002ae4                core_bench_matrix
 .text.core_init_matrix
                0x00002b04       0xf0 ./coremark/core_matrix.o
                0x00002b04                core_init_matrix
 .text.start_time
                0x00002bf4       0x14 ./coremark/core_portme.o
                0x00002bf4                start_time
 .text.stop_time
                0x00002c08        0x4 ./coremark/core_portme.o
                0x00002c08                stop_time
 .text.get_time
                0x00002c0c        0xc ./coremark/core_portme.o
                0x00002c0c                get_time
 .text.time_in_secs
                0x00002c18       0x20 ./coremark/core_portme.o
                0x00002c18                time_in_secs
 .text.portable_init
                0x00002c38        0x8 ./coremark/core_portme.o
                0x00002c38                portable_init
 .text.portable_fini
                0x00002c40        0x8 ./coremark/core_portme.o
                0x00002c40                portable_fini
 .text.core_init_state
                0x00002c48      0x154 ./coremark/core_state.o
                0x00002c48                core_init_state
 .text.core_state_transition
                0x00002d9c      0x19c ./coremark/core_state.o
                0x00002d9c                core_state_transition
 .text.core_bench_state
                0x00002f38      0x128 ./coremark/core_state.o
                0x00002f38                core_bench_state
 .text.get_seed_32
                0x00003060       0x50 ./coremark/core_util.o
                0x00003060                get_seed_32
 .text.crcu16   0x000030b0      0x11c ./coremark/core_util.o
                0x000030b0                crcu16
 .text.crcu32   0x000031cc      0x258 ./coremark/core_util.o
                0x000031cc                crcu32
 .text.crc16    0x00003424      0x130 ./coremark/core_util.o
                0x00003424                crc16
 .text.check_data_types
                0x00003554        0x4 ./coremark/core_util.o
                0x00003554                check_data_types
 .text          0x00003558       0x30 C:/Program Files (x86)/Arm GNU Toolchain arm-none-eabi/13.2 Rel1/bin/../lib/gcc/arm-none-eabi/13.2.1/thumb/v7+fp/hard\libgcc.a(_aeabi_uldivmod.o)
                0x00003558                __aeabi_uldivmod
 .text.__udivmoddi4
                0x00003588      0x108 C:/Program Files (x86)/Arm GNU Toolchain arm-none-eabi/13.2 Rel1/bin/../lib/gcc/arm-none-eabi/13.2.1/thumb/v7+fp/hard\libgcc.a(_udivmoddi4.o)
                0x00003588                __udivmoddi4
 .text          0x00003690        0x4 C:/Program Files (x86)/Arm GNU Toolchain arm-none-eabi/13.2 Rel1/bin/../lib/gcc/arm-none-eabi/13.2.1/thumb/v7+fp/hard\libgcc.a(_dvmd_tls.o)
                0x00003690                __aeabi_idiv0
                0x00003690                __aeabi_ldiv0
 .text.__assert_func
                0x00003694       0x3c C:/Program Files (x86)/Arm GNU Toolchain arm-none-eabi/13.2 Rel1/bin/../lib/gcc/arm-none-eabi/13.2.1/thumb/v7+fp/hard\libg_nano.a(libc_a-assert.o)
                0x00003694                __assert_func
 .text.malloc   0x000036d0       0x10 C:/Program Files (x86)/Arm GNU Toolchain arm-none-eabi/13.2 Rel1/bin/../lib/gcc/arm-none-eabi/13.2.1/thumb/v7+fp/hard\libg_nano.a(libc_a-malloc.o)
                0x000036d0                malloc
 .text.sbrk_aligned
                0x000036e0       0x44 C:/Program Files (x86)/Arm GNU Toolchain arm-none-eabi/13.2 Rel1/bin/../lib/gcc/arm-none-eabi/13.2.1/thumb/v7+fp/hard\libg_nano.a(libc_a-mallocr.o)
 .text._malloc_r
                0x00003724       0xfc C:/Program Files (x86)/Arm GNU Toolchain arm-none-eabi/13.2 Rel1/bin/../lib/gcc/arm-none-eabi/13.2.1/thumb/v7+fp/hard\libg_nano.a(libc_a-mallocr.o)
                0x00003724                _malloc_r
 .text.__malloc_lock
                0x00003820        0xc C:/Program Files (x86)/Arm GNU Toolchain arm-none-eabi/13.2 Rel1/bin/../lib/gcc/arm-none-eabi/13.2.1/thumb/v7+fp/hard\libg_nano.a(libc_a-mlock.o)
                0x00003820                __malloc_lock
 .text.__malloc_unlock
                0x0000382c        0xc C:/Program Files (x86)/Arm GNU Toolchain arm-none-eabi/13.2 Rel1/bin/../lib/gcc/arm-none-eabi/13.2.1/thumb/v7+fp/hard\libg_nano.a(libc_a-mlock.o)
                0x0000382c                __malloc_unlock
 .text.__cvt    0x00003838       0xa8 C:/Program Files (x86)/Arm GNU Toolchain arm-none-eabi/13.2 Rel1/bin/../lib/gcc/arm-none-eabi/13.2.1/thumb/v7+fp/hard\libg_nano.a(libc_a-nano-vfprintf_float.o)
                0x00003838                __cvt
 .text.__exponent
                0x000038e0       0x84 C:/Program Files (x86)/Arm GNU Toolchain arm-none-eabi/13.2 Rel1/bin/../lib/gcc/arm-none-eabi/13.2.1/thumb/v7+fp/hard\libg_nano.a(libc_a-nano-vfprintf_float.o)
                0x000038e0                __exponent
 *fill*         0x00003964        0x4 
 .text._printf_float
                0x00003968      0x434 C:/Program Files (x86)/Arm GNU Toolchain arm-none-eabi/13.2 Rel1/bin/../lib/gcc/arm-none-eabi/13.2.1/thumb/v7+fp/hard\libg_nano.a(libc_a-nano-vfprintf_float.o)
                0x00003968                _printf_float
 .text._printf_common
                0x00003d9c       0xe4 C:/Program Files (x86)/Arm GNU Toolchain arm-none-eabi/13.2 Rel1/bin/../lib/gcc/arm-none-eabi/13.2.1/thumb/v7+fp/hard\libg_nano.a(libc_a-nano-vfprintf_i.o)
                0x00003d9c                _printf_common
 .text._printf_i
                0x00003e80      0x244 C:/Program Files (x86)/Arm GNU Toolchain arm-none-eabi/13.2 Rel1/bin/../lib/gcc/arm-none-eabi/13.2.1/thumb/v7+fp/hard\libg_nano.a(libc_a-nano-vfprintf_i.o)
                0x00003e80                _printf_i
 .text._scanf_float
                0x000040c4      0x414 C:/Program Files (x86)/Arm GNU Toolchain arm-none-eabi/13.2 Rel1/bin/../lib/gcc/arm-none-eabi/13.2.1/thumb/v7+fp/hard\libg_nano.a(libc_a-nano-vfscanf_float.o)
                0x000040c4                _scanf_float
 .text.fprintf  0x000044d8       0x24 C:/Program Files (x86)/Arm GNU Toolchain arm-none-eabi/13.2 Rel1/bin/../lib/gcc/arm-none-eabi/13.2.1/thumb/v7+fp/hard\libg_nano.a(libc_a-fprintf.o)
                0x000044d8                fiprintf
                0x000044d8                fprintf
 .text.printf   0x000044fc       0x24 C:/Program Files (x86)/Arm GNU Toolchain arm-none-eabi/13.2 Rel1/bin/../lib/gcc/arm-none-eabi/13.2.1/thumb/v7+fp/hard\libg_nano.a(libc_a-printf.o)
                0x000044fc                iprintf
                0x000044fc                printf
 .text.putchar  0x00004520       0x10 C:/Program Files (x86)/Arm GNU Toolchain arm-none-eabi/13.2 Rel1/bin/../lib/gcc/arm-none-eabi/13.2.1/thumb/v7+fp/hard\libg_nano.a(libc_a-putchar.o)
                0x00004520                putchar
 .text._puts_r  0x00004530       0xaa C:/Program Files (x86)/Arm GNU Toolchain arm-none-eabi/13.2 Rel1/bin/../lib/gcc/arm-none-eabi/13.2.1/thumb/v7+fp/hard\libg_nano.a(libc_a-puts.o)
                0x00004530                _puts_r
 *fill*         0x000045da        0x2 
 .text.puts     0x000045dc       0x10 C:/Program Files (x86)/Arm GNU Toolchain arm-none-eabi/13.2 Rel1/bin/../lib/gcc/arm-none-eabi/13.2.1/thumb/v7+fp/hard\libg_nano.a(libc_a-puts.o)
                0x000045dc                puts
 .text.sprintf  0x000045ec       0x40 C:/Program Files (x86)/Arm GNU Toolchain arm-none-eabi/13.2 Rel1/bin/../lib/gcc/arm-none-eabi/13.2.1/thumb/v7+fp/hard\libg_nano.a(libc_a-sprintf.o)
                0x000045ec                siprintf
                0x000045ec                sprintf
 .text.__swbuf_r
                0x0000462c       0x7c C:/Program Files (x86)/Arm GNU Toolchain arm-none-eabi/13.2 Rel1/bin/../lib/gcc/arm-none-eabi/13.2.1/thumb/v7+fp/hard\libg_nano.a(libc_a-wbuf.o)
                0x0000462c                __swbuf_r
 .text.__swsetup_r
                0x000046a8       0xac C:/Program Files (x86)/Arm GNU Toolchain arm-none-eabi/13.2 Rel1/bin/../lib/gcc/arm-none-eabi/13.2.1/thumb/v7+fp/hard\libg_nano.a(libc_a-wsetup.o)
                0x000046a8                __swsetup_r
 .text.memset   0x00004754       0x10 C:/Program Files (x86)/Arm GNU Toolchain arm-none-eabi/13.2 Rel1/bin/../lib/gcc/arm-none-eabi/13.2.1/thumb/v7+fp/hard\libg_nano.a(libc_a-memset.o)
                0x00004754                memset
 .text.clock    0x00004764       0x28 C:/Program Files (x86)/Arm GNU Toolchain arm-none-eabi/13.2 Rel1/bin/../lib/gcc/arm-none-eabi/13.2.1/thumb/v7+fp/hard\libg_nano.a(libc_a-clock.o)
                0x00004764                clock
 .text._localeconv_r
                0x0000478c        0x8 C:/Program Files (x86)/Arm GNU Toolchain arm-none-eabi/13.2 Rel1/bin/../lib/gcc/arm-none-eabi/13.2.1/thumb/v7+fp/hard\libg_nano.a(libc_a-localeconv.o)
                0x0000478c                _localeconv_r
 .text._sbrk_r  0x00004794       0x20 C:/Program Files (x86)/Arm GNU Toolchain arm-none-eabi/13.2 Rel1/bin/../lib/gcc/arm-none-eabi/13.2.1/thumb/v7+fp/hard\libg_nano.a(libc_a-sbrkr.o)
                0x00004794                _sbrk_r
 .text._times_r
                0x000047b4        0x6 C:/Program Files (x86)/Arm GNU Toolchain arm-none-eabi/13.2 Rel1/bin/../lib/gcc/arm-none-eabi/13.2.1/thumb/v7+fp/hard\libg_nano.a(libc_a-timesr.o)
                0x000047b4                _times_r
 *fill*         0x000047ba        0x2 
 .text.__errno  0x000047bc        0xc C:/Program Files (x86)/Arm GNU Toolchain arm-none-eabi/13.2 Rel1/bin/../lib/gcc/arm-none-eabi/13.2.1/thumb/v7+fp/hard\libg_nano.a(libc_a-errno.o)
                0x000047bc                __errno
 .text.__retarget_lock_init_recursive
                0x000047c8        0x2 C:/Program Files (x86)/Arm GNU Toolchain arm-none-eabi/13.2 Rel1/bin/../lib/gcc/arm-none-eabi/13.2.1/thumb/v7+fp/hard\libg_nano.a(libc_a-lock.o)
                0x000047c8                __retarget_lock_init_recursive
 .text.__retarget_lock_acquire_recursive
                0x000047ca        0x2 C:/Program Files (x86)/Arm GNU Toolchain arm-none-eabi/13.2 Rel1/bin/../lib/gcc/arm-none-eabi/13.2.1/thumb/v7+fp/hard\libg_nano.a(libc_a-lock.o)
                0x000047ca                __retarget_lock_acquire_recursive
 .text.__retarget_lock_release_recursive
                0x000047cc        0x2 C:/Program Files (x86)/Arm GNU Toolchain arm-none-eabi/13.2 Rel1/bin/../lib/gcc/arm-none-eabi/13.2.1/thumb/v7+fp/hard\libg_nano.a(libc_a-lock.o)
                0x000047cc                __retarget_lock_release_recursive
 .text.memchr   0x000047ce       0x1c C:/Program Files (x86)/Arm GNU Toolchain arm-none-eabi/13.2 Rel1/bin/../lib/gcc/arm-none-eabi/13.2.1/thumb/v7+fp/hard\libg_nano.a(libc_a-memchr-stub.o)
                0x000047ce                memchr
 .text.memcpy   0x000047ea       0x1a C:/Program Files (x86)/Arm GNU Toolchain arm-none-eabi/13.2 Rel1/bin/../lib/gcc/arm-none-eabi/13.2.1/thumb/v7+fp/hard\libg_nano.a(libc_a-memcpy-stub.o)
                0x000047ea                memcpy
 .text          0x00004804       0x10 C:/Program Files (x86)/Arm GNU Toolchain arm-none-eabi/13.2 Rel1/bin/../lib/gcc/arm-none-eabi/13.2.1/thumb/v7+fp/hard\libg_nano.a(libc_a-strlen.o)
                0x00004804                strlen
 .text.nanf     0x00004814        0xc C:/Program Files (x86)/Arm GNU Toolchain arm-none-eabi/13.2 Rel1/bin/../lib/gcc/arm-none-eabi/13.2.1/thumb/v7+fp/hard\libg_nano.a(libm_a-sf_nan.o)
                0x00004814                nanf
 .text.abort    0x00004820        0xe C:/Program Files (x86)/Arm GNU Toolchain arm-none-eabi/13.2 Rel1/bin/../lib/gcc/arm-none-eabi/13.2.1/thumb/v7+fp/hard\libg_nano.a(libc_a-abort.o)
                0x00004820                abort
 .text.quorem   0x0000482e      0x128 C:/Program Files (x86)/Arm GNU Toolchain arm-none-eabi/13.2 Rel1/bin/../lib/gcc/arm-none-eabi/13.2.1/thumb/v7+fp/hard\libg_nano.a(libc_a-dtoa.o)
 *fill*         0x00004956        0x2 
 .text._dtoa_r  0x00004958      0xa94 C:/Program Files (x86)/Arm GNU Toolchain arm-none-eabi/13.2 Rel1/bin/../lib/gcc/arm-none-eabi/13.2.1/thumb/v7+fp/hard\libg_nano.a(libc_a-dtoa.o)
                0x00004958                _dtoa_r
 .text._free_r  0x000053ec       0x94 C:/Program Files (x86)/Arm GNU Toolchain arm-none-eabi/13.2 Rel1/bin/../lib/gcc/arm-none-eabi/13.2.1/thumb/v7+fp/hard\libg_nano.a(libc_a-freer.o)
                0x000053ec                _free_r
 .text._Balloc  0x00005480       0x80 C:/Program Files (x86)/Arm GNU Toolchain arm-none-eabi/13.2 Rel1/bin/../lib/gcc/arm-none-eabi/13.2.1/thumb/v7+fp/hard\libg_nano.a(libc_a-mprec.o)
                0x00005480                _Balloc
 .text._Bfree   0x00005500       0x44 C:/Program Files (x86)/Arm GNU Toolchain arm-none-eabi/13.2 Rel1/bin/../lib/gcc/arm-none-eabi/13.2.1/thumb/v7+fp/hard\libg_nano.a(libc_a-mprec.o)
                0x00005500                _Bfree
 .text.__multadd
                0x00005544       0x90 C:/Program Files (x86)/Arm GNU Toolchain arm-none-eabi/13.2 Rel1/bin/../lib/gcc/arm-none-eabi/13.2.1/thumb/v7+fp/hard\libg_nano.a(libc_a-mprec.o)
                0x00005544                __multadd
 .text.__s2b    0x000055d4       0x9c C:/Program Files (x86)/Arm GNU Toolchain arm-none-eabi/13.2 Rel1/bin/../lib/gcc/arm-none-eabi/13.2.1/thumb/v7+fp/hard\libg_nano.a(libc_a-mprec.o)
                0x000055d4                __s2b
 .text.__hi0bits
                0x00005670       0x3e C:/Program Files (x86)/Arm GNU Toolchain arm-none-eabi/13.2 Rel1/bin/../lib/gcc/arm-none-eabi/13.2.1/thumb/v7+fp/hard\libg_nano.a(libc_a-mprec.o)
                0x00005670                __hi0bits
 .text.__lo0bits
                0x000056ae       0x58 C:/Program Files (x86)/Arm GNU Toolchain arm-none-eabi/13.2 Rel1/bin/../lib/gcc/arm-none-eabi/13.2.1/thumb/v7+fp/hard\libg_nano.a(libc_a-mprec.o)
                0x000056ae                __lo0bits
 *fill*         0x00005706        0x2 
 .text.__i2b    0x00005708       0x2c C:/Program Files (x86)/Arm GNU Toolchain arm-none-eabi/13.2 Rel1/bin/../lib/gcc/arm-none-eabi/13.2.1/thumb/v7+fp/hard\libg_nano.a(libc_a-mprec.o)
                0x00005708                __i2b
 .text.__multiply
                0x00005734      0x148 C:/Program Files (x86)/Arm GNU Toolchain arm-none-eabi/13.2 Rel1/bin/../lib/gcc/arm-none-eabi/13.2.1/thumb/v7+fp/hard\libg_nano.a(libc_a-mprec.o)
                0x00005734                __multiply
 .text.__pow5mult
                0x0000587c       0xb4 C:/Program Files (x86)/Arm GNU Toolchain arm-none-eabi/13.2 Rel1/bin/../lib/gcc/arm-none-eabi/13.2.1/thumb/v7+fp/hard\libg_nano.a(libc_a-mprec.o)
                0x0000587c                __pow5mult
 .text.__lshift
                0x00005930       0xd8 C:/Program Files (x86)/Arm GNU Toolchain arm-none-eabi/13.2 Rel1/bin/../lib/gcc/arm-none-eabi/13.2.1/thumb/v7+fp/hard\libg_nano.a(libc_a-mprec.o)
                0x00005930                __lshift
 .text.__mcmp   0x00005a08       0x36 C:/Program Files (x86)/Arm GNU Toolchain arm-none-eabi/13.2 Rel1/bin/../lib/gcc/arm-none-eabi/13.2.1/thumb/v7+fp/hard\libg_nano.a(libc_a-mprec.o)
                0x00005a08                __mcmp
 *fill*         0x00005a3e        0x2 
 .text.__mdiff  0x00005a40      0x12c C:/Program Files (x86)/Arm GNU Toolchain arm-none-eabi/13.2 Rel1/bin/../lib/gcc/arm-none-eabi/13.2.1/thumb/v7+fp/hard\libg_nano.a(libc_a-mprec.o)
                0x00005a40                __mdiff
 .text.__ulp    0x00005b6c       0x4c C:/Program Files (x86)/Arm GNU Toolchain arm-none-eabi/13.2 Rel1/bin/../lib/gcc/arm-none-eabi/13.2.1/thumb/v7+fp/hard\libg_nano.a(libc_a-mprec.o)
                0x00005b6c                __ulp
 .text.__b2d    0x00005bb8       0x9c C:/Program Files (x86)/Arm GNU Toolchain arm-none-eabi/13.2 Rel1/bin/../lib/gcc/arm-none-eabi/13.2.1/thumb/v7+fp/hard\libg_nano.a(libc_a-mprec.o)
                0x00005bb8                __b2d
 .text.__d2b    0x00005c54       0xb0 C:/Program Files (x86)/Arm GNU Toolchain arm-none-eabi/13.2 Rel1/bin/../lib/gcc/arm-none-eabi/13.2.1/thumb/v7+fp/hard\libg_nano.a(libc_a-mprec.o)
                0x00005c54                __d2b
 .text.__ratio  0x00005d04       0x60 C:/Program Files (x86)/Arm GNU Toolchain arm-none-eabi/13.2 Rel1/bin/../lib/gcc/arm-none-eabi/13.2.1/thumb/v7+fp/hard\libg_nano.a(libc_a-mprec.o)
                0x00005d04                __ratio
 .text.__copybits
                0x00005d64       0x46 C:/Program Files (x86)/Arm GNU Toolchain arm-none-eabi/13.2 Rel1/bin/../lib/gcc/arm-none-eabi/13.2.1/thumb/v7+fp/hard\libg_nano.a(libc_a-mprec.o)
                0x00005d64                __copybits
 .text.__any_on
                0x00005daa       0x42 C:/Program Files (x86)/Arm GNU Toolchain arm-none-eabi/13.2 Rel1/bin/../lib/gcc/arm-none-eabi/13.2.1/thumb/v7+fp/hard\libg_nano.a(libc_a-mprec.o)
                0x00005daa                __any_on
 .text.sulp     0x00005dec       0x34 C:/Program Files (x86)/Arm GNU Toolchain arm-none-eabi/13.2 Rel1/bin/../lib/gcc/arm-none-eabi/13.2.1/thumb/v7+fp/hard\libg_nano.a(libc_a-strtod.o)
 .text._strtod_l
                0x00005e20      0xb34 C:/Program Files (x86)/Arm GNU Toolchain arm-none-eabi/13.2 Rel1/bin/../lib/gcc/arm-none-eabi/13.2.1/thumb/v7+fp/hard\libg_nano.a(libc_a-strtod.o)
                0x00005e20                _strtod_l
 .text._strtod_r
                0x00006954        0xc C:/Program Files (x86)/Arm GNU Toolchain arm-none-eabi/13.2 Rel1/bin/../lib/gcc/arm-none-eabi/13.2.1/thumb/v7+fp/hard\libg_nano.a(libc_a-strtod.o)
                0x00006954                _strtod_r
 .text._strtol_l.isra.0
                0x00006960       0xfc C:/Program Files (x86)/Arm GNU Toolchain arm-none-eabi/13.2 Rel1/bin/../lib/gcc/arm-none-eabi/13.2.1/thumb/v7+fp/hard\libg_nano.a(libc_a-strtol.o)
 .text._strtol_r
                0x00006a5c        0x4 C:/Program Files (x86)/Arm GNU Toolchain arm-none-eabi/13.2 Rel1/bin/../lib/gcc/arm-none-eabi/13.2.1/thumb/v7+fp/hard\libg_nano.a(libc_a-strtol.o)
                0x00006a5c                _strtol_r
 .text.__ssputs_r
                0x00006a60       0xb6 C:/Program Files (x86)/Arm GNU Toolchain arm-none-eabi/13.2 Rel1/bin/../lib/gcc/arm-none-eabi/13.2.1/thumb/v7+fp/hard\libg_nano.a(libc_a-nano-svfprintf.o)
                0x00006a60                __ssputs_r
 *fill*         0x00006b16        0x2 
 .text._svfprintf_r
                0x00006b18      0x1f8 C:/Program Files (x86)/Arm GNU Toolchain arm-none-eabi/13.2 Rel1/bin/../lib/gcc/arm-none-eabi/13.2.1/thumb/v7+fp/hard\libg_nano.a(libc_a-nano-svfprintf.o)
                0x00006b18                _svfiprintf_r
                0x00006b18                _svfprintf_r
 .text.__sfputc_r
                0x00006d10       0x2e C:/Program Files (x86)/Arm GNU Toolchain arm-none-eabi/13.2 Rel1/bin/../lib/gcc/arm-none-eabi/13.2.1/thumb/v7+fp/hard\libg_nano.a(libc_a-nano-vfprintf.o)
 .text.__sfputs_r
                0x00006d3e       0x24 C:/Program Files (x86)/Arm GNU Toolchain arm-none-eabi/13.2 Rel1/bin/../lib/gcc/arm-none-eabi/13.2.1/thumb/v7+fp/hard\libg_nano.a(libc_a-nano-vfprintf.o)
                0x00006d3e                __sfputs_r
 *fill*         0x00006d62        0x2 
 .text._vfprintf_r
                0x00006d64      0x230 C:/Program Files (x86)/Arm GNU Toolchain arm-none-eabi/13.2 Rel1/bin/../lib/gcc/arm-none-eabi/13.2.1/thumb/v7+fp/hard\libg_nano.a(libc_a-nano-vfprintf.o)
                0x00006d64                _vfprintf_r
                0x00006d64                _vfiprintf_r
 .text.__sflush_r
                0x00006f94      0x108 C:/Program Files (x86)/Arm GNU Toolchain arm-none-eabi/13.2 Rel1/bin/../lib/gcc/arm-none-eabi/13.2.1/thumb/v7+fp/hard\libg_nano.a(libc_a-fflush.o)
                0x00006f94                __sflush_r
 .text._fflush_r
                0x0000709c       0x50 C:/Program Files (x86)/Arm GNU Toolchain arm-none-eabi/13.2 Rel1/bin/../lib/gcc/arm-none-eabi/13.2.1/thumb/v7+fp/hard\libg_nano.a(libc_a-fflush.o)
                0x0000709c                _fflush_r
 .text.std      0x000070ec       0x6c C:/Program Files (x86)/Arm GNU Toolchain arm-none-eabi/13.2 Rel1/bin/../lib/gcc/arm-none-eabi/13.2.1/thumb/v7+fp/hard\libg_nano.a(libc_a-findfp.o)
 .text.stdio_exit_handler
                0x00007158       0x18 C:/Program Files (x86)/Arm GNU Toolchain arm-none-eabi/13.2 Rel1/bin/../lib/gcc/arm-none-eabi/13.2.1/thumb/v7+fp/hard\libg_nano.a(libc_a-findfp.o)
 .text.cleanup_stdio
                0x00007170       0x40 C:/Program Files (x86)/Arm GNU Toolchain arm-none-eabi/13.2 Rel1/bin/../lib/gcc/arm-none-eabi/13.2.1/thumb/v7+fp/hard\libg_nano.a(libc_a-findfp.o)
 .text.global_stdio_init.part.0
                0x000071b0       0x3c C:/Program Files (x86)/Arm GNU Toolchain arm-none-eabi/13.2 Rel1/bin/../lib/gcc/arm-none-eabi/13.2.1/thumb/v7+fp/hard\libg_nano.a(libc_a-findfp.o)
 .text.__sfp_lock_acquire
                0x000071ec        0xc C:/Program Files (x86)/Arm GNU Toolchain arm-none-eabi/13.2 Rel1/bin/../lib/gcc/arm-none-eabi/13.2.1/thumb/v7+fp/hard\libg_nano.a(libc_a-findfp.o)
                0x000071ec                __sfp_lock_acquire
 .text.__sfp_lock_release
                0x000071f8        0xc C:/Program Files (x86)/Arm GNU Toolchain arm-none-eabi/13.2 Rel1/bin/../lib/gcc/arm-none-eabi/13.2.1/thumb/v7+fp/hard\libg_nano.a(libc_a-findfp.o)
                0x000071f8                __sfp_lock_release
 .text.__sinit  0x00007204       0x30 C:/Program Files (x86)/Arm GNU Toolchain arm-none-eabi/13.2 Rel1/bin/../lib/gcc/arm-none-eabi/13.2.1/thumb/v7+fp/hard\libg_nano.a(libc_a-findfp.o)
                0x00007204                __sinit
 .text._fwalk_sglue
                0x00007234       0x3c C:/Program Files (x86)/Arm GNU Toolchain arm-none-eabi/13.2 Rel1/bin/../lib/gcc/arm-none-eabi/13.2.1/thumb/v7+fp/hard\libg_nano.a(libc_a-fwalk.o)
                0x00007234                _fwalk_sglue
 .text.__swhatbuf_r
                0x00007270       0x4a C:/Program Files (x86)/Arm GNU Toolchain arm-none-eabi/13.2 Rel1/bin/../lib/gcc/arm-none-eabi/13.2.1/thumb/v7+fp/hard\libg_nano.a(libc_a-makebuf.o)
                0x00007270                __swhatbuf_r
 .text.__smakebuf_r
                0x000072ba       0x78 C:/Program Files (x86)/Arm GNU Toolchain arm-none-eabi/13.2 Rel1/bin/../lib/gcc/arm-none-eabi/13.2.1/thumb/v7+fp/hard\libg_nano.a(libc_a-makebuf.o)
                0x000072ba                __smakebuf_r
 .text._putc_r  0x00007332       0x68 C:/Program Files (x86)/Arm GNU Toolchain arm-none-eabi/13.2 Rel1/bin/../lib/gcc/arm-none-eabi/13.2.1/thumb/v7+fp/hard\libg_nano.a(libc_a-putc.o)
                0x00007332                _putc_r
 .text.__sread  0x0000739a       0x22 C:/Program Files (x86)/Arm GNU Toolchain arm-none-eabi/13.2 Rel1/bin/../lib/gcc/arm-none-eabi/13.2.1/thumb/v7+fp/hard\libg_nano.a(libc_a-stdio.o)
                0x0000739a                __sread
 .text.__swrite
                0x000073bc       0x38 C:/Program Files (x86)/Arm GNU Toolchain arm-none-eabi/13.2 Rel1/bin/../lib/gcc/arm-none-eabi/13.2.1/thumb/v7+fp/hard\libg_nano.a(libc_a-stdio.o)
                0x000073bc                __swrite
 .text.__sseek  0x000073f4       0x24 C:/Program Files (x86)/Arm GNU Toolchain arm-none-eabi/13.2 Rel1/bin/../lib/gcc/arm-none-eabi/13.2.1/thumb/v7+fp/hard\libg_nano.a(libc_a-stdio.o)
                0x000073f4                __sseek
 .text.__sclose
                0x00007418        0x8 C:/Program Files (x86)/Arm GNU Toolchain arm-none-eabi/13.2 Rel1/bin/../lib/gcc/arm-none-eabi/13.2.1/thumb/v7+fp/hard\libg_nano.a(libc_a-stdio.o)
                0x00007418                __sclose
 .text.memmove  0x00007420       0x34 C:/Program Files (x86)/Arm GNU Toolchain arm-none-eabi/13.2 Rel1/bin/../lib/gcc/arm-none-eabi/13.2.1/thumb/v7+fp/hard\libg_nano.a(libc_a-memmove.o)
                0x00007420                memmove
 .text.strncmp  0x00007454       0x24 C:/Program Files (x86)/Arm GNU Toolchain arm-none-eabi/13.2 Rel1/bin/../lib/gcc/arm-none-eabi/13.2.1/thumb/v7+fp/hard\libg_nano.a(libc_a-strncmp.o)
                0x00007454                strncmp
 .text._raise_r
                0x00007478       0x50 C:/Program Files (x86)/Arm GNU Toolchain arm-none-eabi/13.2 Rel1/bin/../lib/gcc/arm-none-eabi/13.2.1/thumb/v7+fp/hard\libg_nano.a(libc_a-signal.o)
                0x00007478                _raise_r
 .text.raise    0x000074c8       0x10 C:/Program Files (x86)/Arm GNU Toolchain arm-none-eabi/13.2 Rel1/bin/../lib/gcc/arm-none-eabi/13.2.1/thumb/v7+fp/hard\libg_nano.a(libc_a-signal.o)
                0x000074c8                raise
 .text._close_r
                0x000074d8       0x20 C:/Program Files (x86)/Arm GNU Toolchain arm-none-eabi/13.2 Rel1/bin/../lib/gcc/arm-none-eabi/13.2.1/thumb/v7+fp/hard\libg_nano.a(libc_a-closer.o)
                0x000074d8                _close_r
 .text._fstat_r
                0x000074f8       0x24 C:/Program Files (x86)/Arm GNU Toolchain arm-none-eabi/13.2 Rel1/bin/../lib/gcc/arm-none-eabi/13.2.1/thumb/v7+fp/hard\libg_nano.a(libc_a-fstatr.o)
                0x000074f8                _fstat_r
 .text._isatty_r
                0x0000751c       0x20 C:/Program Files (x86)/Arm GNU Toolchain arm-none-eabi/13.2 Rel1/bin/../lib/gcc/arm-none-eabi/13.2.1/thumb/v7+fp/hard\libg_nano.a(libc_a-isattyr.o)
                0x0000751c                _isatty_r
 .text._lseek_r
                0x0000753c       0x24 C:/Program Files (x86)/Arm GNU Toolchain arm-none-eabi/13.2 Rel1/bin/../lib/gcc/arm-none-eabi/13.2.1/thumb/v7+fp/hard\libg_nano.a(libc_a-lseekr.o)
                0x0000753c                _lseek_r
 .text._read_r  0x00007560       0x24 C:/Program Files (x86)/Arm GNU Toolchain arm-none-eabi/13.2 Rel1/bin/../lib/gcc/arm-none-eabi/13.2.1/thumb/v7+fp/hard\libg_nano.a(libc_a-readr.o)
                0x00007560                _read_r
 .text._kill_r  0x00007584       0x24 C:/Program Files (x86)/Arm GNU Toolchain arm-none-eabi/13.2 Rel1/bin/../lib/gcc/arm-none-eabi/13.2.1/thumb/v7+fp/hard\libg_nano.a(libc_a-signalr.o)
                0x00007584                _kill_r
 .text._getpid_r
                0x000075a8        0x4 C:/Program Files (x86)/Arm GNU Toolchain arm-none-eabi/13.2 Rel1/bin/../lib/gcc/arm-none-eabi/13.2.1/thumb/v7+fp/hard\libg_nano.a(libc_a-signalr.o)
                0x000075a8                _getpid_r
 .text._write_r
                0x000075ac       0x24 C:/Program Files (x86)/Arm GNU Toolchain arm-none-eabi/13.2 Rel1/bin/../lib/gcc/arm-none-eabi/13.2.1/thumb/v7+fp/hard\libg_nano.a(libc_a-writer.o)
                0x000075ac                _write_r
 .text.nan      0x000075d0       0x10 C:/Program Files (x86)/Arm GNU Toolchain arm-none-eabi/13.2 Rel1/bin/../lib/gcc/arm-none-eabi/13.2.1/thumb/v7+fp/hard\libg_nano.a(libm_a-s_nan.o)
                0x000075d0                nan
 .text._calloc_r
                0x000075e0       0x28 C:/Program Files (x86)/Arm GNU Toolchain arm-none-eabi/13.2 Rel1/bin/../lib/gcc/arm-none-eabi/13.2.1/thumb/v7+fp/hard\libg_nano.a(libc_a-callocr.o)
                0x000075e0                _calloc_r
 .text.rshift   0x00007608       0x9e C:/Program Files (x86)/Arm GNU Toolchain arm-none-eabi/13.2 Rel1/bin/../lib/gcc/arm-none-eabi/13.2.1/thumb/v7+fp/hard\libg_nano.a(libc_a-gdtoa-gethex.o)
 .text.__hexdig_fun
                0x000076a6       0x2a C:/Program Files (x86)/Arm GNU Toolchain arm-none-eabi/13.2 Rel1/bin/../lib/gcc/arm-none-eabi/13.2.1/thumb/v7+fp/hard\libg_nano.a(libc_a-gdtoa-gethex.o)
                0x000076a6                __hexdig_fun
 .text.__gethex
                0x000076d0      0x41c C:/Program Files (x86)/Arm GNU Toolchain arm-none-eabi/13.2 Rel1/bin/../lib/gcc/arm-none-eabi/13.2.1/thumb/v7+fp/hard\libg_nano.a(libc_a-gdtoa-gethex.o)
                0x000076d0                __gethex
 .text.L_shift  0x00007aec       0x24 C:/Program Files (x86)/Arm GNU Toolchain arm-none-eabi/13.2 Rel1/bin/../lib/gcc/arm-none-eabi/13.2.1/thumb/v7+fp/hard\libg_nano.a(libc_a-gdtoa-hexnan.o)
 .text.__match  0x00007b10       0x28 C:/Program Files (x86)/Arm GNU Toolchain arm-none-eabi/13.2 Rel1/bin/../lib/gcc/arm-none-eabi/13.2.1/thumb/v7+fp/hard\libg_nano.a(libc_a-gdtoa-hexnan.o)
                0x00007b10                __match
 .text.__hexnan
                0x00007b38      0x134 C:/Program Files (x86)/Arm GNU Toolchain arm-none-eabi/13.2 Rel1/bin/../lib/gcc/arm-none-eabi/13.2.1/thumb/v7+fp/hard\libg_nano.a(libc_a-gdtoa-hexnan.o)
                0x00007b38                __hexnan
 .text.__ascii_mbtowc
                0x00007c6c       0x24 C:/Program Files (x86)/Arm GNU Toolchain arm-none-eabi/13.2 Rel1/bin/../lib/gcc/arm-none-eabi/13.2.1/thumb/v7+fp/hard\libg_nano.a(libc_a-mbtowc_r.o)
                0x00007c6c                __ascii_mbtowc
 .text._realloc_r
                0x00007c90       0x5c C:/Program Files (x86)/Arm GNU Toolchain arm-none-eabi/13.2 Rel1/bin/../lib/gcc/arm-none-eabi/13.2.1/thumb/v7+fp/hard\libg_nano.a(libc_a-reallocr.o)
                0x00007c90                _realloc_r
 .text.__ascii_wctomb
                0x00007cec       0x1a C:/Program Files (x86)/Arm GNU Toolchain arm-none-eabi/13.2 Rel1/bin/../lib/gcc/arm-none-eabi/13.2.1/thumb/v7+fp/hard\libg_nano.a(libc_a-wctomb_r.o)
                0x00007cec                __ascii_wctomb
 .text._malloc_usable_size_r
                0x00007d06       0x10 C:/Program Files (x86)/Arm GNU Toolchain arm-none-eabi/13.2 Rel1/bin/../lib/gcc/arm-none-eabi/13.2.1/thumb/v7+fp/hard\libg_nano.a(libc_a-msizer.o)
                0x00007d06                _malloc_usable_size_r
 *fill*         0x00007d16        0x2 
 .text          0x00007d18      0x278 C:/Program Files (x86)/Arm GNU Toolchain arm-none-eabi/13.2 Rel1/bin/../lib/gcc/arm-none-eabi/13.2.1/thumb/v7+fp/hard\libgcc.a(_udivsi3.o)
                0x00007d18                __aeabi_uidiv
                0x00007d18                __udivsi3
                0x00007f74                __aeabi_uidivmod
 .text          0x00007f90      0x2b0 C:/Program Files (x86)/Arm GNU Toolchain arm-none-eabi/13.2 Rel1/bin/../lib/gcc/arm-none-eabi/13.2.1/thumb/v7+fp/hard\libgcc.a(_divsi3.o)
                0x00007f90                __divsi3
                0x00007f90                __aeabi_idiv
                0x00008224                __aeabi_idivmod
 .text          0x00008240      0x378 C:/Program Files (x86)/Arm GNU Toolchain arm-none-eabi/13.2 Rel1/bin/../lib/gcc/arm-none-eabi/13.2.1/thumb/v7+fp/hard\libgcc.a(_arm_addsubdf3.o)
                0x00008240                __aeabi_drsub
                0x00008248                __aeabi_dsub
                0x00008248                __subdf3
                0x0000824c                __aeabi_dadd
                0x0000824c                __adddf3
                0x000084c4                __floatunsidf
                0x000084c4                __aeabi_ui2d
                0x000084e4                __floatsidf
                0x000084e4                __aeabi_i2d
                0x00008508                __aeabi_f2d
                0x00008508                __extendsfdf2
                0x0000854c                __floatundidf
                0x0000854c                __aeabi_ul2d
                0x0000855c                __floatdidf
                0x0000855c                __aeabi_l2d
 .text.__fixdfdi
                0x000085b8       0x30 C:/Program Files (x86)/Arm GNU Toolchain arm-none-eabi/13.2 Rel1/bin/../lib/gcc/arm-none-eabi/13.2.1/thumb/v7+fp/hard\libgcc.a(_fixdfdi.o)
                0x000085b8                __fixdfdi
                0x000085b8                __aeabi_d2lz
 .text.__fixunsdfdi
                0x000085e8       0x40 C:/Program Files (x86)/Arm GNU Toolchain arm-none-eabi/13.2 Rel1/bin/../lib/gcc/arm-none-eabi/13.2.1/thumb/v7+fp/hard\libgcc.a(_fixunsdfdi.o)
                0x000085e8                __fixunsdfdi
                0x000085e8                __aeabi_d2ulz
 *(.reset_handler)
 .reset_handler
                0x00008628       0x2c ./rzt/fsp/src/bsp/cmsis/Device/RENESAS/Source/cr/startup_core.o
                0x00008628                Reset_Handler
 *(.init)
 *(.fini)
 *crtbegin.o(.ctors)
 *crtbegin?.o(.ctors)
 *(EXCLUDE_FILE(*crtend.o *crtend?.o) .ctors)
 *(SORT_BY_NAME(.ctors.*))
 *(.ctors)
                0x00008654                        _ctor_end = .
 *crtbegin.o(.dtors)
 *crtbegin?.o(.dtors)
 *(EXCLUDE_FILE(*crtend.o *crtend?.o) .dtors)
 *(SORT_BY_NAME(.dtors.*))
 *(.dtors)
                0x00008654                        _dtor_end = .
 *(.eh_frame*)
 .eh_frame      0x00008654       0x28 C:/Program Files (x86)/Arm GNU Toolchain arm-none-eabi/13.2 Rel1/bin/../lib/gcc/arm-none-eabi/13.2.1/thumb/v7+fp/hard\libg_nano.a(libc_a-strlen.o)

.glue_7         0x0000867c        0x0 load address 0x6000a364
 .glue_7        0x0000867c        0x0 linker stubs

.glue_7t        0x0000867c        0x0 load address 0x6000a364
 .glue_7t       0x0000867c        0x0 linker stubs

.vfp11_veneer   0x0000867c        0x0 load address 0x6000a364
 .vfp11_veneer  0x0000867c        0x0 linker stubs

.v4_bx          0x0000867c        0x0 load address 0x6000a364
 .v4_bx         0x0000867c        0x0 linker stubs

.iplt           0x0000867c        0x0 load address 0x6000a364
 .iplt          0x0000867c        0x0 ./src/hal_entry.o

.rvectors       0x0000867c        0x0
                0x0000867c                        _rvectors_start = .
 *(.rvectors)
                0x0000867c                        _rvectors_end = .

.ARM.extab
 *(.ARM.extab* .gnu.linkonce.armextab.*)

.ARM.exidx      0x0000867c        0x8 load address 0x6000a364
                0x0000867c                        __exidx_start = .
 *(.ARM.exidx* .gnu.linkonce.armexidx.*)
 .ARM.exidx.text.__udivmoddi4
                0x0000867c        0x8 C:/Program Files (x86)/Arm GNU Toolchain arm-none-eabi/13.2 Rel1/bin/../lib/gcc/arm-none-eabi/13.2.1/thumb/v7+fp/hard\libgcc.a(_udivmoddi4.o)
 .ARM.exidx     0x00008684        0x0 C:/Program Files (x86)/Arm GNU Toolchain arm-none-eabi/13.2 Rel1/bin/../lib/gcc/arm-none-eabi/13.2.1/thumb/v7+fp/hard\libg_nano.a(libc_a-strlen.o)
                                  0x8 (size before relaxing)
                0x00008684                        __exidx_end = .
                0x00008684                        _text_end = .

.data           0x00008684     0x1a84 load address 0x6000a370
                0x00008684                        _data_start = .
 *(vtable)
 *(.data.*)
 .data.g_uart0_baud_setting
                0x00008684        0x4 ./rzt_gen/hal_data.o
                0x00008684                g_uart0_baud_setting
 .data.default_num_contexts
                0x00008688        0x4 ./coremark/core_portme.o
                0x00008688                default_num_contexts
 .data.seed4_volatile
                0x0000868c        0x4 ./coremark/core_portme.o
                0x0000868c                seed4_volatile
 .data.seed3_volatile
                0x00008690        0x4 ./coremark/core_portme.o
                0x00008690                seed3_volatile
 .data._impure_ptr
                0x00008694        0x4 C:/Program Files (x86)/Arm GNU Toolchain arm-none-eabi/13.2 Rel1/bin/../lib/gcc/arm-none-eabi/13.2.1/thumb/v7+fp/hard\libg_nano.a(libc_a-impure.o)
                0x00008694                _impure_ptr
 .data._impure_data
                0x00008698       0x4c C:/Program Files (x86)/Arm GNU Toolchain arm-none-eabi/13.2 Rel1/bin/../lib/gcc/arm-none-eabi/13.2.1/thumb/v7+fp/hard\libg_nano.a(libc_a-impure.o)
                0x00008698                _impure_data
 .data.__sglue  0x000086e4        0xc C:/Program Files (x86)/Arm GNU Toolchain arm-none-eabi/13.2 Rel1/bin/../lib/gcc/arm-none-eabi/13.2.1/thumb/v7+fp/hard\libg_nano.a(libc_a-findfp.o)
                0x000086e4                __sglue
 .data.__global_locale
                0x000086f0      0x16c C:/Program Files (x86)/Arm GNU Toolchain arm-none-eabi/13.2 Rel1/bin/../lib/gcc/arm-none-eabi/13.2.1/thumb/v7+fp/hard\libg_nano.a(libc_a-locale.o)
                0x000086f0                __global_locale
 *(.data)
 *(.rodata*)
 .rodata.hal_entry.str1.4
                0x0000885c      0x5d1 ./src/hal_entry.o
                                 0xf7 (size before relaxing)
 *fill*         0x00008e2d        0x3 
 .rodata.__func__.0
                0x00008e30        0xa ./src/hal_entry.o
 *fill*         0x00008e3a        0x2 
 .rodata.__FUNCTION__.1
                0x00008e3c        0xa ./src/hal_entry.o
 *fill*         0x00008e46        0x2 
 .rodata.g_ioport_cfg_extend
                0x00008e48       0x26 ./rzt_gen/common_data.o
                0x00008e48                g_ioport_cfg_extend
 *fill*         0x00008e6e        0x2 
 .rodata.g_timer0
                0x00008e70        0xc ./rzt_gen/hal_data.o
                0x00008e70                g_timer0
 .rodata.g_timer0_cfg
                0x00008e7c       0x20 ./rzt_gen/hal_data.o
                0x00008e7c                g_timer0_cfg
 .rodata.g_timer0_extend
                0x00008e9c       0x38 ./rzt_gen/hal_data.o
                0x00008e9c                g_timer0_extend
 .rodata.g_uart0_cfg
                0x00008ed4       0x28 ./rzt_gen/hal_data.o
                0x00008ed4                g_uart0_cfg
 .rodata.g_uart0_cfg_extend
                0x00008efc       0x14 ./rzt_gen/hal_data.o
                0x00008efc                g_uart0_cfg_extend
 .rodata.g_shared_memory0_cfg
                0x00008f10       0x18 ./rzt_gen/hal_data.o
                0x00008f10                g_shared_memory0_cfg
 .rodata.g_shared_memory0_ext_cfg
                0x00008f28        0x8 ./rzt_gen/hal_data.o
                0x00008f28                g_shared_memory0_ext_cfg
 .rodata.g_icu_inter_cpu_irq0
                0x00008f30        0xc ./rzt_gen/hal_data.o
                0x00008f30                g_icu_inter_cpu_irq0
 .rodata.g_icu_inter_cpu_irq0_cfg
                0x00008f3c       0x10 ./rzt_gen/hal_data.o
                0x00008f3c                g_icu_inter_cpu_irq0_cfg
 .rodata.g_icu_inter_cpu_irq1
                0x00008f4c        0xc ./rzt_gen/hal_data.o
                0x00008f4c                g_icu_inter_cpu_irq1
 .rodata.g_icu_inter_cpu_irq1_cfg
                0x00008f58       0x10 ./rzt_gen/hal_data.o
                0x00008f58                g_icu_inter_cpu_irq1_cfg
 .rodata.g_bsp_pin_cfg
                0x00008f68        0xc ./rzt_gen/pin_data.o
                0x00008f68                g_bsp_pin_cfg
 .rodata.g_bsp_pin_cfg_data
                0x00008f74      0x3f0 ./rzt_gen/pin_data.o
                0x00008f74                g_bsp_pin_cfg_data
 *fill*         0x00009364        0x4 
 .rodata.g_vector_table
                0x00009368      0x700 ./rzt_gen/vector_data.o
                0x00009368                g_vector_table
 .rodata.g_icu_inter_cpu_irq_on_icu
                0x00009a68       0x10 ./rzt/fsp/src/r_icu_inter_cpu_irq/r_icu_inter_cpu_irq.o
                0x00009a68                g_icu_inter_cpu_irq_on_icu
 .rodata.g_timer_on_gpt
                0x00009a78       0x30 ./rzt/fsp/src/r_gpt/r_gpt.o
                0x00009a78                g_timer_on_gpt
 .rodata.BSP_GICD_ICFGR_INIT
                0x00009aa8       0x70 ./rzt/fsp/src/bsp/mcu/rzt2m/bsp_irq_sense.o
                0x00009aa8                BSP_GICD_ICFGR_INIT
 .rodata.g_bsp_master_mpu6_cfg
                0x00009b18       0x40 ./rzt/fsp/src/bsp/cmsis/Device/RENESAS/Source/system.o
                0x00009b18                g_bsp_master_mpu6_cfg
 .rodata.g_bsp_master_mpu4_cfg
                0x00009b58       0x40 ./rzt/fsp/src/bsp/cmsis/Device/RENESAS/Source/system.o
                0x00009b58                g_bsp_master_mpu4_cfg
 .rodata.g_bsp_master_mpu3_cfg
                0x00009b98       0x40 ./rzt/fsp/src/bsp/cmsis/Device/RENESAS/Source/system.o
                0x00009b98                g_bsp_master_mpu3_cfg
 .rodata.g_bsp_master_mpu2_cfg
                0x00009bd8       0x40 ./rzt/fsp/src/bsp/cmsis/Device/RENESAS/Source/system.o
                0x00009bd8                g_bsp_master_mpu2_cfg
 .rodata.g_bsp_master_mpu1_cfg
                0x00009c18       0x40 ./rzt/fsp/src/bsp/cmsis/Device/RENESAS/Source/system.o
                0x00009c18                g_bsp_master_mpu1_cfg
 .rodata.g_bsp_master_mpu0_cfg
                0x00009c58       0x40 ./rzt/fsp/src/bsp/cmsis/Device/RENESAS/Source/system.o
                0x00009c58                g_bsp_master_mpu0_cfg
 .rodata.coremain.str1.4
                0x00009c98      0x428 ./coremark/core_main.o
 .rodata.str1.4
                0x00009c98       0xad ./coremark/core_state.o
 .rodata.errpat
                0x00009c98       0x10 ./coremark/core_state.o
 .rodata.scipat
                0x00009ca8       0x10 ./coremark/core_state.o
 .rodata.floatpat
                0x00009cb8       0x10 ./coremark/core_state.o
 .rodata.intpat
                0x00009cc8       0x10 ./coremark/core_state.o
 .rodata.__assert_func.str1.1
                0x00009cd8      0x1d9 C:/Program Files (x86)/Arm GNU Toolchain arm-none-eabi/13.2 Rel1/bin/../lib/gcc/arm-none-eabi/13.2.1/thumb/v7+fp/hard\libg_nano.a(libc_a-assert.o)
                                 0x3d (size before relaxing)
 .rodata._printf_float.str1.1
                0x00009eb1       0x12 C:/Program Files (x86)/Arm GNU Toolchain arm-none-eabi/13.2 Rel1/bin/../lib/gcc/arm-none-eabi/13.2.1/thumb/v7+fp/hard\libg_nano.a(libc_a-nano-vfprintf_float.o)
 .rodata._printf_i.str1.1
                0x00009eb1       0x22 C:/Program Files (x86)/Arm GNU Toolchain arm-none-eabi/13.2 Rel1/bin/../lib/gcc/arm-none-eabi/13.2.1/thumb/v7+fp/hard\libg_nano.a(libc_a-nano-vfprintf_i.o)
 .rodata._scanf_float.str1.1
                0x00009eb1        0x6 C:/Program Files (x86)/Arm GNU Toolchain arm-none-eabi/13.2 Rel1/bin/../lib/gcc/arm-none-eabi/13.2.1/thumb/v7+fp/hard\libg_nano.a(libc_a-nano-vfscanf_float.o)
 .rodata._dtoa_r.str1.1
                0x00009eb1       0x90 C:/Program Files (x86)/Arm GNU Toolchain arm-none-eabi/13.2 Rel1/bin/../lib/gcc/arm-none-eabi/13.2.1/thumb/v7+fp/hard\libg_nano.a(libc_a-dtoa.o)
 .rodata._Balloc.str1.1
                0x00009eb1       0x71 C:/Program Files (x86)/Arm GNU Toolchain arm-none-eabi/13.2 Rel1/bin/../lib/gcc/arm-none-eabi/13.2.1/thumb/v7+fp/hard\libg_nano.a(libc_a-mprec.o)
 .rodata.__multadd.str1.1
                0x00009eb1       0x11 C:/Program Files (x86)/Arm GNU Toolchain arm-none-eabi/13.2 Rel1/bin/../lib/gcc/arm-none-eabi/13.2.1/thumb/v7+fp/hard\libg_nano.a(libc_a-mprec.o)
 *fill*         0x00009eb1        0x3 
 .rodata.p05.0  0x00009eb4        0xc C:/Program Files (x86)/Arm GNU Toolchain arm-none-eabi/13.2 Rel1/bin/../lib/gcc/arm-none-eabi/13.2.1/thumb/v7+fp/hard\libg_nano.a(libc_a-mprec.o)
 .rodata.__mprec_bigtens
                0x00009ec0       0x28 C:/Program Files (x86)/Arm GNU Toolchain arm-none-eabi/13.2 Rel1/bin/../lib/gcc/arm-none-eabi/13.2.1/thumb/v7+fp/hard\libg_nano.a(libc_a-mprec.o)
                0x00009ec0                __mprec_bigtens
 .rodata.__mprec_tens
                0x00009ee8       0xc8 C:/Program Files (x86)/Arm GNU Toolchain arm-none-eabi/13.2 Rel1/bin/../lib/gcc/arm-none-eabi/13.2.1/thumb/v7+fp/hard\libg_nano.a(libc_a-mprec.o)
                0x00009ee8                __mprec_tens
 .rodata._strtod_l.str1.1
                0x00009fb0        0xf C:/Program Files (x86)/Arm GNU Toolchain arm-none-eabi/13.2 Rel1/bin/../lib/gcc/arm-none-eabi/13.2.1/thumb/v7+fp/hard\libg_nano.a(libc_a-strtod.o)
 .rodata.fpinan.0
                0x00009fb0       0x14 C:/Program Files (x86)/Arm GNU Toolchain arm-none-eabi/13.2 Rel1/bin/../lib/gcc/arm-none-eabi/13.2.1/thumb/v7+fp/hard\libg_nano.a(libc_a-strtod.o)
 .rodata.fpi.1  0x00009fc4       0x14 C:/Program Files (x86)/Arm GNU Toolchain arm-none-eabi/13.2 Rel1/bin/../lib/gcc/arm-none-eabi/13.2.1/thumb/v7+fp/hard\libg_nano.a(libc_a-strtod.o)
 .rodata.tinytens
                0x00009fd8       0x28 C:/Program Files (x86)/Arm GNU Toolchain arm-none-eabi/13.2 Rel1/bin/../lib/gcc/arm-none-eabi/13.2.1/thumb/v7+fp/hard\libg_nano.a(libc_a-strtod.o)
 .rodata._ctype_
                0x0000a000      0x101 C:/Program Files (x86)/Arm GNU Toolchain arm-none-eabi/13.2 Rel1/bin/../lib/gcc/arm-none-eabi/13.2.1/thumb/v7+fp/hard\libg_nano.a(libc_a-ctype_.o)
                0x0000a000                _ctype_
 .rodata._svfprintf_r.str1.1
                0x0000a101       0x11 C:/Program Files (x86)/Arm GNU Toolchain arm-none-eabi/13.2 Rel1/bin/../lib/gcc/arm-none-eabi/13.2.1/thumb/v7+fp/hard\libg_nano.a(libc_a-nano-svfprintf.o)
 .rodata._vfprintf_r.str1.1
                0x0000a101       0x11 C:/Program Files (x86)/Arm GNU Toolchain arm-none-eabi/13.2 Rel1/bin/../lib/gcc/arm-none-eabi/13.2.1/thumb/v7+fp/hard\libg_nano.a(libc_a-nano-vfprintf.o)
 .rodata._setlocale_r.str1.1
                0x0000a101        0x9 C:/Program Files (x86)/Arm GNU Toolchain arm-none-eabi/13.2 Rel1/bin/../lib/gcc/arm-none-eabi/13.2.1/thumb/v7+fp/hard\libg_nano.a(libc_a-locale.o)
 .rodata.str1.1
                0x0000a101        0x2 C:/Program Files (x86)/Arm GNU Toolchain arm-none-eabi/13.2 Rel1/bin/../lib/gcc/arm-none-eabi/13.2.1/thumb/v7+fp/hard\libg_nano.a(libc_a-locale.o)
 .rodata.__gethex.str1.1
                0x0000a101       0x74 C:/Program Files (x86)/Arm GNU Toolchain arm-none-eabi/13.2 Rel1/bin/../lib/gcc/arm-none-eabi/13.2.1/thumb/v7+fp/hard\libg_nano.a(libc_a-gdtoa-gethex.o)
                0x0000a101                        _erodata = .
                0x0000a178                        . = ALIGN (0x8)
 *fill*         0x0000a101        0x7 
                0x0000a108                        PROVIDE (__preinit_array_start = .)
 *(.preinit_array)
                0x0000a108                        PROVIDE (__preinit_array_end = .)
                0x0000a108                        . = ALIGN (0x8)
                0x0000a108                        PROVIDE (__init_array_start = .)
 *(SORT_BY_NAME(.init_array.*))
 *(.init_array)
                0x0000a108                        PROVIDE (__init_array_end = .)
                0x0000a108                        . = ALIGN (0x8)
                [!provide]                        PROVIDE (__fini_array_start = .)
 *(SORT_BY_NAME(.fini_array.*))
 *(.fini_array)
                [!provide]                        PROVIDE (__fini_array_end = .)
 *(.jcr*)
                0x0000a108                        . = ALIGN (0x8)

.igot.plt       0x0000a108        0x0 load address 0x6000bdf4
 .igot.plt      0x0000a108        0x0 ./src/hal_entry.o

.got            0x0000a108        0x0
 *(.got)
 *(.got.plt)
                0x0000a108                        _data_end = .

.bss            0x0000a108      0x308 load address 0x6000bdf8
                0x0000a108                        . = ALIGN (0x8)
                0x0000a108                        __bss_start__ = .
                0x0000a108                        _bss = .
 *(.bss*)
 .bss.coremarkTick
                0x0000a108        0x4 ./src/hal_entry.o
                0x0000a108                coremarkTick
 .bss.data_receive_flag
                0x0000a10c        0x4 ./src/hal_entry.o
 .bss.receive_buffer
                0x0000a110      0x100 ./src/hal_entry.o
                0x0000a110                receive_buffer
 .bss.g_ioport_ctrl
                0x0000a210        0xc ./rzt_gen/common_data.o
                0x0000a210                g_ioport_ctrl
 .bss.g_timer0_ctrl
                0x0000a21c       0x20 ./rzt_gen/hal_data.o
                0x0000a21c                g_timer0_ctrl
 .bss.g_uart0_ctrl
                0x0000a23c       0x30 ./rzt_gen/hal_data.o
                0x0000a23c                g_uart0_ctrl
 .bss.g_shared_memory0_ctrl
                0x0000a26c       0x18 ./rzt_gen/hal_data.o
                0x0000a26c                g_shared_memory0_ctrl
 .bss.g_icu_inter_cpu_irq0_ctrl
                0x0000a284       0x14 ./rzt_gen/hal_data.o
                0x0000a284                g_icu_inter_cpu_irq0_ctrl
 .bss.g_icu_inter_cpu_irq1_ctrl
                0x0000a298       0x14 ./rzt_gen/hal_data.o
                0x0000a298                g_icu_inter_cpu_irq1_ctrl
 .bss.g_protect_port_counter
                0x0000a2ac        0x4 ./rzt/fsp/src/bsp/mcu/all/bsp_io.o
                0x0000a2ac                g_protect_port_counter
 .bss.current_heap_end.0
                0x0000a2b0        0x4 ./rzt/fsp/src/bsp/mcu/all/bsp_sbrk.o
 .bss.seed5_volatile
                0x0000a2b4        0x4 ./coremark/core_portme.o
                0x0000a2b4                seed5_volatile
 .bss.seed2_volatile
                0x0000a2b8        0x4 ./coremark/core_portme.o
                0x0000a2b8                seed2_volatile
 .bss.seed1_volatile
                0x0000a2bc        0x4 ./coremark/core_portme.o
                0x0000a2bc                seed1_volatile
 .bss.__malloc_sbrk_start
                0x0000a2c0        0x4 C:/Program Files (x86)/Arm GNU Toolchain arm-none-eabi/13.2 Rel1/bin/../lib/gcc/arm-none-eabi/13.2.1/thumb/v7+fp/hard\libg_nano.a(libc_a-mallocr.o)
                0x0000a2c0                __malloc_sbrk_start
 .bss.__malloc_free_list
                0x0000a2c4        0x4 C:/Program Files (x86)/Arm GNU Toolchain arm-none-eabi/13.2 Rel1/bin/../lib/gcc/arm-none-eabi/13.2.1/thumb/v7+fp/hard\libg_nano.a(libc_a-mallocr.o)
                0x0000a2c4                __malloc_free_list
 .bss.__lock___malloc_recursive_mutex
                0x0000a2c8        0x1 C:/Program Files (x86)/Arm GNU Toolchain arm-none-eabi/13.2 Rel1/bin/../lib/gcc/arm-none-eabi/13.2.1/thumb/v7+fp/hard\libg_nano.a(libc_a-lock.o)
                0x0000a2c8                __lock___malloc_recursive_mutex
 .bss.__lock___sfp_recursive_mutex